Archive member included to satisfy reference by file (symbol)

C:/ST/STM32CubeCLT_1.16.0/GNU-tools-for-STM32/bin/../lib/gcc/arm-none-eabi/12.3.1/../../../../arm-none-eabi/lib/thumb/v7e-m+fp/hard\libc_nano.a(libc_a-exit.o)
                              C:/ST/STM32CubeCLT_1.16.0/GNU-tools-for-STM32/bin/../lib/gcc/arm-none-eabi/12.3.1/../../../../arm-none-eabi/lib/thumb/v7e-m+fp/hard/crt0.o (exit)
C:/ST/STM32CubeCLT_1.16.0/GNU-tools-for-STM32/bin/../lib/gcc/arm-none-eabi/12.3.1/../../../../arm-none-eabi/lib/thumb/v7e-m+fp/hard\libc_nano.a(libc_a-findfp.o)
                              C:/ST/STM32CubeCLT_1.16.0/GNU-tools-for-STM32/bin/../lib/gcc/arm-none-eabi/12.3.1/../../../../arm-none-eabi/lib/thumb/v7e-m+fp/hard\libc_nano.a(libc_a-exit.o) (__stdio_exit_handler)
C:/ST/STM32CubeCLT_1.16.0/GNU-tools-for-STM32/bin/../lib/gcc/arm-none-eabi/12.3.1/../../../../arm-none-eabi/lib/thumb/v7e-m+fp/hard\libc_nano.a(libc_a-fwalk.o)
                              C:/ST/STM32CubeCLT_1.16.0/GNU-tools-for-STM32/bin/../lib/gcc/arm-none-eabi/12.3.1/../../../../arm-none-eabi/lib/thumb/v7e-m+fp/hard\libc_nano.a(libc_a-findfp.o) (_fwalk_sglue)
C:/ST/STM32CubeCLT_1.16.0/GNU-tools-for-STM32/bin/../lib/gcc/arm-none-eabi/12.3.1/../../../../arm-none-eabi/lib/thumb/v7e-m+fp/hard\libc_nano.a(libc_a-stdio.o)
                              C:/ST/STM32CubeCLT_1.16.0/GNU-tools-for-STM32/bin/../lib/gcc/arm-none-eabi/12.3.1/../../../../arm-none-eabi/lib/thumb/v7e-m+fp/hard\libc_nano.a(libc_a-findfp.o) (__sread)
C:/ST/STM32CubeCLT_1.16.0/GNU-tools-for-STM32/bin/../lib/gcc/arm-none-eabi/12.3.1/../../../../arm-none-eabi/lib/thumb/v7e-m+fp/hard\libc_nano.a(libc_a-memset.o)
                              C:/ST/STM32CubeCLT_1.16.0/GNU-tools-for-STM32/bin/../lib/gcc/arm-none-eabi/12.3.1/../../../../arm-none-eabi/lib/thumb/v7e-m+fp/hard/crt0.o (memset)
C:/ST/STM32CubeCLT_1.16.0/GNU-tools-for-STM32/bin/../lib/gcc/arm-none-eabi/12.3.1/../../../../arm-none-eabi/lib/thumb/v7e-m+fp/hard\libc_nano.a(libc_a-closer.o)
                              C:/ST/STM32CubeCLT_1.16.0/GNU-tools-for-STM32/bin/../lib/gcc/arm-none-eabi/12.3.1/../../../../arm-none-eabi/lib/thumb/v7e-m+fp/hard\libc_nano.a(libc_a-stdio.o) (_close_r)
C:/ST/STM32CubeCLT_1.16.0/GNU-tools-for-STM32/bin/../lib/gcc/arm-none-eabi/12.3.1/../../../../arm-none-eabi/lib/thumb/v7e-m+fp/hard\libc_nano.a(libc_a-reent.o)
                              C:/ST/STM32CubeCLT_1.16.0/GNU-tools-for-STM32/bin/../lib/gcc/arm-none-eabi/12.3.1/../../../../arm-none-eabi/lib/thumb/v7e-m+fp/hard\libc_nano.a(libc_a-closer.o) (errno)
C:/ST/STM32CubeCLT_1.16.0/GNU-tools-for-STM32/bin/../lib/gcc/arm-none-eabi/12.3.1/../../../../arm-none-eabi/lib/thumb/v7e-m+fp/hard\libc_nano.a(libc_a-impure.o)
                              C:/ST/STM32CubeCLT_1.16.0/GNU-tools-for-STM32/bin/../lib/gcc/arm-none-eabi/12.3.1/../../../../arm-none-eabi/lib/thumb/v7e-m+fp/hard\libc_nano.a(libc_a-reent.o) (_impure_ptr)
C:/ST/STM32CubeCLT_1.16.0/GNU-tools-for-STM32/bin/../lib/gcc/arm-none-eabi/12.3.1/../../../../arm-none-eabi/lib/thumb/v7e-m+fp/hard\libc_nano.a(libc_a-lseekr.o)
                              C:/ST/STM32CubeCLT_1.16.0/GNU-tools-for-STM32/bin/../lib/gcc/arm-none-eabi/12.3.1/../../../../arm-none-eabi/lib/thumb/v7e-m+fp/hard\libc_nano.a(libc_a-stdio.o) (_lseek_r)
C:/ST/STM32CubeCLT_1.16.0/GNU-tools-for-STM32/bin/../lib/gcc/arm-none-eabi/12.3.1/../../../../arm-none-eabi/lib/thumb/v7e-m+fp/hard\libc_nano.a(libc_a-readr.o)
                              C:/ST/STM32CubeCLT_1.16.0/GNU-tools-for-STM32/bin/../lib/gcc/arm-none-eabi/12.3.1/../../../../arm-none-eabi/lib/thumb/v7e-m+fp/hard\libc_nano.a(libc_a-stdio.o) (_read_r)
C:/ST/STM32CubeCLT_1.16.0/GNU-tools-for-STM32/bin/../lib/gcc/arm-none-eabi/12.3.1/../../../../arm-none-eabi/lib/thumb/v7e-m+fp/hard\libc_nano.a(libc_a-writer.o)
                              C:/ST/STM32CubeCLT_1.16.0/GNU-tools-for-STM32/bin/../lib/gcc/arm-none-eabi/12.3.1/../../../../arm-none-eabi/lib/thumb/v7e-m+fp/hard\libc_nano.a(libc_a-stdio.o) (_write_r)
C:/ST/STM32CubeCLT_1.16.0/GNU-tools-for-STM32/bin/../lib/gcc/arm-none-eabi/12.3.1/../../../../arm-none-eabi/lib/thumb/v7e-m+fp/hard\libc_nano.a(libc_a-init.o)
                              C:/ST/STM32CubeCLT_1.16.0/GNU-tools-for-STM32/bin/../lib/gcc/arm-none-eabi/12.3.1/../../../../arm-none-eabi/lib/thumb/v7e-m+fp/hard/crt0.o (__libc_init_array)
C:/ST/STM32CubeCLT_1.16.0/GNU-tools-for-STM32/bin/../lib/gcc/arm-none-eabi/12.3.1/../../../../arm-none-eabi/lib/thumb/v7e-m+fp/hard\libc_nano.a(libc_a-lock.o)
                              C:/ST/STM32CubeCLT_1.16.0/GNU-tools-for-STM32/bin/../lib/gcc/arm-none-eabi/12.3.1/../../../../arm-none-eabi/lib/thumb/v7e-m+fp/hard\libc_nano.a(libc_a-findfp.o) (__retarget_lock_init_recursive)
C:/ST/STM32CubeCLT_1.16.0/GNU-tools-for-STM32/bin/../lib/gcc/arm-none-eabi/12.3.1/../../../../arm-none-eabi/lib/thumb/v7e-m+fp/hard\libc_nano.a(libc_a-freer.o)
[...]
Memory Configuration

Name             Origin             Length             Attributes
RAM              0x20000000         0x00003000         xrw
CCMRAM           0x10000000         0x00001000         xrw
FLASH            0x08000000         0x00010000         xr
*default*        0x00000000         0xffffffff

Linker script and memory map

LOAD C:/ST/STM32CubeCLT_1.16.0/GNU-tools-for-STM32/bin/../lib/gcc/arm-none-eabi/12.3.1/thumb/v7e-m+fp/hard/crti.o
LOAD C:/ST/STM32CubeCLT_1.16.0/GNU-tools-for-STM32/bin/../lib/gcc/arm-none-eabi/12.3.1/thumb/v7e-m+fp/hard/crtbegin.o
LOAD C:/ST/STM32CubeCLT_1.16.0/GNU-tools-for-STM32/bin/../lib/gcc/arm-none-eabi/12.3.1/../../../../arm-none-eabi/lib/thumb/v7e-m+fp/hard/crt0.o
START GROUP
LOAD C:/ST/STM32CubeCLT_1.16.0/GNU-tools-for-STM32/bin/../lib/gcc/arm-none-eabi/12.3.1/../../../../arm-none-eabi/lib/thumb/v7e-m+fp/hard\libc_nano.a
LOAD C:/ST/STM32CubeCLT_1.16.0/GNU-tools-for-STM32/bin/../lib/gcc/arm-none-eabi/12.3.1/../../../../arm-none-eabi/lib/thumb/v7e-m+fp/hard\libm.a
END GROUP
LOAD CMakeFiles/LowPowerComm.dir/Core/RTTViewer/SEGGER_RTT_printf.c.obj
LOAD CMakeFiles/LowPowerComm.dir/Core/RTTViewer/SEGGER_RTT.c.obj
LOAD CMakeFiles/LowPowerComm.dir/Core/OLED/display.c.obj
LOAD CMakeFiles/LowPowerComm.dir/Core/OLED/ssd1306_fonts.c.obj
LOAD CMakeFiles/LowPowerComm.dir/Core/OLED/ssd1306_tests.c.obj
LOAD CMakeFiles/LowPowerComm.dir/Core/OLED/ssd1306.c.obj
LOAD CMakeFiles/LowPowerComm.dir/Core/Sensor/Presence.c.obj
LOAD CMakeFiles/LowPowerComm.dir/Core/RF95/RF95.c.obj
LOAD CMakeFiles/LowPowerComm.dir/Core/Src/main.c.obj
LOAD CMakeFiles/LowPowerComm.dir/Core/Src/gpio.c.obj
LOAD CMakeFiles/LowPowerComm.dir/Core/Src/i2c.c.obj
LOAD CMakeFiles/LowPowerComm.dir/Core/Src/spi.c.obj
LOAD CMakeFiles/LowPowerComm.dir/Core/Src/usart.c.obj
LOAD CMakeFiles/LowPowerComm.dir/Core/Src/stm32f3xx_it.c.obj
LOAD CMakeFiles/LowPowerComm.dir/Core/Src/stm32f3xx_hal_msp.c.obj
LOAD CMakeFiles/LowPowerComm.dir/Core/Src/stm32f3xx_hal_timebase_tim.c.obj
LOAD CMakeFiles/LowPowerComm.dir/Drivers/STM32F3xx_HAL_Driver/Src/stm32f3xx_hal_i2c.c.obj
LOAD CMakeFiles/LowPowerComm.dir/Drivers/STM32F3xx_HAL_Driver/Src/stm32f3xx_hal_i2c_ex.c.obj
LOAD CMakeFiles/LowPowerComm.dir/Drivers/STM32F3xx_HAL_Driver/Src/stm32f3xx_hal.c.obj
LOAD CMakeFiles/LowPowerComm.dir/Drivers/STM32F3xx_HAL_Driver/Src/stm32f3xx_hal_rcc.c.obj
LOAD CMakeFiles/LowPowerComm.dir/Drivers/STM32F3xx_HAL_Driver/Src/stm32f3xx_hal_rcc_ex.c.obj
LOAD CMakeFiles/LowPowerComm.dir/Drivers/STM32F3xx_HAL_Driver/Src/stm32f3xx_hal_gpio.c.obj
LOAD CMakeFiles/LowPowerComm.dir/Drivers/STM32F3xx_HAL_Driver/Src/stm32f3xx_hal_dma.c.obj
LOAD CMakeFiles/LowPowerComm.dir/Drivers/STM32F3xx_HAL_Driver/Src/stm32f3xx_hal_cortex.c.obj
LOAD CMakeFiles/LowPowerComm.dir/Drivers/STM32F3xx_HAL_Driver/Src/stm32f3xx_hal_pwr.c.obj
LOAD CMakeFiles/LowPowerComm.dir/Drivers/STM32F3xx_HAL_Driver/Src/stm32f3xx_hal_pwr_ex.c.obj
LOAD CMakeFiles/LowPowerComm.dir/Drivers/STM32F3xx_HAL_Driver/Src/stm32f3xx_hal_flash.c.obj
LOAD CMakeFiles/LowPowerComm.dir/Drivers/STM32F3xx_HAL_Driver/Src/stm32f3xx_hal_flash_ex.c.obj
LOAD CMakeFiles/LowPowerComm.dir/Drivers/STM32F3xx_HAL_Driver/Src/stm32f3xx_hal_exti.c.obj
LOAD CMakeFiles/LowPowerComm.dir/Drivers/STM32F3xx_HAL_Driver/Src/stm32f3xx_hal_spi.c.obj
LOAD CMakeFiles/LowPowerComm.dir/Drivers/STM32F3xx_HAL_Driver/Src/stm32f3xx_hal_spi_ex.c.obj
LOAD CMakeFiles/LowPowerComm.dir/Drivers/STM32F3xx_HAL_Driver/Src/stm32f3xx_hal_tim.c.obj
LOAD CMakeFiles/LowPowerComm.dir/Drivers/STM32F3xx_HAL_Driver/Src/stm32f3xx_hal_tim_ex.c.obj
LOAD CMakeFiles/LowPowerComm.dir/Drivers/STM32F3xx_HAL_Driver/Src/stm32f3xx_hal_uart.c.obj
LOAD CMakeFiles/LowPowerComm.dir/Drivers/STM32F3xx_HAL_Driver/Src/stm32f3xx_hal_uart_ex.c.obj
LOAD CMakeFiles/LowPowerComm.dir/Core/Src/system_stm32f3xx.c.obj
LOAD CMakeFiles/LowPowerComm.dir/Core/Src/sysmem.c.obj
LOAD CMakeFiles/LowPowerComm.dir/Core/Src/syscalls.c.obj
LOAD CMakeFiles/LowPowerComm.dir/startup_stm32f303x8.s.obj
START GROUP
LOAD C:/ST/STM32CubeCLT_1.16.0/GNU-tools-for-STM32/bin/../lib/gcc/arm-none-eabi/12.3.1/thumb/v7e-m+fp/hard\libgcc.a
LOAD C:/ST/STM32CubeCLT_1.16.0/GNU-tools-for-STM32/bin/../lib/gcc/arm-none-eabi/12.3.1/../../../../arm-none-eabi/lib/thumb/v7e-m+fp/hard\libg_nano.a
LOAD C:/ST/STM32CubeCLT_1.16.0/GNU-tools-for-STM32/bin/../lib/gcc/arm-none-eabi/12.3.1/../../../../arm-none-eabi/lib/thumb/v7e-m+fp/hard\libc_nano.a
END GROUP
START GROUP
LOAD C:/ST/STM32CubeCLT_1.16.0/GNU-tools-for-STM32/bin/../lib/gcc/arm-none-eabi/12.3.1/thumb/v7e-m+fp/hard\libgcc.a
LOAD C:/ST/STM32CubeCLT_1.16.0/GNU-tools-for-STM32/bin/../lib/gcc/arm-none-eabi/12.3.1/../../../../arm-none-eabi/lib/thumb/v7e-m+fp/hard\libc_nano.a
END GROUP
LOAD C:/ST/STM32CubeCLT_1.16.0/GNU-tools-for-STM32/bin/../lib/gcc/arm-none-eabi/12.3.1/thumb/v7e-m+fp/hard/crtend.o
LOAD C:/ST/STM32CubeCLT_1.16.0/GNU-tools-for-STM32/bin/../lib/gcc/arm-none-eabi/12.3.1/thumb/v7e-m+fp/hard/crtn.o
                0x20003000                        _estack = (ORIGIN (RAM) + LENGTH (RAM))
                0x00000200                        _Min_Heap_Size = 0x200
                0x00000400                        _Min_Stack_Size = 0x400

.isr_vector     0x08000000      0x188
                0x08000000                        . = ALIGN (0x4)
 *(.isr_vector)
 .isr_vector    0x08000000      0x188 CMakeFiles/LowPowerComm.dir/startup_stm32f303x8.s.obj
                0x08000000                g_pfnVectors
                0x08000188                        . = ALIGN (0x4)

.text           0x08000188     0x5250
                0x08000188                        . = ALIGN (0x4)
 *(.text)
 .text          0x08000188       0x40 C:/ST/STM32CubeCLT_1.16.0/GNU-tools-for-STM32/bin/../lib/gcc/arm-none-eabi/12.3.1/thumb/v7e-m+fp/hard/crtbegin.o
 .text          0x080001c8      0x378 C:/ST/STM32CubeCLT_1.16.0/GNU-tools-for-STM32/bin/../lib/gcc/arm-none-eabi/12.3.1/thumb/v7e-m+fp/hard\libgcc.a(_arm_addsubdf3.o)
                0x080001c8                __aeabi_drsub
                0x080001d0                __aeabi_dsub
                0x080001d0                __subdf3
                0x080001d4                __aeabi_dadd
                0x080001d4                __adddf3
                0x0800044c                __floatunsidf
                0x0800044c                __aeabi_ui2d
                0x0800046c                __floatsidf
                0x0800046c                __aeabi_i2d
                0x08000490                __aeabi_f2d
                0x08000490                __extendsfdf2
                0x080004d4                __floatundidf
                0x080004d4                __aeabi_ul2d
                0x080004e4                __floatdidf
                0x080004e4                __aeabi_l2d
 .text          0x08000540      0x424 C:/ST/STM32CubeCLT_1.16.0/GNU-tools-for-STM32/bin/../lib/gcc/arm-none-eabi/12.3.1/thumb/v7e-m+fp/hard\libgcc.a(_arm_muldivdf3.o)
                0x08000540                __aeabi_dmul
                0x08000540                __muldf3
                0x08000794                __divdf3
                0x08000794                __aeabi_ddiv
 .text          0x08000964       0x40 C:/ST/STM32CubeCLT_1.16.0/GNU-tools-for-STM32/bin/../lib/gcc/arm-none-eabi/12.3.1/thumb/v7e-m+fp/hard\libgcc.a(_arm_fixunsdfsi.o)
                0x08000964                __aeabi_d2uiz
                0x08000964                __fixunsdfsi
 *(.text*)
 .text.memset   0x080009a4       0x10 C:/ST/STM32CubeCLT_1.16.0/GNU-tools-for-STM32/bin/../lib/gcc/arm-none-eabi/12.3.1/../../../../arm-none-eabi/lib/thumb/v7e-m+fp/hard\libc_nano.a(libc_a-memset.o)
                0x080009a4                memset
 .text.__libc_init_array
                0x080009b4       0x48 C:/ST/STM32CubeCLT_1.16.0/GNU-tools-for-STM32/bin/../lib/gcc/arm-none-eabi/12.3.1/../../../../arm-none-eabi/lib/thumb/v7e-m+fp/hard\libc_nano.a(libc_a-init.o)
                0x080009b4                __libc_init_array
 .text._DoInit  0x080009fc       0xb8 CMakeFiles/LowPowerComm.dir/Core/RTTViewer/SEGGER_RTT.c.obj
 .text._WriteBlocking
                0x08000ab4       0xba CMakeFiles/LowPowerComm.dir/Core/RTTViewer/SEGGER_RTT.c.obj
 .text._WriteNoCheck
                0x08000b6e       0x90 CMakeFiles/LowPowerComm.dir/Core/RTTViewer/SEGGER_RTT.c.obj
 .text._GetAvailWriteSpace
                0x08000bfe       0x46 CMakeFiles/LowPowerComm.dir/Core/RTTViewer/SEGGER_RTT.c.obj
 .text.SEGGER_RTT_ConfigUpBuffer
                0x08000c44       0x94 CMakeFiles/LowPowerComm.dir/Core/RTTViewer/SEGGER_RTT.c.obj
                0x08000c44                SEGGER_RTT_ConfigUpBuffer
 .text.SEGGER_RTT_ConfigDownBuffer
                0x08000cd8       0x98 CMakeFiles/LowPowerComm.dir/Core/RTTViewer/SEGGER_RTT.c.obj
                0x08000cd8                SEGGER_RTT_ConfigDownBuffer
 .text.SEGGER_RTT_Init
                0x08000d70        0xc CMakeFiles/LowPowerComm.dir/Core/RTTViewer/SEGGER_RTT.c.obj
                0x08000d70                SEGGER_RTT_Init
 .text.SEGGER_RTT_SetTerminal
                0x08000d7c       0xb8 CMakeFiles/LowPowerComm.dir/Core/RTTViewer/SEGGER_RTT.c.obj
                0x08000d7c                SEGGER_RTT_SetTerminal
 .text.RF95_write
                0x08000e34       0x64 CMakeFiles/LowPowerComm.dir/Core/RF95/RF95.c.obj
                0x08000e34                RF95_write
 .text.RF95_read
                0x08000e98       0x58 CMakeFiles/LowPowerComm.dir/Core/RF95/RF95.c.obj
                0x08000e98                RF95_read
 .text.RF95_Reset
                0x08000ef0       0x26 CMakeFiles/LowPowerComm.dir/Core/RF95/RF95.c.obj
                0x08000ef0                RF95_Reset
 *fill*         0x08000f16        0x2 
 .text.RF95_Init
                0x08000f18       0x74 CMakeFiles/LowPowerComm.dir/Core/RF95/RF95.c.obj
                0x08000f18                RF95_Init
 .text.RF95_setModemConfig
                0x08000f8c       0x60 CMakeFiles/LowPowerComm.dir/Core/RF95/RF95.c.obj
                0x08000f8c                RF95_setModemConfig
 .text.RF95_setPreambleLength
                0x08000fec       0x2e CMakeFiles/LowPowerComm.dir/Core/RF95/RF95.c.obj
                0x08000fec                RF95_setPreambleLength
 *fill*         0x0800101a        0x6 
 .text.RF95_setFrequency
                0x08001020       0xa4 CMakeFiles/LowPowerComm.dir/Core/RF95/RF95.c.obj
                0x08001020                RF95_setFrequency
 .text.RF95_setTxPower
                0x080010c4       0xa4 CMakeFiles/LowPowerComm.dir/Core/RF95/RF95.c.obj
                0x080010c4                RF95_setTxPower
 .text.RF95_setModeIdle
                0x08001168       0x54 CMakeFiles/LowPowerComm.dir/Core/RF95/RF95.c.obj
                0x08001168                RF95_setModeIdle
 .text.RF95_sleep
                0x080011bc       0x50 CMakeFiles/LowPowerComm.dir/Core/RF95/RF95.c.obj
                0x080011bc                RF95_sleep
 .text.main     0x0800120c       0x6c CMakeFiles/LowPowerComm.dir/Core/Src/main.c.obj
                0x0800120c                main
 .text.SystemClock_Config
                0x08001278       0xb0 CMakeFiles/LowPowerComm.dir/Core/Src/main.c.obj
                0x08001278                SystemClock_Config
 .text.HAL_TIM_PeriodElapsedCallback
                0x08001328       0x24 CMakeFiles/LowPowerComm.dir/Core/Src/main.c.obj
                0x08001328                HAL_TIM_PeriodElapsedCallback
 .text.Error_Handler
                0x0800134c        0xc CMakeFiles/LowPowerComm.dir/Core/Src/main.c.obj
                0x0800134c                Error_Handler
 .text.MX_GPIO_Init
                0x08001358       0xdc CMakeFiles/LowPowerComm.dir/Core/Src/gpio.c.obj
                0x08001358                MX_GPIO_Init
 .text.MX_I2C1_Init
                0x08001434       0x90 CMakeFiles/LowPowerComm.dir/Core/Src/i2c.c.obj
                0x08001434                MX_I2C1_Init
 .text.HAL_I2C_MspInit
                0x080014c4       0x98 CMakeFiles/LowPowerComm.dir/Core/Src/i2c.c.obj
                0x080014c4                HAL_I2C_MspInit
 .text.MX_SPI1_Init
                0x0800155c       0x7c CMakeFiles/LowPowerComm.dir/Core/Src/spi.c.obj
                0x0800155c                MX_SPI1_Init
 .text.HAL_SPI_MspInit
                0x080015d8       0x84 CMakeFiles/LowPowerComm.dir/Core/Src/spi.c.obj
                0x080015d8                HAL_SPI_MspInit
 .text.MX_USART2_UART_Init
                0x0800165c       0x60 CMakeFiles/LowPowerComm.dir/Core/Src/usart.c.obj
                0x0800165c                MX_USART2_UART_Init
 .text.HAL_UART_MspInit
                0x080016bc       0x88 CMakeFiles/LowPowerComm.dir/Core/Src/usart.c.obj
                0x080016bc                HAL_UART_MspInit
 .text.NMI_Handler
                0x08001744        0x8 CMakeFiles/LowPowerComm.dir/Core/Src/stm32f3xx_it.c.obj
                0x08001744                NMI_Handler
 .text.HardFault_Handler
                0x0800174c        0x8 CMakeFiles/LowPowerComm.dir/Core/Src/stm32f3xx_it.c.obj
                0x0800174c                HardFault_Handler
 .text.MemManage_Handler
                0x08001754        0x8 CMakeFiles/LowPowerComm.dir/Core/Src/stm32f3xx_it.c.obj
                0x08001754                MemManage_Handler
 .text.BusFault_Handler
                0x0800175c        0x8 CMakeFiles/LowPowerComm.dir/Core/Src/stm32f3xx_it.c.obj
                0x0800175c                BusFault_Handler
 .text.UsageFault_Handler
                0x08001764        0x8 CMakeFiles/LowPowerComm.dir/Core/Src/stm32f3xx_it.c.obj
                0x08001764                UsageFault_Handler
 .text.SVC_Handler
                0x0800176c        0xe CMakeFiles/LowPowerComm.dir/Core/Src/stm32f3xx_it.c.obj
                0x0800176c                SVC_Handler
 .text.DebugMon_Handler
                0x0800177a        0xe CMakeFiles/LowPowerComm.dir/Core/Src/stm32f3xx_it.c.obj
                0x0800177a                DebugMon_Handler
 .text.PendSV_Handler
                0x08001788        0xe CMakeFiles/LowPowerComm.dir/Core/Src/stm32f3xx_it.c.obj
                0x08001788                PendSV_Handler
 .text.SysTick_Handler
                0x08001796        0xe CMakeFiles/LowPowerComm.dir/Core/Src/stm32f3xx_it.c.obj
                0x08001796                SysTick_Handler
 .text.TIM1_UP_TIM16_IRQHandler
                0x080017a4       0x14 CMakeFiles/LowPowerComm.dir/Core/Src/stm32f3xx_it.c.obj
                0x080017a4                TIM1_UP_TIM16_IRQHandler
 .text.HAL_MspInit
                0x080017b8       0x48 CMakeFiles/LowPowerComm.dir/Core/Src/stm32f3xx_hal_msp.c.obj
                0x080017b8                HAL_MspInit
 .text.HAL_InitTick
                0x08001800       0xe0 CMakeFiles/LowPowerComm.dir/Core/Src/stm32f3xx_hal_timebase_tim.c.obj
                0x08001800                HAL_InitTick
 .text.HAL_I2C_Init
                0x080018e0      0x136 CMakeFiles/LowPowerComm.dir/Drivers/STM32F3xx_HAL_Driver/Src/stm32f3xx_hal_i2c.c.obj
                0x080018e0                HAL_I2C_Init
 .text.HAL_I2CEx_ConfigAnalogFilter
                0x08001a16       0x96 CMakeFiles/LowPowerComm.dir/Drivers/STM32F3xx_HAL_Driver/Src/stm32f3xx_hal_i2c_ex.c.obj
                0x08001a16                HAL_I2CEx_ConfigAnalogFilter
 .text.HAL_I2CEx_ConfigDigitalFilter
                0x08001aac       0x98 CMakeFiles/LowPowerComm.dir/Drivers/STM32F3xx_HAL_Driver/Src/stm32f3xx_hal_i2c_ex.c.obj
                0x08001aac                HAL_I2CEx_ConfigDigitalFilter
 .text.HAL_I2CEx_EnableFastModePlus
                0x08001b44       0x40 CMakeFiles/LowPowerComm.dir/Drivers/STM32F3xx_HAL_Driver/Src/stm32f3xx_hal_i2c_ex.c.obj
                0x08001b44                HAL_I2CEx_EnableFastModePlus
 .text.HAL_Init
                0x08001b84       0x2c CMakeFiles/LowPowerComm.dir/Drivers/STM32F3xx_HAL_Driver/Src/stm32f3xx_hal.c.obj
                0x08001b84                HAL_Init
 .text.HAL_IncTick
                0x08001bb0       0x28 CMakeFiles/LowPowerComm.dir/Drivers/STM32F3xx_HAL_Driver/Src/stm32f3xx_hal.c.obj
                0x08001bb0                HAL_IncTick
 .text.HAL_GetTick
                0x08001bd8       0x18 CMakeFiles/LowPowerComm.dir/Drivers/STM32F3xx_HAL_Driver/Src/stm32f3xx_hal.c.obj
                0x08001bd8                HAL_GetTick
 .text.HAL_Delay
                0x08001bf0       0x48 CMakeFiles/LowPowerComm.dir/Drivers/STM32F3xx_HAL_Driver/Src/stm32f3xx_hal.c.obj
                0x08001bf0                HAL_Delay
 .text.HAL_RCC_OscConfig
                0x08001c38     0x107c CMakeFiles/LowPowerComm.dir/Drivers/STM32F3xx_HAL_Driver/Src/stm32f3xx_hal_rcc.c.obj
                0x08001c38                HAL_RCC_OscConfig
 .text.HAL_RCC_ClockConfig
                0x08002cb4      0x2f8 CMakeFiles/LowPowerComm.dir/Drivers/STM32F3xx_HAL_Driver/Src/stm32f3xx_hal_rcc.c.obj
                0x08002cb4                HAL_RCC_ClockConfig
 .text.HAL_RCC_GetSysClockFreq
                0x08002fac       0xa8 CMakeFiles/LowPowerComm.dir/Drivers/STM32F3xx_HAL_Driver/Src/stm32f3xx_hal_rcc.c.obj
                0x08002fac                HAL_RCC_GetSysClockFreq
 .text.HAL_RCC_GetHCLKFreq
                0x08003054       0x18 CMakeFiles/LowPowerComm.dir/Drivers/STM32F3xx_HAL_Driver/Src/stm32f3xx_hal_rcc.c.obj
                0x08003054                HAL_RCC_GetHCLKFreq
 .text.HAL_RCC_GetPCLK1Freq
                0x0800306c       0x44 CMakeFiles/LowPowerComm.dir/Drivers/STM32F3xx_HAL_Driver/Src/stm32f3xx_hal_rcc.c.obj
                0x0800306c                HAL_RCC_GetPCLK1Freq
 .text.HAL_RCC_GetPCLK2Freq
                0x080030b0       0x44 CMakeFiles/LowPowerComm.dir/Drivers/STM32F3xx_HAL_Driver/Src/stm32f3xx_hal_rcc.c.obj
                0x080030b0                HAL_RCC_GetPCLK2Freq
 .text.HAL_RCC_GetClockConfig
                0x080030f4       0x64 CMakeFiles/LowPowerComm.dir/Drivers/STM32F3xx_HAL_Driver/Src/stm32f3xx_hal_rcc.c.obj
                0x080030f4                HAL_RCC_GetClockConfig
 .text.HAL_RCCEx_PeriphCLKConfig
                0x08003158      0x24c CMakeFiles/LowPowerComm.dir/Drivers/STM32F3xx_HAL_Driver/Src/stm32f3xx_hal_rcc_ex.c.obj
                0x08003158                HAL_RCCEx_PeriphCLKConfig
 .text.HAL_GPIO_Init
                0x080033a4      0x2e4 CMakeFiles/LowPowerComm.dir/Drivers/STM32F3xx_HAL_Driver/Src/stm32f3xx_hal_gpio.c.obj
                0x080033a4                HAL_GPIO_Init
 .text.HAL_GPIO_WritePin
                0x08003688       0x30 CMakeFiles/LowPowerComm.dir/Drivers/STM32F3xx_HAL_Driver/Src/stm32f3xx_hal_gpio.c.obj
                0x08003688                HAL_GPIO_WritePin
 .text.__NVIC_SetPriorityGrouping
                0x080036b8       0x48 CMakeFiles/LowPowerComm.dir/Drivers/STM32F3xx_HAL_Driver/Src/stm32f3xx_hal_cortex.c.obj
 .text.__NVIC_GetPriorityGrouping
                0x08003700       0x1c CMakeFiles/LowPowerComm.dir/Drivers/STM32F3xx_HAL_Driver/Src/stm32f3xx_hal_cortex.c.obj
 .text.__NVIC_EnableIRQ
                0x0800371c       0x3c CMakeFiles/LowPowerComm.dir/Drivers/STM32F3xx_HAL_Driver/Src/stm32f3xx_hal_cortex.c.obj
 .text.__NVIC_SetPriority
                0x08003758       0x54 CMakeFiles/LowPowerComm.dir/Drivers/STM32F3xx_HAL_Driver/Src/stm32f3xx_hal_cortex.c.obj
 .text.NVIC_EncodePriority
                0x080037ac       0x66 CMakeFiles/LowPowerComm.dir/Drivers/STM32F3xx_HAL_Driver/Src/stm32f3xx_hal_cortex.c.obj
 .text.HAL_NVIC_SetPriorityGrouping
                0x08003812       0x16 CMakeFiles/LowPowerComm.dir/Drivers/STM32F3xx_HAL_Driver/Src/stm32f3xx_hal_cortex.c.obj
                0x08003812                HAL_NVIC_SetPriorityGrouping
 .text.HAL_NVIC_SetPriority
                0x08003828       0x38 CMakeFiles/LowPowerComm.dir/Drivers/STM32F3xx_HAL_Driver/Src/stm32f3xx_hal_cortex.c.obj
                0x08003828                HAL_NVIC_SetPriority
 .text.HAL_NVIC_EnableIRQ
                0x08003860       0x1c CMakeFiles/LowPowerComm.dir/Drivers/STM32F3xx_HAL_Driver/Src/stm32f3xx_hal_cortex.c.obj
                0x08003860                HAL_NVIC_EnableIRQ
 .text.HAL_SPI_Init
                0x0800387c      0x146 CMakeFiles/LowPowerComm.dir/Drivers/STM32F3xx_HAL_Driver/Src/stm32f3xx_hal_spi.c.obj
                0x0800387c                HAL_SPI_Init
 .text.HAL_SPI_Transmit
                0x080039c2      0x2ea CMakeFiles/LowPowerComm.dir/Drivers/STM32F3xx_HAL_Driver/Src/stm32f3xx_hal_spi.c.obj
                0x080039c2                HAL_SPI_Transmit
 .text.HAL_SPI_Receive
                0x08003cac      0x26e CMakeFiles/LowPowerComm.dir/Drivers/STM32F3xx_HAL_Driver/Src/stm32f3xx_hal_spi.c.obj
                0x08003cac                HAL_SPI_Receive
 .text.HAL_SPI_TransmitReceive
                0x08003f1a      0x444 CMakeFiles/LowPowerComm.dir/Drivers/STM32F3xx_HAL_Driver/Src/stm32f3xx_hal_spi.c.obj
                0x08003f1a                HAL_SPI_TransmitReceive
 *fill*         0x0800435e        0x2 
 .text.SPI_WaitFlagStateUntilTimeout
                0x08004360      0x110 CMakeFiles/LowPowerComm.dir/Drivers/STM32F3xx_HAL_Driver/Src/stm32f3xx_hal_spi.c.obj
 .text.SPI_WaitFifoStateUntilTimeout
                0x08004470      0x12c CMakeFiles/LowPowerComm.dir/Drivers/STM32F3xx_HAL_Driver/Src/stm32f3xx_hal_spi.c.obj
 .text.SPI_EndRxTransaction
                0x0800459c       0xb0 CMakeFiles/LowPowerComm.dir/Drivers/STM32F3xx_HAL_Driver/Src/stm32f3xx_hal_spi.c.obj
 .text.SPI_EndRxTxTransaction
                0x0800464c       0x8c CMakeFiles/LowPowerComm.dir/Drivers/STM32F3xx_HAL_Driver/Src/stm32f3xx_hal_spi.c.obj
 .text.HAL_TIM_Base_Init
                0x080046d8       0xae CMakeFiles/LowPowerComm.dir/Drivers/STM32F3xx_HAL_Driver/Src/stm32f3xx_hal_tim.c.obj
                0x080046d8                HAL_TIM_Base_Init
 .text.HAL_TIM_Base_MspInit
                0x08004786       0x14 CMakeFiles/LowPowerComm.dir/Drivers/STM32F3xx_HAL_Driver/Src/stm32f3xx_hal_tim.c.obj
                0x08004786                HAL_TIM_Base_MspInit
 *fill*         0x0800479a        0x2 
 .text.HAL_TIM_Base_Start_IT
                0x0800479c       0xb8 CMakeFiles/LowPowerComm.dir/Drivers/STM32F3xx_HAL_Driver/Src/stm32f3xx_hal_tim.c.obj
                0x0800479c                HAL_TIM_Base_Start_IT
 .text.HAL_TIM_IRQHandler
                0x08004854      0x204 CMakeFiles/LowPowerComm.dir/Drivers/STM32F3xx_HAL_Driver/Src/stm32f3xx_hal_tim.c.obj
                0x08004854                HAL_TIM_IRQHandler
 .text.HAL_TIM_OC_DelayElapsedCallback
                0x08004a58       0x14 CMakeFiles/LowPowerComm.dir/Drivers/STM32F3xx_HAL_Driver/Src/stm32f3xx_hal_tim.c.obj
                0x08004a58                HAL_TIM_OC_DelayElapsedCallback
 .text.HAL_TIM_IC_CaptureCallback
                0x08004a6c       0x14 CMakeFiles/LowPowerComm.dir/Drivers/STM32F3xx_HAL_Driver/Src/stm32f3xx_hal_tim.c.obj
                0x08004a6c                HAL_TIM_IC_CaptureCallback
 .text.HAL_TIM_PWM_PulseFinishedCallback
                0x08004a80       0x14 CMakeFiles/LowPowerComm.dir/Drivers/STM32F3xx_HAL_Driver/Src/stm32f3xx_hal_tim.c.obj
                0x08004a80                HAL_TIM_PWM_PulseFinishedCallback
 .text.HAL_TIM_TriggerCallback
                0x08004a94       0x14 CMakeFiles/LowPowerComm.dir/Drivers/STM32F3xx_HAL_Driver/Src/stm32f3xx_hal_tim.c.obj
                0x08004a94                HAL_TIM_TriggerCallback
 .text.TIM_Base_SetConfig
                0x08004aa8      0x108 CMakeFiles/LowPowerComm.dir/Drivers/STM32F3xx_HAL_Driver/Src/stm32f3xx_hal_tim.c.obj
                0x08004aa8                TIM_Base_SetConfig
 .text.HAL_TIMEx_CommutCallback
                0x08004bb0       0x14 CMakeFiles/LowPowerComm.dir/Drivers/STM32F3xx_HAL_Driver/Src/stm32f3xx_hal_tim_ex.c.obj
                0x08004bb0                HAL_TIMEx_CommutCallback
 .text.HAL_TIMEx_BreakCallback
                0x08004bc4       0x14 CMakeFiles/LowPowerComm.dir/Drivers/STM32F3xx_HAL_Driver/Src/stm32f3xx_hal_tim_ex.c.obj
                0x08004bc4                HAL_TIMEx_BreakCallback
 .text.HAL_TIMEx_Break2Callback
                0x08004bd8       0x14 CMakeFiles/LowPowerComm.dir/Drivers/STM32F3xx_HAL_Driver/Src/stm32f3xx_hal_tim_ex.c.obj
                0x08004bd8                HAL_TIMEx_Break2Callback
 .text.HAL_UART_Init
                0x08004bec       0x9c CMakeFiles/LowPowerComm.dir/Drivers/STM32F3xx_HAL_Driver/Src/stm32f3xx_hal_uart.c.obj
                0x08004bec                HAL_UART_Init
 .text.UART_SetConfig
                0x08004c88      0x26c CMakeFiles/LowPowerComm.dir/Drivers/STM32F3xx_HAL_Driver/Src/stm32f3xx_hal_uart.c.obj
                0x08004c88                UART_SetConfig
 .text.UART_AdvFeatureConfig
                0x08004ef4      0x144 CMakeFiles/LowPowerComm.dir/Drivers/STM32F3xx_HAL_Driver/Src/stm32f3xx_hal_uart.c.obj
                0x08004ef4                UART_AdvFeatureConfig
 .text.UART_CheckIdleState
                0x08005038      0x150 CMakeFiles/LowPowerComm.dir/Drivers/STM32F3xx_HAL_Driver/Src/stm32f3xx_hal_uart.c.obj
                0x08005038                UART_CheckIdleState
 .text.UART_WaitOnFlagUntilTimeout
                0x08005188       0xda CMakeFiles/LowPowerComm.dir/Drivers/STM32F3xx_HAL_Driver/Src/stm32f3xx_hal_uart.c.obj
                0x08005188                UART_WaitOnFlagUntilTimeout
 .text.UART_EndRxTransfer
                0x08005262       0xc8 CMakeFiles/LowPowerComm.dir/Drivers/STM32F3xx_HAL_Driver/Src/stm32f3xx_hal_uart.c.obj
 *fill*         0x0800532a        0x2 
 .text.SystemInit
                0x0800532c       0x24 CMakeFiles/LowPowerComm.dir/Core/Src/system_stm32f3xx.c.obj
                0x0800532c                SystemInit
 .text.Reset_Handler
                0x08005350       0x50 CMakeFiles/LowPowerComm.dir/startup_stm32f303x8.s.obj
                0x08005350                Reset_Handler
 .text.Default_Handler
                0x080053a0        0x2 CMakeFiles/LowPowerComm.dir/startup_stm32f303x8.s.obj
                0x080053a0                RTC_Alarm_IRQHandler
                0x080053a0                TIM1_CC_IRQHandler
                0x080053a0                PVD_IRQHandler
                0x080053a0                TAMP_STAMP_IRQHandler
                0x080053a0                EXTI3_IRQHandler
                0x080053a0                EXTI0_IRQHandler
                0x080053a0                FPU_IRQHandler
                0x080053a0                CAN_TX_IRQHandler
                0x080053a0                ADC1_2_IRQHandler
                0x080053a0                SPI1_IRQHandler
                0x080053a0                CAN_SCE_IRQHandler
                0x080053a0                DMA1_Channel4_IRQHandler
                0x080053a0                USART3_IRQHandler
                0x080053a0                DMA1_Channel7_IRQHandler
                0x080053a0                TIM7_DAC2_IRQHandler
                0x080053a0                CAN_RX1_IRQHandler
                0x080053a0                I2C1_EV_IRQHandler
                0x080053a0                DMA1_Channel6_IRQHandler
                0x080053a0                TIM3_IRQHandler
                0x080053a0                RCC_IRQHandler
                0x080053a0                DMA1_Channel1_IRQHandler
                0x080053a0                Default_Handler
                0x080053a0                EXTI15_10_IRQHandler
                0x080053a0                COMP2_IRQHandler
                0x080053a0                TIM6_DAC1_IRQHandler
                0x080053a0                EXTI9_5_IRQHandler
                0x080053a0                RTC_WKUP_IRQHandler
                0x080053a0                DMA1_Channel5_IRQHandler
                0x080053a0                EXTI4_IRQHandler
                0x080053a0                TIM1_TRG_COM_TIM17_IRQHandler
                0x080053a0                DMA1_Channel3_IRQHandler
                0x080053a0                WWDG_IRQHandler
                0x080053a0                TIM2_IRQHandler
                0x080053a0                EXTI1_IRQHandler
                0x080053a0                COMP4_6_IRQHandler
                0x080053a0                USART2_IRQHandler
                0x080053a0                DMA1_Channel2_IRQHandler
                0x080053a0                FLASH_IRQHandler
                0x080053a0                USART1_IRQHandler
                0x080053a0                CAN_RX0_IRQHandler
                0x080053a0                I2C1_ER_IRQHandler
                0x080053a0                EXTI2_TSC_IRQHandler
                0x080053a0                TIM1_BRK_TIM15_IRQHandler
 .text.memcpy   0x080053a2       0x1c C:/ST/STM32CubeCLT_1.16.0/GNU-tools-for-STM32/bin/../lib/gcc/arm-none-eabi/12.3.1/../../../../arm-none-eabi/lib/thumb/v7e-m+fp/hard\libg_nano.a(libc_a-memcpy-stub.o)
                0x080053a2                memcpy
 *(.glue_7)
 .glue_7        0x080053be        0x0 linker stubs
 *(.glue_7t)
 .glue_7t       0x080053be        0x0 linker stubs
 *(.eh_frame)
 *fill*         0x080053be        0x2 
 .eh_frame      0x080053c0        0x0 C:/ST/STM32CubeCLT_1.16.0/GNU-tools-for-STM32/bin/../lib/gcc/arm-none-eabi/12.3.1/thumb/v7e-m+fp/hard/crtbegin.o
 *(.init)
 .init          0x080053c0        0x4 C:/ST/STM32CubeCLT_1.16.0/GNU-tools-for-STM32/bin/../lib/gcc/arm-none-eabi/12.3.1/thumb/v7e-m+fp/hard/crti.o
                0x080053c0                _init
 .init          0x080053c4        0x8 C:/ST/STM32CubeCLT_1.16.0/GNU-tools-for-STM32/bin/../lib/gcc/arm-none-eabi/12.3.1/thumb/v7e-m+fp/hard/crtn.o
 *(.fini)
 .fini          0x080053cc        0x4 C:/ST/STM32CubeCLT_1.16.0/GNU-tools-for-STM32/bin/../lib/gcc/arm-none-eabi/12.3.1/thumb/v7e-m+fp/hard/crti.o
                0x080053cc                _fini
 .fini          0x080053d0        0x8 C:/ST/STM32CubeCLT_1.16.0/GNU-tools-for-STM32/bin/../lib/gcc/arm-none-eabi/12.3.1/thumb/v7e-m+fp/hard/crtn.o
                0x080053d8                        . = ALIGN (0x4)
                0x080053d8                        _etext = .

.vfp11_veneer   0x080053d8        0x0
 .vfp11_veneer  0x080053d8        0x0 linker stubs

.v4_bx          0x080053d8        0x0
 .v4_bx         0x080053d8        0x0 linker stubs

.iplt           0x080053d8        0x0
 .iplt          0x080053d8        0x0 C:/ST/STM32CubeCLT_1.16.0/GNU-tools-for-STM32/bin/../lib/gcc/arm-none-eabi/12.3.1/thumb/v7e-m+fp/hard/crtbegin.o

.rodata         0x080053d8       0x78
                0x080053d8                        . = ALIGN (0x4)
 *(.rodata)
 .rodata        0x080053d8        0x9 CMakeFiles/LowPowerComm.dir/Core/RTTViewer/SEGGER_RTT.c.obj
 *fill*         0x080053e1        0x3 
 .rodata        0x080053e4       0x10 CMakeFiles/LowPowerComm.dir/Core/Src/main.c.obj
 *(.rodata*)
 .rodata._aTerminalId
                0x080053f4       0x10 CMakeFiles/LowPowerComm.dir/Core/RTTViewer/SEGGER_RTT.c.obj
 .rodata._aInitStr.0
                0x08005404       0x11 CMakeFiles/LowPowerComm.dir/Core/RTTViewer/SEGGER_RTT.c.obj
 *fill*         0x08005415        0x3 
 .rodata.aPLLMULFactorTable
                0x08005418       0x10 CMakeFiles/LowPowerComm.dir/Drivers/STM32F3xx_HAL_Driver/Src/stm32f3xx_hal_rcc.c.obj
 .rodata.aPredivFactorTable
                0x08005428       0x10 CMakeFiles/LowPowerComm.dir/Drivers/STM32F3xx_HAL_Driver/Src/stm32f3xx_hal_rcc.c.obj
 .rodata.AHBPrescTable
                0x08005438       0x10 CMakeFiles/LowPowerComm.dir/Core/Src/system_stm32f3xx.c.obj
                0x08005438                AHBPrescTable
 .rodata.APBPrescTable
                0x08005448        0x8 CMakeFiles/LowPowerComm.dir/Core/Src/system_stm32f3xx.c.obj
                0x08005448                APBPrescTable
                0x08005450                        . = ALIGN (0x4)

.rel.dyn        0x08005450        0x0
 .rel.iplt      0x08005450        0x0 C:/ST/STM32CubeCLT_1.16.0/GNU-tools-for-STM32/bin/../lib/gcc/arm-none-eabi/12.3.1/thumb/v7e-m+fp/hard/crtbegin.o

.ARM.extab
 *(.ARM.extab* .gnu.linkonce.armextab.*)

.ARM            0x08005450        0x0
                0x08005450                        __exidx_start = .
 *(.ARM.exidx*)
                0x08005450                        __exidx_end = .

.preinit_array  0x08005450        0x0
                0x08005450                        PROVIDE (__preinit_array_start = .)
 *(.preinit_array*)
                0x08005450                        PROVIDE (__preinit_array_end = .)

.init_array     0x08005450        0x4
                0x08005450                        PROVIDE (__init_array_start = .)
 *(SORT_BY_NAME(.init_array.*))
 *(.init_array*)
 .init_array    0x08005450        0x4 C:/ST/STM32CubeCLT_1.16.0/GNU-tools-for-STM32/bin/../lib/gcc/arm-none-eabi/12.3.1/thumb/v7e-m+fp/hard/crtbegin.o
                0x08005454                        PROVIDE (__init_array_end = .)

.fini_array     0x08005454        0x4
                [!provide]                        PROVIDE (__fini_array_start = .)
 *(SORT_BY_NAME(.fini_array.*))
 *(.fini_array*)
 .fini_array    0x08005454        0x4 C:/ST/STM32CubeCLT_1.16.0/GNU-tools-for-STM32/bin/../lib/gcc/arm-none-eabi/12.3.1/thumb/v7e-m+fp/hard/crtbegin.o
                [!provide]                        PROVIDE (__fini_array_end = .)
                0x08005458                        _sidata = LOADADDR (.data)

.data           0x20000000       0x1c load address 0x08005458
                0x20000000                        . = ALIGN (0x4)
                0x20000000                        _sdata = .
 *(.data)
 *(.data*)
 .data.MODEM_CONFIG_TABLE
                0x20000000        0xf CMakeFiles/LowPowerComm.dir/Core/RF95/RF95.c.obj
                0x20000000                MODEM_CONFIG_TABLE
 *fill*         0x2000000f        0x1 
 .data.uwTickPrio
                0x20000010        0x4 CMakeFiles/LowPowerComm.dir/Drivers/STM32F3xx_HAL_Driver/Src/stm32f3xx_hal.c.obj
                0x20000010                uwTickPrio
 .data.uwTickFreq
                0x20000014        0x1 CMakeFiles/LowPowerComm.dir/Drivers/STM32F3xx_HAL_Driver/Src/stm32f3xx_hal.c.obj
                0x20000014                uwTickFreq
 *fill*         0x20000015        0x3 
 .data.SystemCoreClock
                0x20000018        0x4 CMakeFiles/LowPowerComm.dir/Core/Src/system_stm32f3xx.c.obj
                0x20000018                SystemCoreClock
                0x2000001c                        . = ALIGN (0x4)
                0x2000001c                        _edata = .
                0x08005474                        _siccmram = LOADADDR (.ccmram)

.igot.plt       0x2000001c        0x0 load address 0x08005474
 .igot.plt      0x2000001c        0x0 C:/ST/STM32CubeCLT_1.16.0/GNU-tools-for-STM32/bin/../lib/gcc/arm-none-eabi/12.3.1/thumb/v7e-m+fp/hard/crtbegin.o

.ccmram         0x10000000        0x0 load address 0x08005474
                0x10000000                        . = ALIGN (0x4)
                0x10000000                        _sccmram = .
 *(.ccmram)
 *(.ccmram*)
                0x10000000                        . = ALIGN (0x4)
                0x10000000                        _eccmram = .
                0x10000000                        . = ALIGN (0x4)

.bss            0x2000001c      0xa5c
                0x2000001c                        _sbss = .
                0x2000001c                        __bss_start__ = _sbss
 *(.bss)
 .bss           0x2000001c       0x1c C:/ST/STM32CubeCLT_1.16.0/GNU-tools-for-STM32/bin/../lib/gcc/arm-none-eabi/12.3.1/thumb/v7e-m+fp/hard/crtbegin.o
 *(.bss*)
 .bss._SEGGER_RTT
                0x20000038       0xa8 CMakeFiles/LowPowerComm.dir/Core/RTTViewer/SEGGER_RTT.c.obj
                0x20000038                _SEGGER_RTT
 .bss._acUpBuffer
                0x200000e0      0x400 CMakeFiles/LowPowerComm.dir/Core/RTTViewer/SEGGER_RTT.c.obj
 .bss._acDownBuffer
                0x200004e0      0x400 CMakeFiles/LowPowerComm.dir/Core/RTTViewer/SEGGER_RTT.c.obj
 .bss._ActiveTerminal
                0x200008e0        0x1 CMakeFiles/LowPowerComm.dir/Core/RTTViewer/SEGGER_RTT.c.obj
 .bss._mode     0x200008e1        0x1 CMakeFiles/LowPowerComm.dir/Core/RF95/RF95.c.obj
                0x200008e1                _mode
 .bss.err       0x200008e2        0x1 CMakeFiles/LowPowerComm.dir/Core/RF95/RF95.c.obj
                0x200008e2                err
 .bss.rbuff     0x200008e3        0x1 CMakeFiles/LowPowerComm.dir/Core/RF95/RF95.c.obj
                0x200008e3                rbuff
 .bss.aux       0x200008e4        0x1 CMakeFiles/LowPowerComm.dir/Core/RF95/RF95.c.obj
                0x200008e4                aux
 *fill*         0x200008e5        0x3 
 .bss.hi2c1     0x200008e8       0x54 CMakeFiles/LowPowerComm.dir/Core/Src/i2c.c.obj
                0x200008e8                hi2c1
 .bss.hspi1     0x2000093c       0x64 CMakeFiles/LowPowerComm.dir/Core/Src/spi.c.obj
                0x2000093c                hspi1
 .bss.huart2    0x200009a0       0x88 CMakeFiles/LowPowerComm.dir/Core/Src/usart.c.obj
                0x200009a0                huart2
 .bss.htim1     0x20000a28       0x4c CMakeFiles/LowPowerComm.dir/Core/Src/stm32f3xx_hal_timebase_tim.c.obj
                0x20000a28                htim1
 .bss.uwTick    0x20000a74        0x4 CMakeFiles/LowPowerComm.dir/Drivers/STM32F3xx_HAL_Driver/Src/stm32f3xx_hal.c.obj
                0x20000a74                uwTick
 *(COMMON)
                0x20000a78                        . = ALIGN (0x4)
                0x20000a78                        _ebss = .
                0x20000a78                        __bss_end__ = _ebss

._user_heap_stack
                0x20000a78      0x600
                0x20000a78                        . = ALIGN (0x8)
                [!provide]                        PROVIDE (end = .)
                0x20000a78                        PROVIDE (_end = .)
                0x20000c78                        . = (. + _Min_Heap_Size)
 *fill*         0x20000a78      0x200 
                0x20001078                        . = (. + _Min_Stack_Size)
 *fill*         0x20000c78      0x400 
                0x20001078                        . = ALIGN (0x8)

/DISCARD/
 libc.a(*)
 libm.a(*)
 libgcc.a(*)

.ARM.attributes
                0x00000000       0x30
 *(.ARM.attributes)
 .ARM.attributes
                0x00000000       0x22 C:/ST/STM32CubeCLT_1.16.0/GNU-tools-for-STM32/bin/../lib/gcc/arm-none-eabi/12.3.1/thumb/v7e-m+fp/hard/crti.o
 .ARM.attributes
                0x00000022       0x34 C:/ST/STM32CubeCLT_1.16.0/GNU-tools-for-STM32/bin/../lib/gcc/arm-none-eabi/12.3.1/thumb/v7e-m+fp/hard/crtbegin.o
 .ARM.attributes
                0x00000056       0x34 C:/ST/STM32CubeCLT_1.16.0/GNU-tools-for-STM32/bin/../lib/gcc/arm-none-eabi/12.3.1/../../../../arm-none-eabi/lib/thumb/v7e-m+fp/hard\libc_nano.a(libc_a-memset.o)
 .ARM.attributes
                0x0000008a       0x34 C:/ST/STM32CubeCLT_1.16.0/GNU-tools-for-STM32/bin/../lib/gcc/arm-none-eabi/12.3.1/../../../../arm-none-eabi/lib/thumb/v7e-m+fp/hard\libc_nano.a(libc_a-init.o)
 .ARM.attributes
                0x000000be       0x34 CMakeFiles/LowPowerComm.dir/Core/RTTViewer/SEGGER_RTT.c.obj
 .ARM.attributes
                0x000000f2       0x34 CMakeFiles/LowPowerComm.dir/Core/RF95/RF95.c.obj
 .ARM.attributes
                0x00000126       0x34 CMakeFiles/LowPowerComm.dir/Core/Src/main.c.obj
 .ARM.attributes
                0x0000015a       0x34 CMakeFiles/LowPowerComm.dir/Core/Src/gpio.c.obj
 .ARM.attributes
                0x0000018e       0x34 CMakeFiles/LowPowerComm.dir/Core/Src/i2c.c.obj
 .ARM.attributes
                0x000001c2       0x34 CMakeFiles/LowPowerComm.dir/Core/Src/spi.c.obj
 .ARM.attributes
                0x000001f6       0x34 CMakeFiles/LowPowerComm.dir/Core/Src/usart.c.obj
 .ARM.attributes
                0x0000022a       0x34 CMakeFiles/LowPowerComm.dir/Core/Src/stm32f3xx_it.c.obj
 .ARM.attributes
                0x0000025e       0x34 CMakeFiles/LowPowerComm.dir/Core/Src/stm32f3xx_hal_msp.c.obj
 .ARM.attributes
                0x00000292       0x34 CMakeFiles/LowPowerComm.dir/Core/Src/stm32f3xx_hal_timebase_tim.c.obj
 .ARM.attributes
                0x000002c6       0x34 CMakeFiles/LowPowerComm.dir/Drivers/STM32F3xx_HAL_Driver/Src/stm32f3xx_hal_i2c.c.obj
 .ARM.attributes
                0x000002fa       0x34 CMakeFiles/LowPowerComm.dir/Drivers/STM32F3xx_HAL_Driver/Src/stm32f3xx_hal_i2c_ex.c.obj
 .ARM.attributes
                0x0000032e       0x34 CMakeFiles/LowPowerComm.dir/Drivers/STM32F3xx_HAL_Driver/Src/stm32f3xx_hal.c.obj
 .ARM.attributes
                0x00000362       0x34 CMakeFiles/LowPowerComm.dir/Drivers/STM32F3xx_HAL_Driver/Src/stm32f3xx_hal_rcc.c.obj
 .ARM.attributes
                0x00000396       0x34 CMakeFiles/LowPowerComm.dir/Drivers/STM32F3xx_HAL_Driver/Src/stm32f3xx_hal_rcc_ex.c.obj
 .ARM.attributes
                0x000003ca       0x34 CMakeFiles/LowPowerComm.dir/Drivers/STM32F3xx_HAL_Driver/Src/stm32f3xx_hal_gpio.c.obj
 .ARM.attributes
                0x000003fe       0x34 CMakeFiles/LowPowerComm.dir/Drivers/STM32F3xx_HAL_Driver/Src/stm32f3xx_hal_cortex.c.obj
 .ARM.attributes
                0x00000432       0x34 CMakeFiles/LowPowerComm.dir/Drivers/STM32F3xx_HAL_Driver/Src/stm32f3xx_hal_spi.c.obj
 .ARM.attributes
                0x00000466       0x34 CMakeFiles/LowPowerComm.dir/Drivers/STM32F3xx_HAL_Driver/Src/stm32f3xx_hal_tim.c.obj
 .ARM.attributes
                0x0000049a       0x34 CMakeFiles/LowPowerComm.dir/Drivers/STM32F3xx_HAL_Driver/Src/stm32f3xx_hal_tim_ex.c.obj
 .ARM.attributes
                0x000004ce       0x34 CMakeFiles/LowPowerComm.dir/Drivers/STM32F3xx_HAL_Driver/Src/stm32f3xx_hal_uart.c.obj
 .ARM.attributes
                0x00000502       0x34 CMakeFiles/LowPowerComm.dir/Core/Src/system_stm32f3xx.c.obj
 .ARM.attributes
                0x00000536       0x21 CMakeFiles/LowPowerComm.dir/startup_stm32f303x8.s.obj
 .ARM.attributes
                0x00000557       0x22 C:/ST/STM32CubeCLT_1.16.0/GNU-tools-for-STM32/bin/../lib/gcc/arm-none-eabi/12.3.1/thumb/v7e-m+fp/hard\libgcc.a(_arm_addsubdf3.o)
 .ARM.attributes
                0x00000579       0x22 C:/ST/STM32CubeCLT_1.16.0/GNU-tools-for-STM32/bin/../lib/gcc/arm-none-eabi/12.3.1/thumb/v7e-m+fp/hard\libgcc.a(_arm_muldivdf3.o)
 .ARM.attributes
                0x0000059b       0x22 C:/ST/STM32CubeCLT_1.16.0/GNU-tools-for-STM32/bin/../lib/gcc/arm-none-eabi/12.3.1/thumb/v7e-m+fp/hard\libgcc.a(_arm_fixunsdfsi.o)
 .ARM.attributes
                0x000005bd       0x34 C:/ST/STM32CubeCLT_1.16.0/GNU-tools-for-STM32/bin/../lib/gcc/arm-none-eabi/12.3.1/../../../../arm-none-eabi/lib/thumb/v7e-m+fp/hard\libg_nano.a(libc_a-memcpy-stub.o)
 .ARM.attributes
                0x000005f1       0x22 C:/ST/STM32CubeCLT_1.16.0/GNU-tools-for-STM32/bin/../lib/gcc/arm-none-eabi/12.3.1/thumb/v7e-m+fp/hard/crtn.o
OUTPUT(LowPowerComm.elf elf32-littlearm)
LOAD linker stubs
LOAD C:/ST/STM32CubeCLT_1.16.0/GNU-tools-for-STM32/bin/../lib/gcc/arm-none-eabi/12.3.1/../../../../arm-none-eabi/lib/thumb/v7e-m+fp/hard\libc.a
LOAD C:/ST/STM32CubeCLT_1.16.0/GNU-tools-for-STM32/bin/../lib/gcc/arm-none-eabi/12.3.1/../../../../arm-none-eabi/lib/thumb/v7e-m+fp/hard\libm.a
LOAD C:/ST/STM32CubeCLT_1.16.0/GNU-tools-for-STM32/bin/../lib/gcc/arm-none-eabi/12.3.1/thumb/v7e-m+fp/hard\libgcc.a

.debug_frame    0x00000000     0x54c0
 .debug_frame   0x00000000       0x20 C:/ST/STM32CubeCLT_1.16.0/GNU-tools-for-STM32/bin/../lib/gcc/arm-none-eabi/12.3.1/../../../../arm-none-eabi/lib/thumb/v7e-m+fp/hard\libc_nano.a(libc_a-memset.o)
 .debug_frame   0x00000020       0x2c C:/ST/STM32CubeCLT_1.16.0/GNU-tools-for-STM32/bin/../lib/gcc/arm-none-eabi/12.3.1/../../../../arm-none-eabi/lib/thumb/v7e-m+fp/hard\libc_nano.a(libc_a-init.o)
 .debug_frame   0x0000004c      0x52c CMakeFiles/LowPowerComm.dir/Core/RTTViewer/SEGGER_RTT.c.obj
 .debug_frame   0x00000578      0x5dc CMakeFiles/LowPowerComm.dir/Core/RF95/RF95.c.obj
 .debug_frame   0x00000b54       0x90 CMakeFiles/LowPowerComm.dir/Core/Src/main.c.obj
 .debug_frame   0x00000be4       0x34 CMakeFiles/LowPowerComm.dir/Core/Src/gpio.c.obj
 .debug_frame   0x00000c18       0x74 CMakeFiles/LowPowerComm.dir/Core/Src/i2c.c.obj
 .debug_frame   0x00000c8c       0x74 CMakeFiles/LowPowerComm.dir/Core/Src/spi.c.obj
 .debug_frame   0x00000d00       0xc8 CMakeFiles/LowPowerComm.dir/Core/Src/usart.c.obj
 .debug_frame   0x00000dc8      0x124 CMakeFiles/LowPowerComm.dir/Core/Src/stm32f3xx_it.c.obj
 .debug_frame   0x00000eec       0x38 CMakeFiles/LowPowerComm.dir/Core/Src/stm32f3xx_hal_msp.c.obj
 .debug_frame   0x00000f24       0x74 CMakeFiles/LowPowerComm.dir/Core/Src/stm32f3xx_hal_timebase_tim.c.obj
 .debug_frame   0x00000f98      0xc38 CMakeFiles/LowPowerComm.dir/Drivers/STM32F3xx_HAL_Driver/Src/stm32f3xx_hal_i2c.c.obj
 .debug_frame   0x00001bd0      0x100 CMakeFiles/LowPowerComm.dir/Drivers/STM32F3xx_HAL_Driver/Src/stm32f3xx_hal_i2c_ex.c.obj
 .debug_frame   0x00001cd0      0x334 CMakeFiles/LowPowerComm.dir/Drivers/STM32F3xx_HAL_Driver/Src/stm32f3xx_hal.c.obj
 .debug_frame   0x00002004      0x214 CMakeFiles/LowPowerComm.dir/Drivers/STM32F3xx_HAL_Driver/Src/stm32f3xx_hal_rcc.c.obj
 .debug_frame   0x00002218       0xac CMakeFiles/LowPowerComm.dir/Drivers/STM32F3xx_HAL_Driver/Src/stm32f3xx_hal_rcc_ex.c.obj
 .debug_frame   0x000022c4      0x14c CMakeFiles/LowPowerComm.dir/Drivers/STM32F3xx_HAL_Driver/Src/stm32f3xx_hal_gpio.c.obj
 .debug_frame   0x00002410      0x428 CMakeFiles/LowPowerComm.dir/Drivers/STM32F3xx_HAL_Driver/Src/stm32f3xx_hal_cortex.c.obj
 .debug_frame   0x00002838      0x860 CMakeFiles/LowPowerComm.dir/Drivers/STM32F3xx_HAL_Driver/Src/stm32f3xx_hal_spi.c.obj
 .debug_frame   0x00003098     0x1218 CMakeFiles/LowPowerComm.dir/Drivers/STM32F3xx_HAL_Driver/Src/stm32f3xx_hal_tim.c.obj
 .debug_frame   0x000042b0      0x688 CMakeFiles/LowPowerComm.dir/Drivers/STM32F3xx_HAL_Driver/Src/stm32f3xx_hal_tim_ex.c.obj
 .debug_frame   0x00004938      0x9e8 CMakeFiles/LowPowerComm.dir/Drivers/STM32F3xx_HAL_Driver/Src/stm32f3xx_hal_uart.c.obj
 .debug_frame   0x00005320       0x58 CMakeFiles/LowPowerComm.dir/Core/Src/system_stm32f3xx.c.obj
 .debug_frame   0x00005378       0xac C:/ST/STM32CubeCLT_1.16.0/GNU-tools-for-STM32/bin/../lib/gcc/arm-none-eabi/12.3.1/thumb/v7e-m+fp/hard\libgcc.a(_arm_addsubdf3.o)
 .debug_frame   0x00005424       0x50 C:/ST/STM32CubeCLT_1.16.0/GNU-tools-for-STM32/bin/../lib/gcc/arm-none-eabi/12.3.1/thumb/v7e-m+fp/hard\libgcc.a(_arm_muldivdf3.o)
 .debug_frame   0x00005474       0x24 C:/ST/STM32CubeCLT_1.16.0/GNU-tools-for-STM32/bin/../lib/gcc/arm-none-eabi/12.3.1/thumb/v7e-m+fp/hard\libgcc.a(_arm_fixunsdfsi.o)
 .debug_frame   0x00005498       0x28 C:/ST/STM32CubeCLT_1.16.0/GNU-tools-for-STM32/bin/../lib/gcc/arm-none-eabi/12.3.1/../../../../arm-none-eabi/lib/thumb/v7e-m+fp/hard\libg_nano.a(libc_a-memcpy-stub.o)

.debug_info     0x00000000    0x15632
 .debug_info    0x00000000     0x14d5 CMakeFiles/LowPowerComm.dir/Core/RTTViewer/SEGGER_RTT.c.obj
 .debug_info    0x000014d5     0x10d4 CMakeFiles/LowPowerComm.dir/Core/RF95/RF95.c.obj
 .debug_info    0x000025a9      0xdc8 CMakeFiles/LowPowerComm.dir/Core/Src/main.c.obj
 .debug_info    0x00003371      0x321 CMakeFiles/LowPowerComm.dir/Core/Src/gpio.c.obj
 .debug_info    0x00003692      0x9c8 CMakeFiles/LowPowerComm.dir/Core/Src/i2c.c.obj
 .debug_info    0x0000405a      0x839 CMakeFiles/LowPowerComm.dir/Core/Src/spi.c.obj
 .debug_info    0x00004893      0xa99 CMakeFiles/LowPowerComm.dir/Core/Src/usart.c.obj
 .debug_info    0x0000532c      0x6d8 CMakeFiles/LowPowerComm.dir/Core/Src/stm32f3xx_it.c.obj
 .debug_info    0x00005a04      0x18d CMakeFiles/LowPowerComm.dir/Core/Src/stm32f3xx_hal_msp.c.obj
 .debug_info    0x00005b91      0xa08 CMakeFiles/LowPowerComm.dir/Core/Src/stm32f3xx_hal_timebase_tim.c.obj
 .debug_info    0x00006599     0x20c3 CMakeFiles/LowPowerComm.dir/Drivers/STM32F3xx_HAL_Driver/Src/stm32f3xx_hal_i2c.c.obj
 .debug_info    0x0000865c      0x8c0 CMakeFiles/LowPowerComm.dir/Drivers/STM32F3xx_HAL_Driver/Src/stm32f3xx_hal_i2c_ex.c.obj
 .debug_info    0x00008f1c      0x74a CMakeFiles/LowPowerComm.dir/Drivers/STM32F3xx_HAL_Driver/Src/stm32f3xx_hal.c.obj
 .debug_info    0x00009666     0x148a CMakeFiles/LowPowerComm.dir/Drivers/STM32F3xx_HAL_Driver/Src/stm32f3xx_hal_rcc.c.obj
 .debug_info    0x0000aaf0      0x52e CMakeFiles/LowPowerComm.dir/Drivers/STM32F3xx_HAL_Driver/Src/stm32f3xx_hal_rcc_ex.c.obj
 .debug_info    0x0000b01e      0x6a6 CMakeFiles/LowPowerComm.dir/Drivers/STM32F3xx_HAL_Driver/Src/stm32f3xx_hal_gpio.c.obj
 .debug_info    0x0000b6c4      0xa87 CMakeFiles/LowPowerComm.dir/Drivers/STM32F3xx_HAL_Driver/Src/stm32f3xx_hal_cortex.c.obj
 .debug_info    0x0000c14b     0x160a CMakeFiles/LowPowerComm.dir/Drivers/STM32F3xx_HAL_Driver/Src/stm32f3xx_hal_spi.c.obj
 .debug_info    0x0000d755     0x2a70 CMakeFiles/LowPowerComm.dir/Drivers/STM32F3xx_HAL_Driver/Src/stm32f3xx_hal_tim.c.obj
 .debug_info    0x000101c5     0x156d CMakeFiles/LowPowerComm.dir/Drivers/STM32F3xx_HAL_Driver/Src/stm32f3xx_hal_tim_ex.c.obj
 .debug_info    0x00011732     0x39a8 CMakeFiles/LowPowerComm.dir/Drivers/STM32F3xx_HAL_Driver/Src/stm32f3xx_hal_uart.c.obj
 .debug_info    0x000150da      0x407 CMakeFiles/LowPowerComm.dir/Core/Src/system_stm32f3xx.c.obj
 .debug_info    0x000154e1       0x30 CMakeFiles/LowPowerComm.dir/startup_stm32f303x8.s.obj
 .debug_info    0x00015511      0x121 C:/ST/STM32CubeCLT_1.16.0/GNU-tools-for-STM32/bin/../lib/gcc/arm-none-eabi/12.3.1/../../../../arm-none-eabi/lib/thumb/v7e-m+fp/hard\libg_nano.a(libc_a-memcpy-stub.o)

.debug_abbrev   0x00000000     0x302a
 .debug_abbrev  0x00000000      0x230 CMakeFiles/LowPowerComm.dir/Core/RTTViewer/SEGGER_RTT.c.obj
 .debug_abbrev  0x00000230      0x386 CMakeFiles/LowPowerComm.dir/Core/RF95/RF95.c.obj
 .debug_abbrev  0x000005b6      0x237 CMakeFiles/LowPowerComm.dir/Core/Src/main.c.obj
 .debug_abbrev  0x000007ed      0x151 CMakeFiles/LowPowerComm.dir/Core/Src/gpio.c.obj
 .debug_abbrev  0x0000093e      0x229 CMakeFiles/LowPowerComm.dir/Core/Src/i2c.c.obj
 .debug_abbrev  0x00000b67      0x1f1 CMakeFiles/LowPowerComm.dir/Core/Src/spi.c.obj
 .debug_abbrev  0x00000d58      0x24d CMakeFiles/LowPowerComm.dir/Core/Src/usart.c.obj
 .debug_abbrev  0x00000fa5      0x17d CMakeFiles/LowPowerComm.dir/Core/Src/stm32f3xx_it.c.obj
 .debug_abbrev  0x00001122       0xc6 CMakeFiles/LowPowerComm.dir/Core/Src/stm32f3xx_hal_msp.c.obj
 .debug_abbrev  0x000011e8      0x1f4 CMakeFiles/LowPowerComm.dir/Core/Src/stm32f3xx_hal_timebase_tim.c.obj
 .debug_abbrev  0x000013dc      0x260 CMakeFiles/LowPowerComm.dir/Drivers/STM32F3xx_HAL_Driver/Src/stm32f3xx_hal_i2c.c.obj
 .debug_abbrev  0x0000163c      0x1c2 CMakeFiles/LowPowerComm.dir/Drivers/STM32F3xx_HAL_Driver/Src/stm32f3xx_hal_i2c_ex.c.obj
 .debug_abbrev  0x000017fe      0x215 CMakeFiles/LowPowerComm.dir/Drivers/STM32F3xx_HAL_Driver/Src/stm32f3xx_hal.c.obj
 .debug_abbrev  0x00001a13      0x300 CMakeFiles/LowPowerComm.dir/Drivers/STM32F3xx_HAL_Driver/Src/stm32f3xx_hal_rcc.c.obj
 .debug_abbrev  0x00001d13      0x221 CMakeFiles/LowPowerComm.dir/Drivers/STM32F3xx_HAL_Driver/Src/stm32f3xx_hal_rcc_ex.c.obj
 .debug_abbrev  0x00001f34      0x1ca CMakeFiles/LowPowerComm.dir/Drivers/STM32F3xx_HAL_Driver/Src/stm32f3xx_hal_gpio.c.obj
 .debug_abbrev  0x000020fe      0x2f8 CMakeFiles/LowPowerComm.dir/Drivers/STM32F3xx_HAL_Driver/Src/stm32f3xx_hal_cortex.c.obj
 .debug_abbrev  0x000023f6      0x269 CMakeFiles/LowPowerComm.dir/Drivers/STM32F3xx_HAL_Driver/Src/stm32f3xx_hal_spi.c.obj
 .debug_abbrev  0x0000265f      0x278 CMakeFiles/LowPowerComm.dir/Drivers/STM32F3xx_HAL_Driver/Src/stm32f3xx_hal_tim.c.obj
 .debug_abbrev  0x000028d7      0x283 CMakeFiles/LowPowerComm.dir/Drivers/STM32F3xx_HAL_Driver/Src/stm32f3xx_hal_tim_ex.c.obj
 .debug_abbrev  0x00002b5a      0x2d1 CMakeFiles/LowPowerComm.dir/Drivers/STM32F3xx_HAL_Driver/Src/stm32f3xx_hal_uart.c.obj
 .debug_abbrev  0x00002e2b      0x11a CMakeFiles/LowPowerComm.dir/Core/Src/system_stm32f3xx.c.obj
 .debug_abbrev  0x00002f45       0x24 CMakeFiles/LowPowerComm.dir/startup_stm32f303x8.s.obj
 .debug_abbrev  0x00002f69       0xc1 C:/ST/STM32CubeCLT_1.16.0/GNU-tools-for-STM32/bin/../lib/gcc/arm-none-eabi/12.3.1/../../../../arm-none-eabi/lib/thumb/v7e-m+fp/hard\libg_nano.a(libc_a-memcpy-stub.o)

.debug_aranges  0x00000000     0x1400
 .debug_aranges
                0x00000000      0x138 CMakeFiles/LowPowerComm.dir/Core/RTTViewer/SEGGER_RTT.c.obj
 .debug_aranges
                0x00000138      0x170 CMakeFiles/LowPowerComm.dir/Core/RF95/RF95.c.obj
 .debug_aranges
                0x000002a8       0x38 CMakeFiles/LowPowerComm.dir/Core/Src/main.c.obj
 .debug_aranges
                0x000002e0       0x20 CMakeFiles/LowPowerComm.dir/Core/Src/gpio.c.obj
 .debug_aranges
                0x00000300       0x30 CMakeFiles/LowPowerComm.dir/Core/Src/i2c.c.obj
 .debug_aranges
                0x00000330       0x30 CMakeFiles/LowPowerComm.dir/Core/Src/spi.c.obj
 .debug_aranges
                0x00000360       0x40 CMakeFiles/LowPowerComm.dir/Core/Src/usart.c.obj
 .debug_aranges
                0x000003a0       0x68 CMakeFiles/LowPowerComm.dir/Core/Src/stm32f3xx_it.c.obj
 .debug_aranges
                0x00000408       0x20 CMakeFiles/LowPowerComm.dir/Core/Src/stm32f3xx_hal_msp.c.obj
 .debug_aranges
                0x00000428       0x30 CMakeFiles/LowPowerComm.dir/Core/Src/stm32f3xx_hal_timebase_tim.c.obj
 .debug_aranges
                0x00000458      0x2a0 CMakeFiles/LowPowerComm.dir/Drivers/STM32F3xx_HAL_Driver/Src/stm32f3xx_hal_i2c.c.obj
 .debug_aranges
                0x000006f8       0x48 CMakeFiles/LowPowerComm.dir/Drivers/STM32F3xx_HAL_Driver/Src/stm32f3xx_hal_i2c_ex.c.obj
 .debug_aranges
                0x00000740       0xe0 CMakeFiles/LowPowerComm.dir/Drivers/STM32F3xx_HAL_Driver/Src/stm32f3xx_hal.c.obj
 .debug_aranges
                0x00000820       0x88 CMakeFiles/LowPowerComm.dir/Drivers/STM32F3xx_HAL_Driver/Src/stm32f3xx_hal_rcc.c.obj
 .debug_aranges
                0x000008a8       0x38 CMakeFiles/LowPowerComm.dir/Drivers/STM32F3xx_HAL_Driver/Src/stm32f3xx_hal_rcc_ex.c.obj
 .debug_aranges
                0x000008e0       0x58 CMakeFiles/LowPowerComm.dir/Drivers/STM32F3xx_HAL_Driver/Src/stm32f3xx_hal_gpio.c.obj
 .debug_aranges
                0x00000938      0x100 CMakeFiles/LowPowerComm.dir/Drivers/STM32F3xx_HAL_Driver/Src/stm32f3xx_hal_cortex.c.obj
 .debug_aranges
                0x00000a38      0x1d8 CMakeFiles/LowPowerComm.dir/Drivers/STM32F3xx_HAL_Driver/Src/stm32f3xx_hal_spi.c.obj
 .debug_aranges
                0x00000c10      0x3e0 CMakeFiles/LowPowerComm.dir/Drivers/STM32F3xx_HAL_Driver/Src/stm32f3xx_hal_tim.c.obj
 .debug_aranges
                0x00000ff0      0x178 CMakeFiles/LowPowerComm.dir/Drivers/STM32F3xx_HAL_Driver/Src/stm32f3xx_hal_tim_ex.c.obj
 .debug_aranges
                0x00001168      0x228 CMakeFiles/LowPowerComm.dir/Drivers/STM32F3xx_HAL_Driver/Src/stm32f3xx_hal_uart.c.obj
 .debug_aranges
                0x00001390       0x28 CMakeFiles/LowPowerComm.dir/Core/Src/system_stm32f3xx.c.obj
 .debug_aranges
                0x000013b8       0x28 CMakeFiles/LowPowerComm.dir/startup_stm32f303x8.s.obj
 .debug_aranges
                0x000013e0       0x20 C:/ST/STM32CubeCLT_1.16.0/GNU-tools-for-STM32/bin/../lib/gcc/arm-none-eabi/12.3.1/../../../../arm-none-eabi/lib/thumb/v7e-m+fp/hard\libg_nano.a(libc_a-memcpy-stub.o)

.debug_rnglists
                0x00000000      0xfa7
 .debug_rnglists
                0x00000000       0xf5 CMakeFiles/LowPowerComm.dir/Core/RTTViewer/SEGGER_RTT.c.obj
 .debug_rnglists
                0x000000f5      0x115 CMakeFiles/LowPowerComm.dir/Core/RF95/RF95.c.obj
 .debug_rnglists
                0x0000020a       0x26 CMakeFiles/LowPowerComm.dir/Core/Src/main.c.obj
 .debug_rnglists
                0x00000230       0x14 CMakeFiles/LowPowerComm.dir/Core/Src/gpio.c.obj
 .debug_rnglists
                0x00000244       0x21 CMakeFiles/LowPowerComm.dir/Core/Src/i2c.c.obj
 .debug_rnglists
                0x00000265       0x20 CMakeFiles/LowPowerComm.dir/Core/Src/spi.c.obj
 .debug_rnglists
                0x00000285       0x2e CMakeFiles/LowPowerComm.dir/Core/Src/usart.c.obj
 .debug_rnglists
                0x000002b3       0x49 CMakeFiles/LowPowerComm.dir/Core/Src/stm32f3xx_it.c.obj
 .debug_rnglists
                0x000002fc       0x13 CMakeFiles/LowPowerComm.dir/Core/Src/stm32f3xx_hal_msp.c.obj
 .debug_rnglists
                0x0000030f       0x20 CMakeFiles/LowPowerComm.dir/Core/Src/stm32f3xx_hal_timebase_tim.c.obj
 .debug_rnglists
                0x0000032f      0x228 CMakeFiles/LowPowerComm.dir/Drivers/STM32F3xx_HAL_Driver/Src/stm32f3xx_hal_i2c.c.obj
 .debug_rnglists
                0x00000557       0x35 CMakeFiles/LowPowerComm.dir/Drivers/STM32F3xx_HAL_Driver/Src/stm32f3xx_hal_i2c_ex.c.obj
 .debug_rnglists
                0x0000058c       0xa3 CMakeFiles/LowPowerComm.dir/Drivers/STM32F3xx_HAL_Driver/Src/stm32f3xx_hal.c.obj
 .debug_rnglists
                0x0000062f       0x66 CMakeFiles/LowPowerComm.dir/Drivers/STM32F3xx_HAL_Driver/Src/stm32f3xx_hal_rcc.c.obj
 .debug_rnglists
                0x00000695       0x27 CMakeFiles/LowPowerComm.dir/Drivers/STM32F3xx_HAL_Driver/Src/stm32f3xx_hal_rcc_ex.c.obj
 .debug_rnglists
                0x000006bc       0x3f CMakeFiles/LowPowerComm.dir/Drivers/STM32F3xx_HAL_Driver/Src/stm32f3xx_hal_gpio.c.obj
 .debug_rnglists
                0x000006fb       0xbb CMakeFiles/LowPowerComm.dir/Drivers/STM32F3xx_HAL_Driver/Src/stm32f3xx_hal_cortex.c.obj
 .debug_rnglists
                0x000007b6      0x178 CMakeFiles/LowPowerComm.dir/Drivers/STM32F3xx_HAL_Driver/Src/stm32f3xx_hal_spi.c.obj
 .debug_rnglists
                0x0000092e      0x328 CMakeFiles/LowPowerComm.dir/Drivers/STM32F3xx_HAL_Driver/Src/stm32f3xx_hal_tim.c.obj
 .debug_rnglists
                0x00000c56      0x131 CMakeFiles/LowPowerComm.dir/Drivers/STM32F3xx_HAL_Driver/Src/stm32f3xx_hal_tim_ex.c.obj
 .debug_rnglists
                0x00000d87      0x1da CMakeFiles/LowPowerComm.dir/Drivers/STM32F3xx_HAL_Driver/Src/stm32f3xx_hal_uart.c.obj
 .debug_rnglists
                0x00000f61       0x1a CMakeFiles/LowPowerComm.dir/Core/Src/system_stm32f3xx.c.obj
 .debug_rnglists
                0x00000f7b       0x19 CMakeFiles/LowPowerComm.dir/startup_stm32f303x8.s.obj
 .debug_rnglists
                0x00000f94       0x13 C:/ST/STM32CubeCLT_1.16.0/GNU-tools-for-STM32/bin/../lib/gcc/arm-none-eabi/12.3.1/../../../../arm-none-eabi/lib/thumb/v7e-m+fp/hard\libg_nano.a(libc_a-memcpy-stub.o)

.debug_macro    0x00000000     0x33c0
 .debug_macro   0x00000000      0x1da CMakeFiles/LowPowerComm.dir/Core/RTTViewer/SEGGER_RTT.c.obj
 .debug_macro   0x000001da       0x16 CMakeFiles/LowPowerComm.dir/Core/RTTViewer/SEGGER_RTT.c.obj
 .debug_macro   0x000001f0       0x35 CMakeFiles/LowPowerComm.dir/Core/RTTViewer/SEGGER_RTT.c.obj
 .debug_macro   0x00000225       0x20 CMakeFiles/LowPowerComm.dir/Core/RTTViewer/SEGGER_RTT.c.obj
 .debug_macro   0x00000245      0x37c CMakeFiles/LowPowerComm.dir/Core/RF95/RF95.c.obj
 .debug_macro   0x000005c1       0x22 CMakeFiles/LowPowerComm.dir/Core/RF95/RF95.c.obj
 .debug_macro   0x000005e3      0x413 CMakeFiles/LowPowerComm.dir/Core/RF95/RF95.c.obj
 .debug_macro   0x000009f6      0x390 CMakeFiles/LowPowerComm.dir/Core/Src/main.c.obj
 .debug_macro   0x00000d86       0x4c CMakeFiles/LowPowerComm.dir/Core/Src/main.c.obj
 .debug_macro   0x00000dd2      0x1f3 CMakeFiles/LowPowerComm.dir/Core/Src/gpio.c.obj
 .debug_macro   0x00000fc5      0x1f3 CMakeFiles/LowPowerComm.dir/Core/Src/i2c.c.obj
 .debug_macro   0x000011b8      0x1f3 CMakeFiles/LowPowerComm.dir/Core/Src/spi.c.obj
 .debug_macro   0x000013ab      0x2e6 CMakeFiles/LowPowerComm.dir/Core/Src/usart.c.obj
 .debug_macro   0x00001691      0x1f3 CMakeFiles/LowPowerComm.dir/Core/Src/stm32f3xx_it.c.obj
 .debug_macro   0x00001884      0x1e9 CMakeFiles/LowPowerComm.dir/Core/Src/stm32f3xx_hal_msp.c.obj
 .debug_macro   0x00001a6d      0x1da CMakeFiles/LowPowerComm.dir/Core/Src/stm32f3xx_hal_timebase_tim.c.obj
 .debug_macro   0x00001c47      0x2a6 CMakeFiles/LowPowerComm.dir/Drivers/STM32F3xx_HAL_Driver/Src/stm32f3xx_hal_i2c.c.obj
 .debug_macro   0x00001eed      0x1da CMakeFiles/LowPowerComm.dir/Drivers/STM32F3xx_HAL_Driver/Src/stm32f3xx_hal_i2c_ex.c.obj
 .debug_macro   0x000020c7      0x1fe CMakeFiles/LowPowerComm.dir/Drivers/STM32F3xx_HAL_Driver/Src/stm32f3xx_hal.c.obj
 .debug_macro   0x000022c5      0x1fe CMakeFiles/LowPowerComm.dir/Drivers/STM32F3xx_HAL_Driver/Src/stm32f3xx_hal_rcc.c.obj
 .debug_macro   0x000024c3      0x1da CMakeFiles/LowPowerComm.dir/Drivers/STM32F3xx_HAL_Driver/Src/stm32f3xx_hal_rcc_ex.c.obj
 .debug_macro   0x0000269d      0x1e1 CMakeFiles/LowPowerComm.dir/Drivers/STM32F3xx_HAL_Driver/Src/stm32f3xx_hal_gpio.c.obj
 .debug_macro   0x0000287e      0x1da CMakeFiles/LowPowerComm.dir/Drivers/STM32F3xx_HAL_Driver/Src/stm32f3xx_hal_cortex.c.obj
 .debug_macro   0x00002a58      0x1e2 CMakeFiles/LowPowerComm.dir/Drivers/STM32F3xx_HAL_Driver/Src/stm32f3xx_hal_spi.c.obj
 .debug_macro   0x00002c3a      0x1db CMakeFiles/LowPowerComm.dir/Drivers/STM32F3xx_HAL_Driver/Src/stm32f3xx_hal_tim.c.obj
 .debug_macro   0x00002e15      0x1da CMakeFiles/LowPowerComm.dir/Drivers/STM32F3xx_HAL_Driver/Src/stm32f3xx_hal_tim_ex.c.obj
 .debug_macro   0x00002fef      0x1f7 CMakeFiles/LowPowerComm.dir/Drivers/STM32F3xx_HAL_Driver/Src/stm32f3xx_hal_uart.c.obj
 .debug_macro   0x000031e6      0x1da CMakeFiles/LowPowerComm.dir/Core/Src/system_stm32f3xx.c.obj

.debug_line     0x00000000    0x19c33
 .debug_line    0x00000000      0xceb CMakeFiles/LowPowerComm.dir/Core/RTTViewer/SEGGER_RTT.c.obj
 .debug_line    0x00000ceb     0x112a CMakeFiles/LowPowerComm.dir/Core/RF95/RF95.c.obj
 .debug_line    0x00001e15      0xa7b CMakeFiles/LowPowerComm.dir/Core/Src/main.c.obj
 .debug_line    0x00002890      0x7d3 CMakeFiles/LowPowerComm.dir/Core/Src/gpio.c.obj
 .debug_line    0x00003063      0x82b CMakeFiles/LowPowerComm.dir/Core/Src/i2c.c.obj
 .debug_line    0x0000388e      0x822 CMakeFiles/LowPowerComm.dir/Core/Src/spi.c.obj
 .debug_line    0x000040b0      0x953 CMakeFiles/LowPowerComm.dir/Core/Src/usart.c.obj
 .debug_line    0x00004a03      0x87f CMakeFiles/LowPowerComm.dir/Core/Src/stm32f3xx_it.c.obj
 .debug_line    0x00005282      0x7aa CMakeFiles/LowPowerComm.dir/Core/Src/stm32f3xx_hal_msp.c.obj
 .debug_line    0x00005a2c      0x817 CMakeFiles/LowPowerComm.dir/Core/Src/stm32f3xx_hal_timebase_tim.c.obj
 .debug_line    0x00006243     0x3ad2 CMakeFiles/LowPowerComm.dir/Drivers/STM32F3xx_HAL_Driver/Src/stm32f3xx_hal_i2c.c.obj
 .debug_line    0x00009d15      0x9c7 CMakeFiles/LowPowerComm.dir/Drivers/STM32F3xx_HAL_Driver/Src/stm32f3xx_hal_i2c_ex.c.obj
 .debug_line    0x0000a6dc      0xa5b CMakeFiles/LowPowerComm.dir/Drivers/STM32F3xx_HAL_Driver/Src/stm32f3xx_hal.c.obj
 .debug_line    0x0000b137     0x13ef CMakeFiles/LowPowerComm.dir/Drivers/STM32F3xx_HAL_Driver/Src/stm32f3xx_hal_rcc.c.obj
 .debug_line    0x0000c526      0xae5 CMakeFiles/LowPowerComm.dir/Drivers/STM32F3xx_HAL_Driver/Src/stm32f3xx_hal_rcc_ex.c.obj
 .debug_line    0x0000d00b      0xbbe CMakeFiles/LowPowerComm.dir/Drivers/STM32F3xx_HAL_Driver/Src/stm32f3xx_hal_gpio.c.obj
 .debug_line    0x0000dbc9      0xc41 CMakeFiles/LowPowerComm.dir/Drivers/STM32F3xx_HAL_Driver/Src/stm32f3xx_hal_cortex.c.obj
 .debug_line    0x0000e80a     0x2051 CMakeFiles/LowPowerComm.dir/Drivers/STM32F3xx_HAL_Driver/Src/stm32f3xx_hal_spi.c.obj
 .debug_line    0x0001085b     0x3d39 CMakeFiles/LowPowerComm.dir/Drivers/STM32F3xx_HAL_Driver/Src/stm32f3xx_hal_tim.c.obj
 .debug_line    0x00014594     0x1ac7 CMakeFiles/LowPowerComm.dir/Drivers/STM32F3xx_HAL_Driver/Src/stm32f3xx_hal_tim_ex.c.obj
 .debug_line    0x0001605b     0x3139 CMakeFiles/LowPowerComm.dir/Drivers/STM32F3xx_HAL_Driver/Src/stm32f3xx_hal_uart.c.obj
 .debug_line    0x00019194      0x823 CMakeFiles/LowPowerComm.dir/Core/Src/system_stm32f3xx.c.obj
 .debug_line    0x000199b7       0x7a CMakeFiles/LowPowerComm.dir/startup_stm32f303x8.s.obj
 .debug_line    0x00019a31      0x202 C:/ST/STM32CubeCLT_1.16.0/GNU-tools-for-STM32/bin/../lib/gcc/arm-none-eabi/12.3.1/../../../../arm-none-eabi/lib/thumb/v7e-m+fp/hard\libg_nano.a(libc_a-memcpy-stub.o)

.debug_str      0x00000000    0xaa76c
 .debug_str     0x00000000     0x7f63 CMakeFiles/LowPowerComm.dir/Core/RTTViewer/SEGGER_RTT.c.obj
                               0x81bc (size before relaxing)
 .debug_str     0x00007f63    0x9d624 CMakeFiles/LowPowerComm.dir/Core/RF95/RF95.c.obj
                              0xa4499 (size before relaxing)
 .debug_str     0x000a5587      0x7ae CMakeFiles/LowPowerComm.dir/Core/Src/main.c.obj
                              0xa50a4 (size before relaxing)
 .debug_str     0x000a5d35       0xe4 CMakeFiles/LowPowerComm.dir/Core/Src/gpio.c.obj
                              0x9f543 (size before relaxing)
 .debug_str     0x000a5e19      0x356 CMakeFiles/LowPowerComm.dir/Core/Src/i2c.c.obj
                              0x9faff (size before relaxing)
 .debug_str     0x000a616f       0x7e CMakeFiles/LowPowerComm.dir/Core/Src/spi.c.obj
                              0x9f967 (size before relaxing)
 .debug_str     0x000a61ed      0x104 CMakeFiles/LowPowerComm.dir/Core/Src/usart.c.obj
                              0xa2c9e (size before relaxing)
 .debug_str     0x000a62f1      0x109 CMakeFiles/LowPowerComm.dir/Core/Src/stm32f3xx_it.c.obj
                              0x9f9d7 (size before relaxing)
 .debug_str     0x000a63fa       0x5f CMakeFiles/LowPowerComm.dir/Core/Src/stm32f3xx_hal_msp.c.obj
                              0x9f478 (size before relaxing)
 .debug_str     0x000a6459      0x393 CMakeFiles/LowPowerComm.dir/Core/Src/stm32f3xx_hal_timebase_tim.c.obj
                              0x9fc01 (size before relaxing)
 .debug_str     0x000a67ec      0xeae CMakeFiles/LowPowerComm.dir/Drivers/STM32F3xx_HAL_Driver/Src/stm32f3xx_hal_i2c.c.obj
                              0xa065d (size before relaxing)
 .debug_str     0x000a769a       0xce CMakeFiles/LowPowerComm.dir/Drivers/STM32F3xx_HAL_Driver/Src/stm32f3xx_hal_i2c_ex.c.obj
                              0x9f8da (size before relaxing)
 .debug_str     0x000a7768      0x380 CMakeFiles/LowPowerComm.dir/Drivers/STM32F3xx_HAL_Driver/Src/stm32f3xx_hal.c.obj
                              0x9fa4d (size before relaxing)
 .debug_str     0x000a7ae8      0x2d4 CMakeFiles/LowPowerComm.dir/Drivers/STM32F3xx_HAL_Driver/Src/stm32f3xx_hal_rcc.c.obj
                              0x9f7fd (size before relaxing)
 .debug_str     0x000a7dbc       0xfb CMakeFiles/LowPowerComm.dir/Drivers/STM32F3xx_HAL_Driver/Src/stm32f3xx_hal_rcc_ex.c.obj
                              0x9f4fc (size before relaxing)
 .debug_str     0x000a7eb7      0x142 CMakeFiles/LowPowerComm.dir/Drivers/STM32F3xx_HAL_Driver/Src/stm32f3xx_hal_gpio.c.obj
                              0x9f53c (size before relaxing)
 .debug_str     0x000a7ff9      0x2bd CMakeFiles/LowPowerComm.dir/Drivers/STM32F3xx_HAL_Driver/Src/stm32f3xx_hal_cortex.c.obj
                              0x9f972 (size before relaxing)
 .debug_str     0x000a82b6      0x582 CMakeFiles/LowPowerComm.dir/Drivers/STM32F3xx_HAL_Driver/Src/stm32f3xx_hal_spi.c.obj
                              0x9fc75 (size before relaxing)
 .debug_str     0x000a8838      0xeb1 CMakeFiles/LowPowerComm.dir/Drivers/STM32F3xx_HAL_Driver/Src/stm32f3xx_hal_tim.c.obj
                              0xa0794 (size before relaxing)
 .debug_str     0x000a96e9      0x594 CMakeFiles/LowPowerComm.dir/Drivers/STM32F3xx_HAL_Driver/Src/stm32f3xx_hal_tim_ex.c.obj
                              0x9ffda (size before relaxing)
 .debug_str     0x000a9c7d      0x873 CMakeFiles/LowPowerComm.dir/Drivers/STM32F3xx_HAL_Driver/Src/stm32f3xx_hal_uart.c.obj
                              0xa0080 (size before relaxing)
 .debug_str     0x000aa4f0       0x88 CMakeFiles/LowPowerComm.dir/Core/Src/system_stm32f3xx.c.obj
                              0x9f35d (size before relaxing)
 .debug_str     0x000aa578       0x68 CMakeFiles/LowPowerComm.dir/startup_stm32f303x8.s.obj
                                 0xaa (size before relaxing)
 .debug_str     0x000aa5e0      0x18c C:/ST/STM32CubeCLT_1.16.0/GNU-tools-for-STM32/bin/../lib/gcc/arm-none-eabi/12.3.1/../../../../arm-none-eabi/lib/thumb/v7e-m+fp/hard\libg_nano.a(libc_a-memcpy-stub.o)
                                0x22f (size before relaxing)

.comment        0x00000000       0x43
 .comment       0x00000000       0x43 CMakeFiles/LowPowerComm.dir/Core/RTTViewer/SEGGER_RTT.c.obj
                                 0x44 (size before relaxing)
 .comment       0x00000043       0x44 CMakeFiles/LowPowerComm.dir/Core/RF95/RF95.c.obj
 .comment       0x00000043       0x44 CMakeFiles/LowPowerComm.dir/Core/Src/main.c.obj
 .comment       0x00000043       0x44 CMakeFiles/LowPowerComm.dir/Core/Src/gpio.c.obj
 .comment       0x00000043       0x44 CMakeFiles/LowPowerComm.dir/Core/Src/i2c.c.obj
 .comment       0x00000043       0x44 CMakeFiles/LowPowerComm.dir/Core/Src/spi.c.obj
 .comment       0x00000043       0x44 CMakeFiles/LowPowerComm.dir/Core/Src/usart.c.obj
 .comment       0x00000043       0x44 CMakeFiles/LowPowerComm.dir/Core/Src/stm32f3xx_it.c.obj
 .comment       0x00000043       0x44 CMakeFiles/LowPowerComm.dir/Core/Src/stm32f3xx_hal_msp.c.obj
 .comment       0x00000043       0x44 CMakeFiles/LowPowerComm.dir/Core/Src/stm32f3xx_hal_timebase_tim.c.obj
 .comment       0x00000043       0x44 CMakeFiles/LowPowerComm.dir/Drivers/STM32F3xx_HAL_Driver/Src/stm32f3xx_hal_i2c.c.obj
 .comment       0x00000043       0x44 CMakeFiles/LowPowerComm.dir/Drivers/STM32F3xx_HAL_Driver/Src/stm32f3xx_hal_i2c_ex.c.obj
 .comment       0x00000043       0x44 CMakeFiles/LowPowerComm.dir/Drivers/STM32F3xx_HAL_Driver/Src/stm32f3xx_hal.c.obj
 .comment       0x00000043       0x44 CMakeFiles/LowPowerComm.dir/Drivers/STM32F3xx_HAL_Driver/Src/stm32f3xx_hal_rcc.c.obj
 .comment       0x00000043       0x44 CMakeFiles/LowPowerComm.dir/Drivers/STM32F3xx_HAL_Driver/Src/stm32f3xx_hal_rcc_ex.c.obj
 .comment       0x00000043       0x44 CMakeFiles/LowPowerComm.dir/Drivers/STM32F3xx_HAL_Driver/Src/stm32f3xx_hal_gpio.c.obj
 .comment       0x00000043       0x44 CMakeFiles/LowPowerComm.dir/Drivers/STM32F3xx_HAL_Driver/Src/stm32f3xx_hal_cortex.c.obj
 .comment       0x00000043       0x44 CMakeFiles/LowPowerComm.dir/Drivers/STM32F3xx_HAL_Driver/Src/stm32f3xx_hal_spi.c.obj
 .comment       0x00000043       0x44 CMakeFiles/LowPowerComm.dir/Drivers/STM32F3xx_HAL_Driver/Src/stm32f3xx_hal_tim.c.obj
 .comment       0x00000043       0x44 CMakeFiles/LowPowerComm.dir/Drivers/STM32F3xx_HAL_Driver/Src/stm32f3xx_hal_tim_ex.c.obj
 .comment       0x00000043       0x44 CMakeFiles/LowPowerComm.dir/Drivers/STM32F3xx_HAL_Driver/Src/stm32f3xx_hal_uart.c.obj
 .comment       0x00000043       0x44 CMakeFiles/LowPowerComm.dir/Core/Src/system_stm32f3xx.c.obj
 .comment       0x00000043       0x44 C:/ST/STM32CubeCLT_1.16.0/GNU-tools-for-STM32/bin/../lib/gcc/arm-none-eabi/12.3.1/../../../../arm-none-eabi/lib/thumb/v7e-m+fp/hard\libg_nano.a(libc_a-memcpy-stub.o)

.debug_line_str
                0x00000000       0x8e
 .debug_line_str
                0x00000000       0x8e CMakeFiles/LowPowerComm.dir/startup_stm32f303x8.s.obj

.debug_loclists
                0x00000000       0x8f
 .debug_loclists
                0x00000000       0x8f C:/ST/STM32CubeCLT_1.16.0/GNU-tools-for-STM32/bin/../lib/gcc/arm-none-eabi/12.3.1/../../../../arm-none-eabi/lib/thumb/v7e-m+fp/hard\libg_nano.a(libc_a-memcpy-stub.o)
