Archive member included to satisfy reference by file (symbol)

C:/ST/STM32CubeCLT_1.16.0/GNU-tools-for-STM32/bin/../lib/gcc/arm-none-eabi/12.3.1/../../../../arm-none-eabi/lib/thumb/v7e-m+fp/hard\libc_nano.a(libc_a-exit.o)
                              C:/ST/STM32CubeCLT_1.16.0/GNU-tools-for-STM32/bin/../lib/gcc/arm-none-eabi/12.3.1/../../../../arm-none-eabi/lib/thumb/v7e-m+fp/hard/crt0.o (exit)
C:/ST/STM32CubeCLT_1.16.0/GNU-tools-for-STM32/bin/../lib/gcc/arm-none-eabi/12.3.1/../../../../arm-none-eabi/lib/thumb/v7e-m+fp/hard\libc_nano.a(libc_a-findfp.o)
                              C:/ST/STM32CubeCLT_1.16.0/GNU-tools-for-STM32/bin/../lib/gcc/arm-none-eabi/12.3.1/../../../../arm-none-eabi/lib/thumb/v7e-m+fp/hard\libc_nano.a(libc_a-exit.o) (__stdio_exit_handler)
C:/ST/STM32CubeCLT_1.16.0/GNU-tools-for-STM32/bin/../lib/gcc/arm-none-eabi/12.3.1/../../../../arm-none-eabi/lib/thumb/v7e-m+fp/hard\libc_nano.a(libc_a-fwalk.o)
                              C:/ST/STM32CubeCLT_1.16.0/GNU-tools-for-STM32/bin/../lib/gcc/arm-none-eabi/12.3.1/../../../../arm-none-eabi/lib/thumb/v7e-m+fp/hard\libc_nano.a(libc_a-findfp.o) (_fwalk_sglue)
C:/ST/STM32CubeCLT_1.16.0/GNU-tools-for-STM32/bin/../lib/gcc/arm-none-eabi/12.3.1/../../../../arm-none-eabi/lib/thumb/v7e-m+fp/hard\libc_nano.a(libc_a-stdio.o)
                              C:/ST/STM32CubeCLT_1.16.0/GNU-tools-for-STM32/bin/../lib/gcc/arm-none-eabi/12.3.1/../../../../arm-none-eabi/lib/thumb/v7e-m+fp/hard\libc_nano.a(libc_a-findfp.o) (__sread)
C:/ST/STM32CubeCLT_1.16.0/GNU-tools-for-STM32/bin/../lib/gcc/arm-none-eabi/12.3.1/../../../../arm-none-eabi/lib/thumb/v7e-m+fp/hard\libc_nano.a(libc_a-memset.o)
                              C:/ST/STM32CubeCLT_1.16.0/GNU-tools-for-STM32/bin/../lib/gcc/arm-none-eabi/12.3.1/../../../../arm-none-eabi/lib/thumb/v7e-m+fp/hard/crt0.o (memset)
C:/ST/STM32CubeCLT_1.16.0/GNU-tools-for-STM32/bin/../lib/gcc/arm-none-eabi/12.3.1/../../../../arm-none-eabi/lib/thumb/v7e-m+fp/hard\libc_nano.a(libc_a-closer.o)
                              C:/ST/STM32CubeCLT_1.16.0/GNU-tools-for-STM32/bin/../lib/gcc/arm-none-eabi/12.3.1/../../../../arm-none-eabi/lib/thumb/v7e-m+fp/hard\libc_nano.a(libc_a-stdio.o) (_close_r)
C:/ST/STM32CubeCLT_1.16.0/GNU-tools-for-STM32/bin/../lib/gcc/arm-none-eabi/12.3.1/../../../../arm-none-eabi/lib/thumb/v7e-m+fp/hard\libc_nano.a(libc_a-reent.o)
                              C:/ST/STM32CubeCLT_1.16.0/GNU-tools-for-STM32/bin/../lib/gcc/arm-none-eabi/12.3.1/../../../../arm-none-eabi/lib/thumb/v7e-m+fp/hard\libc_nano.a(libc_a-closer.o) (errno)
C:/ST/STM32CubeCLT_1.16.0/GNU-tools-for-STM32/bin/../lib/gcc/arm-none-eabi/12.3.1/../../../../arm-none-eabi/lib/thumb/v7e-m+fp/hard\libc_nano.a(libc_a-impure.o)
                              C:/ST/STM32CubeCLT_1.16.0/GNU-tools-for-STM32/bin/../lib/gcc/arm-none-eabi/12.3.1/../../../../arm-none-eabi/lib/thumb/v7e-m+fp/hard\libc_nano.a(libc_a-reent.o) (_impure_ptr)
C:/ST/STM32CubeCLT_1.16.0/GNU-tools-for-STM32/bin/../lib/gcc/arm-none-eabi/12.3.1/../../../../arm-none-eabi/lib/thumb/v7e-m+fp/hard\libc_nano.a(libc_a-lseekr.o)
                              C:/ST/STM32CubeCLT_1.16.0/GNU-tools-for-STM32/bin/../lib/gcc/arm-none-eabi/12.3.1/../../../../arm-none-eabi/lib/thumb/v7e-m+fp/hard\libc_nano.a(libc_a-stdio.o) (_lseek_r)
C:/ST/STM32CubeCLT_1.16.0/GNU-tools-for-STM32/bin/../lib/gcc/arm-none-eabi/12.3.1/../../../../arm-none-eabi/lib/thumb/v7e-m+fp/hard\libc_nano.a(libc_a-readr.o)
                              C:/ST/STM32CubeCLT_1.16.0/GNU-tools-for-STM32/bin/../lib/gcc/arm-none-eabi/12.3.1/../../../../arm-none-eabi/lib/thumb/v7e-m+fp/hard\libc_nano.a(libc_a-stdio.o) (_read_r)
C:/ST/STM32CubeCLT_1.16.0/GNU-tools-for-STM32/bin/../lib/gcc/arm-none-eabi/12.3.1/../../../../arm-none-eabi/lib/thumb/v7e-m+fp/hard\libc_nano.a(libc_a-writer.o)
                              C:/ST/STM32CubeCLT_1.16.0/GNU-tools-for-STM32/bin/../lib/gcc/arm-none-eabi/12.3.1/../../../../arm-none-eabi/lib/thumb/v7e-m+fp/hard\libc_nano.a(libc_a-stdio.o) (_write_r)
C:/ST/STM32CubeCLT_1.16.0/GNU-tools-for-STM32/bin/../lib/gcc/arm-none-eabi/12.3.1/../../../../arm-none-eabi/lib/thumb/v7e-m+fp/hard\libc_nano.a(libc_a-init.o)
                              C:/ST/STM32CubeCLT_1.16.0/GNU-tools-for-STM32/bin/../lib/gcc/arm-none-eabi/12.3.1/../../../../arm-none-eabi/lib/thumb/v7e-m+fp/hard/crt0.o (__libc_init_array)
C:/ST/STM32CubeCLT_1.16.0/GNU-tools-for-STM32/bin/../lib/gcc/arm-none-eabi/12.3.1/../../../../arm-none-eabi/lib/thumb/v7e-m+fp/hard\libc_nano.a(libc_a-lock.o)
                              C:/ST/STM32CubeCLT_1.16.0/GNU-tools-for-STM32/bin/../lib/gcc/arm-none-eabi/12.3.1/../../../../arm-none-eabi/lib/thumb/v7e-m+fp/hard\libc_nano.a(libc_a-findfp.o) (__retarget_lock_init_recursive)
C:/ST/STM32CubeCLT_1.16.0/GNU-tools-for-STM32/bin/../lib/gcc/arm-none-eabi/12.3.1/../../../../arm-none-eabi/lib/thumb/v7e-m+fp/hard\libc_nano.a(libc_a-freer.o)
[...]
Memory Configuration

Name             Origin             Length             Attributes
RAM              0x20000000         0x00003000         xrw
CCMRAM           0x10000000         0x00001000         xrw
FLASH            0x08000000         0x00010000         xr
*default*        0x00000000         0xffffffff

Linker script and memory map

LOAD C:/ST/STM32CubeCLT_1.16.0/GNU-tools-for-STM32/bin/../lib/gcc/arm-none-eabi/12.3.1/thumb/v7e-m+fp/hard/crti.o
LOAD C:/ST/STM32CubeCLT_1.16.0/GNU-tools-for-STM32/bin/../lib/gcc/arm-none-eabi/12.3.1/thumb/v7e-m+fp/hard/crtbegin.o
LOAD C:/ST/STM32CubeCLT_1.16.0/GNU-tools-for-STM32/bin/../lib/gcc/arm-none-eabi/12.3.1/../../../../arm-none-eabi/lib/thumb/v7e-m+fp/hard/crt0.o
START GROUP
LOAD C:/ST/STM32CubeCLT_1.16.0/GNU-tools-for-STM32/bin/../lib/gcc/arm-none-eabi/12.3.1/../../../../arm-none-eabi/lib/thumb/v7e-m+fp/hard\libc_nano.a
LOAD C:/ST/STM32CubeCLT_1.16.0/GNU-tools-for-STM32/bin/../lib/gcc/arm-none-eabi/12.3.1/../../../../arm-none-eabi/lib/thumb/v7e-m+fp/hard\libm.a
END GROUP
LOAD CMakeFiles/LowPowerComm.dir/Core/RTTViewer/SEGGER_RTT_printf.c.obj
LOAD CMakeFiles/LowPowerComm.dir/Core/RTTViewer/SEGGER_RTT.c.obj
LOAD CMakeFiles/LowPowerComm.dir/Core/OLED/display.c.obj
LOAD CMakeFiles/LowPowerComm.dir/Core/OLED/ssd1306_fonts.c.obj
LOAD CMakeFiles/LowPowerComm.dir/Core/OLED/ssd1306_tests.c.obj
LOAD CMakeFiles/LowPowerComm.dir/Core/OLED/ssd1306.c.obj
LOAD CMakeFiles/LowPowerComm.dir/Core/Sensor/Presence.c.obj
LOAD CMakeFiles/LowPowerComm.dir/Core/RF95/RF95.c.obj
LOAD CMakeFiles/LowPowerComm.dir/Core/Src/main.c.obj
LOAD CMakeFiles/LowPowerComm.dir/Core/Src/gpio.c.obj
LOAD CMakeFiles/LowPowerComm.dir/Core/Src/i2c.c.obj
LOAD CMakeFiles/LowPowerComm.dir/Core/Src/spi.c.obj
LOAD CMakeFiles/LowPowerComm.dir/Core/Src/usart.c.obj
LOAD CMakeFiles/LowPowerComm.dir/Core/Src/stm32f3xx_it.c.obj
LOAD CMakeFiles/LowPowerComm.dir/Core/Src/stm32f3xx_hal_msp.c.obj
LOAD CMakeFiles/LowPowerComm.dir/Drivers/STM32F3xx_HAL_Driver/Src/stm32f3xx_hal_i2c.c.obj
LOAD CMakeFiles/LowPowerComm.dir/Drivers/STM32F3xx_HAL_Driver/Src/stm32f3xx_hal_i2c_ex.c.obj
LOAD CMakeFiles/LowPowerComm.dir/Drivers/STM32F3xx_HAL_Driver/Src/stm32f3xx_hal.c.obj
LOAD CMakeFiles/LowPowerComm.dir/Drivers/STM32F3xx_HAL_Driver/Src/stm32f3xx_hal_rcc.c.obj
LOAD CMakeFiles/LowPowerComm.dir/Drivers/STM32F3xx_HAL_Driver/Src/stm32f3xx_hal_rcc_ex.c.obj
LOAD CMakeFiles/LowPowerComm.dir/Drivers/STM32F3xx_HAL_Driver/Src/stm32f3xx_hal_gpio.c.obj
LOAD CMakeFiles/LowPowerComm.dir/Drivers/STM32F3xx_HAL_Driver/Src/stm32f3xx_hal_dma.c.obj
LOAD CMakeFiles/LowPowerComm.dir/Drivers/STM32F3xx_HAL_Driver/Src/stm32f3xx_hal_cortex.c.obj
LOAD CMakeFiles/LowPowerComm.dir/Drivers/STM32F3xx_HAL_Driver/Src/stm32f3xx_hal_pwr.c.obj
LOAD CMakeFiles/LowPowerComm.dir/Drivers/STM32F3xx_HAL_Driver/Src/stm32f3xx_hal_pwr_ex.c.obj
LOAD CMakeFiles/LowPowerComm.dir/Drivers/STM32F3xx_HAL_Driver/Src/stm32f3xx_hal_flash.c.obj
LOAD CMakeFiles/LowPowerComm.dir/Drivers/STM32F3xx_HAL_Driver/Src/stm32f3xx_hal_flash_ex.c.obj
LOAD CMakeFiles/LowPowerComm.dir/Drivers/STM32F3xx_HAL_Driver/Src/stm32f3xx_hal_exti.c.obj
LOAD CMakeFiles/LowPowerComm.dir/Drivers/STM32F3xx_HAL_Driver/Src/stm32f3xx_hal_spi.c.obj
LOAD CMakeFiles/LowPowerComm.dir/Drivers/STM32F3xx_HAL_Driver/Src/stm32f3xx_hal_spi_ex.c.obj
LOAD CMakeFiles/LowPowerComm.dir/Drivers/STM32F3xx_HAL_Driver/Src/stm32f3xx_hal_tim.c.obj
LOAD CMakeFiles/LowPowerComm.dir/Drivers/STM32F3xx_HAL_Driver/Src/stm32f3xx_hal_tim_ex.c.obj
LOAD CMakeFiles/LowPowerComm.dir/Drivers/STM32F3xx_HAL_Driver/Src/stm32f3xx_hal_uart.c.obj
LOAD CMakeFiles/LowPowerComm.dir/Drivers/STM32F3xx_HAL_Driver/Src/stm32f3xx_hal_uart_ex.c.obj
LOAD CMakeFiles/LowPowerComm.dir/Core/Src/system_stm32f3xx.c.obj
LOAD CMakeFiles/LowPowerComm.dir/Core/Src/sysmem.c.obj
LOAD CMakeFiles/LowPowerComm.dir/Core/Src/syscalls.c.obj
LOAD CMakeFiles/LowPowerComm.dir/startup_stm32f303x8.s.obj
START GROUP
LOAD C:/ST/STM32CubeCLT_1.16.0/GNU-tools-for-STM32/bin/../lib/gcc/arm-none-eabi/12.3.1/thumb/v7e-m+fp/hard\libgcc.a
LOAD C:/ST/STM32CubeCLT_1.16.0/GNU-tools-for-STM32/bin/../lib/gcc/arm-none-eabi/12.3.1/../../../../arm-none-eabi/lib/thumb/v7e-m+fp/hard\libg_nano.a
LOAD C:/ST/STM32CubeCLT_1.16.0/GNU-tools-for-STM32/bin/../lib/gcc/arm-none-eabi/12.3.1/../../../../arm-none-eabi/lib/thumb/v7e-m+fp/hard\libc_nano.a
END GROUP
START GROUP
LOAD C:/ST/STM32CubeCLT_1.16.0/GNU-tools-for-STM32/bin/../lib/gcc/arm-none-eabi/12.3.1/thumb/v7e-m+fp/hard\libgcc.a
LOAD C:/ST/STM32CubeCLT_1.16.0/GNU-tools-for-STM32/bin/../lib/gcc/arm-none-eabi/12.3.1/../../../../arm-none-eabi/lib/thumb/v7e-m+fp/hard\libc_nano.a
END GROUP
LOAD C:/ST/STM32CubeCLT_1.16.0/GNU-tools-for-STM32/bin/../lib/gcc/arm-none-eabi/12.3.1/thumb/v7e-m+fp/hard/crtend.o
LOAD C:/ST/STM32CubeCLT_1.16.0/GNU-tools-for-STM32/bin/../lib/gcc/arm-none-eabi/12.3.1/thumb/v7e-m+fp/hard/crtn.o
                0x20003000                        _estack = (ORIGIN (RAM) + LENGTH (RAM))
                0x00000200                        _Min_Heap_Size = 0x200
                0x00000400                        _Min_Stack_Size = 0x400

.isr_vector     0x08000000      0x188
                0x08000000                        . = ALIGN (0x4)
 *(.isr_vector)
 .isr_vector    0x08000000      0x188 CMakeFiles/LowPowerComm.dir/startup_stm32f303x8.s.obj
                0x08000000                g_pfnVectors
                0x08000188                        . = ALIGN (0x4)

.text           0x08000190     0x65b4
                0x08000190                        . = ALIGN (0x4)
 *(.text)
 .text          0x08000190       0x40 C:/ST/STM32CubeCLT_1.16.0/GNU-tools-for-STM32/bin/../lib/gcc/arm-none-eabi/12.3.1/thumb/v7e-m+fp/hard/crtbegin.o
 .text          0x080001d0      0x378 C:/ST/STM32CubeCLT_1.16.0/GNU-tools-for-STM32/bin/../lib/gcc/arm-none-eabi/12.3.1/thumb/v7e-m+fp/hard\libgcc.a(_arm_addsubdf3.o)
                0x080001d0                __aeabi_drsub
                0x080001d8                __aeabi_dsub
                0x080001d8                __subdf3
                0x080001dc                __aeabi_dadd
                0x080001dc                __adddf3
                0x08000454                __floatunsidf
                0x08000454                __aeabi_ui2d
                0x08000474                __floatsidf
                0x08000474                __aeabi_i2d
                0x08000498                __aeabi_f2d
                0x08000498                __extendsfdf2
                0x080004dc                __floatundidf
                0x080004dc                __aeabi_ul2d
                0x080004ec                __floatdidf
                0x080004ec                __aeabi_l2d
 .text          0x08000548      0x424 C:/ST/STM32CubeCLT_1.16.0/GNU-tools-for-STM32/bin/../lib/gcc/arm-none-eabi/12.3.1/thumb/v7e-m+fp/hard\libgcc.a(_arm_muldivdf3.o)
                0x08000548                __aeabi_dmul
                0x08000548                __muldf3
                0x0800079c                __divdf3
                0x0800079c                __aeabi_ddiv
 .text          0x0800096c       0x40 C:/ST/STM32CubeCLT_1.16.0/GNU-tools-for-STM32/bin/../lib/gcc/arm-none-eabi/12.3.1/thumb/v7e-m+fp/hard\libgcc.a(_arm_fixunsdfsi.o)
                0x0800096c                __aeabi_d2uiz
                0x0800096c                __fixunsdfsi
 .text          0x080009ac       0x14 C:/ST/STM32CubeCLT_1.16.0/GNU-tools-for-STM32/bin/../lib/gcc/arm-none-eabi/12.3.1/../../../../arm-none-eabi/lib/thumb/v7e-m+fp/hard\libg_nano.a(libc_a-strcmp.o)
                0x080009ac                strcmp
 .text          0x080009c0       0x10 C:/ST/STM32CubeCLT_1.16.0/GNU-tools-for-STM32/bin/../lib/gcc/arm-none-eabi/12.3.1/../../../../arm-none-eabi/lib/thumb/v7e-m+fp/hard\libg_nano.a(libc_a-strlen.o)
                0x080009c0                strlen
 .text          0x080009d0       0xa0 C:/ST/STM32CubeCLT_1.16.0/GNU-tools-for-STM32/bin/../lib/gcc/arm-none-eabi/12.3.1/../../../../arm-none-eabi/lib/thumb/v7e-m+fp/hard\libg_nano.a(libc_a-memchr.o)
                0x080009d0                memchr
 *(.text*)
 .text.memset   0x08000a70       0x10 C:/ST/STM32CubeCLT_1.16.0/GNU-tools-for-STM32/bin/../lib/gcc/arm-none-eabi/12.3.1/../../../../arm-none-eabi/lib/thumb/v7e-m+fp/hard\libc_nano.a(libc_a-memset.o)
                0x08000a70                memset
 .text.__libc_init_array
                0x08000a80       0x48 C:/ST/STM32CubeCLT_1.16.0/GNU-tools-for-STM32/bin/../lib/gcc/arm-none-eabi/12.3.1/../../../../arm-none-eabi/lib/thumb/v7e-m+fp/hard\libc_nano.a(libc_a-init.o)
                0x08000a80                __libc_init_array
 .text.__retarget_lock_acquire_recursive
                0x08000ac8        0x2 C:/ST/STM32CubeCLT_1.16.0/GNU-tools-for-STM32/bin/../lib/gcc/arm-none-eabi/12.3.1/../../../../arm-none-eabi/lib/thumb/v7e-m+fp/hard\libc_nano.a(libc_a-lock.o)
                0x08000ac8                __retarget_lock_acquire_recursive
 .text.__retarget_lock_release_recursive
                0x08000aca        0x2 C:/ST/STM32CubeCLT_1.16.0/GNU-tools-for-STM32/bin/../lib/gcc/arm-none-eabi/12.3.1/../../../../arm-none-eabi/lib/thumb/v7e-m+fp/hard\libc_nano.a(libc_a-lock.o)
                0x08000aca                __retarget_lock_release_recursive
 .text._free_r  0x08000acc       0x94 C:/ST/STM32CubeCLT_1.16.0/GNU-tools-for-STM32/bin/../lib/gcc/arm-none-eabi/12.3.1/../../../../arm-none-eabi/lib/thumb/v7e-m+fp/hard\libc_nano.a(libc_a-freer.o)
                0x08000acc                _free_r
 .text.sbrk_aligned
                0x08000b60       0x44 C:/ST/STM32CubeCLT_1.16.0/GNU-tools-for-STM32/bin/../lib/gcc/arm-none-eabi/12.3.1/../../../../arm-none-eabi/lib/thumb/v7e-m+fp/hard\libc_nano.a(libc_a-mallocr.o)
 .text._malloc_r
                0x08000ba4      0x100 C:/ST/STM32CubeCLT_1.16.0/GNU-tools-for-STM32/bin/../lib/gcc/arm-none-eabi/12.3.1/../../../../arm-none-eabi/lib/thumb/v7e-m+fp/hard\libc_nano.a(libc_a-mallocr.o)
                0x08000ba4                _malloc_r
 .text.__malloc_lock
                0x08000ca4        0xc C:/ST/STM32CubeCLT_1.16.0/GNU-tools-for-STM32/bin/../lib/gcc/arm-none-eabi/12.3.1/../../../../arm-none-eabi/lib/thumb/v7e-m+fp/hard\libc_nano.a(libc_a-mlock.o)
                0x08000ca4                __malloc_lock
 .text.__malloc_unlock
                0x08000cb0        0xc C:/ST/STM32CubeCLT_1.16.0/GNU-tools-for-STM32/bin/../lib/gcc/arm-none-eabi/12.3.1/../../../../arm-none-eabi/lib/thumb/v7e-m+fp/hard\libc_nano.a(libc_a-mlock.o)
                0x08000cb0                __malloc_unlock
 .text._sbrk_r  0x08000cbc       0x20 C:/ST/STM32CubeCLT_1.16.0/GNU-tools-for-STM32/bin/../lib/gcc/arm-none-eabi/12.3.1/../../../../arm-none-eabi/lib/thumb/v7e-m+fp/hard\libc_nano.a(libc_a-sbrkr.o)
                0x08000cbc                _sbrk_r
 .text._StoreChar
                0x08000cdc       0x7a CMakeFiles/LowPowerComm.dir/Core/RTTViewer/SEGGER_RTT_printf.c.obj
 *fill*         0x08000d56        0x2 
 .text._PrintUnsigned
                0x08000d58      0x154 CMakeFiles/LowPowerComm.dir/Core/RTTViewer/SEGGER_RTT_printf.c.obj
 .text._PrintInt
                0x08000eac      0x146 CMakeFiles/LowPowerComm.dir/Core/RTTViewer/SEGGER_RTT_printf.c.obj
 *fill*         0x08000ff2        0x2 
 .text.SEGGER_RTT_vprintf
                0x08000ff4      0x3a0 CMakeFiles/LowPowerComm.dir/Core/RTTViewer/SEGGER_RTT_printf.c.obj
                0x08000ff4                SEGGER_RTT_vprintf
 .text.SEGGER_RTT_printf
                0x08001394       0x2e CMakeFiles/LowPowerComm.dir/Core/RTTViewer/SEGGER_RTT_printf.c.obj
                0x08001394                SEGGER_RTT_printf
 .text._Init    0x080013c2        0xe CMakeFiles/LowPowerComm.dir/Core/RTTViewer/SEGGER_RTT.c.obj
 .text.SEGGER_RTT_Read
                0x080013d0      0x148 CMakeFiles/LowPowerComm.dir/Core/RTTViewer/SEGGER_RTT.c.obj
                0x080013d0                SEGGER_RTT_Read
 .text.SEGGER_RTT_Write
                0x08001518      0x224 CMakeFiles/LowPowerComm.dir/Core/RTTViewer/SEGGER_RTT.c.obj
                0x08001518                SEGGER_RTT_Write
 .text.SEGGER_RTT_HasKey
                0x0800173c       0x2c CMakeFiles/LowPowerComm.dir/Core/RTTViewer/SEGGER_RTT.c.obj
                0x0800173c                SEGGER_RTT_HasKey
 .text.SEGGER_RTT_ConfigUpBuffer
                0x08001768       0xb4 CMakeFiles/LowPowerComm.dir/Core/RTTViewer/SEGGER_RTT.c.obj
                0x08001768                SEGGER_RTT_ConfigUpBuffer
 .text.SEGGER_RTT_ConfigDownBuffer
                0x0800181c       0xb0 CMakeFiles/LowPowerComm.dir/Core/RTTViewer/SEGGER_RTT.c.obj
                0x0800181c                SEGGER_RTT_ConfigDownBuffer
 .text.SEGGER_RTT_Init
                0x080018cc        0xc CMakeFiles/LowPowerComm.dir/Core/RTTViewer/SEGGER_RTT.c.obj
                0x080018cc                SEGGER_RTT_Init
 .text.RF95_write
                0x080018d8       0x64 CMakeFiles/LowPowerComm.dir/Core/RF95/RF95.c.obj
                0x080018d8                RF95_write
 .text.RF95_write_burst
                0x0800193c       0x70 CMakeFiles/LowPowerComm.dir/Core/RF95/RF95.c.obj
                0x0800193c                RF95_write_burst
 .text.RF95_read
                0x080019ac       0x58 CMakeFiles/LowPowerComm.dir/Core/RF95/RF95.c.obj
                0x080019ac                RF95_read
 .text.RF95_read_burst
                0x08001a04       0x60 CMakeFiles/LowPowerComm.dir/Core/RF95/RF95.c.obj
                0x08001a04                RF95_read_burst
 .text.RF95_Reset
                0x08001a64       0x26 CMakeFiles/LowPowerComm.dir/Core/RF95/RF95.c.obj
                0x08001a64                RF95_Reset
 *fill*         0x08001a8a        0x2 
 .text.RF95_Init
                0x08001a8c       0x74 CMakeFiles/LowPowerComm.dir/Core/RF95/RF95.c.obj
                0x08001a8c                RF95_Init
 .text.RF95_setModemConfig
                0x08001b00       0x60 CMakeFiles/LowPowerComm.dir/Core/RF95/RF95.c.obj
                0x08001b00                RF95_setModemConfig
 .text.RF95_setPreambleLength
                0x08001b60       0x2e CMakeFiles/LowPowerComm.dir/Core/RF95/RF95.c.obj
                0x08001b60                RF95_setPreambleLength
 *fill*         0x08001b8e        0x2 
 .text.RF95_setFrequency
                0x08001b90       0xa4 CMakeFiles/LowPowerComm.dir/Core/RF95/RF95.c.obj
                0x08001b90                RF95_setFrequency
 .text.RF95_setTxPower
                0x08001c34       0xa4 CMakeFiles/LowPowerComm.dir/Core/RF95/RF95.c.obj
                0x08001c34                RF95_setTxPower
 .text.RF95_receive_Timeout
                0x08001cd8       0x8c CMakeFiles/LowPowerComm.dir/Core/RF95/RF95.c.obj
                0x08001cd8                RF95_receive_Timeout
 .text.RF95_send
                0x08001d64       0x80 CMakeFiles/LowPowerComm.dir/Core/RF95/RF95.c.obj
                0x08001d64                RF95_send
 .text.RF95_waitCAD
                0x08001de4       0x54 CMakeFiles/LowPowerComm.dir/Core/RF95/RF95.c.obj
                0x08001de4                RF95_waitCAD
 .text.RF95_waitPacketSent
                0x08001e38       0x28 CMakeFiles/LowPowerComm.dir/Core/RF95/RF95.c.obj
                0x08001e38                RF95_waitPacketSent
 .text.RF95_available_Timeout
                0x08001e60       0x52 CMakeFiles/LowPowerComm.dir/Core/RF95/RF95.c.obj
                0x08001e60                RF95_available_Timeout
 *fill*         0x08001eb2        0x2 
 .text.RF95_setModeCAD
                0x08001eb4       0x2c CMakeFiles/LowPowerComm.dir/Core/RF95/RF95.c.obj
                0x08001eb4                RF95_setModeCAD
 .text.RF95_setModeIdle
                0x08001ee0       0x54 CMakeFiles/LowPowerComm.dir/Core/RF95/RF95.c.obj
                0x08001ee0                RF95_setModeIdle
 .text.RF95_sleep
                0x08001f34       0x50 CMakeFiles/LowPowerComm.dir/Core/RF95/RF95.c.obj
                0x08001f34                RF95_sleep
 .text.RF95_setModeRx_Continuous
                0x08001f84       0x5c CMakeFiles/LowPowerComm.dir/Core/RF95/RF95.c.obj
                0x08001f84                RF95_setModeRx_Continuous
 .text.RF95_setModeTx
                0x08001fe0       0x5c CMakeFiles/LowPowerComm.dir/Core/RF95/RF95.c.obj
                0x08001fe0                RF95_setModeTx
 .text.RF95_Check_RxDone
                0x0800203c       0x34 CMakeFiles/LowPowerComm.dir/Core/RF95/RF95.c.obj
                0x0800203c                RF95_Check_RxDone
 .text.RF95_Check_PayloadCRCError
                0x08002070       0x34 CMakeFiles/LowPowerComm.dir/Core/RF95/RF95.c.obj
                0x08002070                RF95_Check_PayloadCRCError
 .text.RF95_Check_ValidHeader
                0x080020a4       0x34 CMakeFiles/LowPowerComm.dir/Core/RF95/RF95.c.obj
                0x080020a4                RF95_Check_ValidHeader
 .text.RF95_Check_TxDone
                0x080020d8       0x34 CMakeFiles/LowPowerComm.dir/Core/RF95/RF95.c.obj
                0x080020d8                RF95_Check_TxDone
 .text.RF95_Check_CADDone
                0x0800210c       0x34 CMakeFiles/LowPowerComm.dir/Core/RF95/RF95.c.obj
                0x0800210c                RF95_Check_CADDone
 .text.RF95_Clear_IRQ
                0x08002140       0x32 CMakeFiles/LowPowerComm.dir/Core/RF95/RF95.c.obj
                0x08002140                RF95_Clear_IRQ
 .text.Clear_Buffer
                0x08002172       0x22 CMakeFiles/LowPowerComm.dir/Core/RF95/RF95.c.obj
                0x08002172                Clear_Buffer
 .text.RF95_Master_Receive_from_Node
                0x08002194      0x23c CMakeFiles/LowPowerComm.dir/Core/RF95/RF95.c.obj
                0x08002194                RF95_Master_Receive_from_Node
 .text.RF95_Master_Receive_from_All_Nodes
                0x080023d0       0x30 CMakeFiles/LowPowerComm.dir/Core/RF95/RF95.c.obj
                0x080023d0                RF95_Master_Receive_from_All_Nodes
 .text.main     0x08002400       0xa8 CMakeFiles/LowPowerComm.dir/Core/Src/main.c.obj
                0x08002400                main
 .text.SystemClock_Config
                0x080024a8       0xb0 CMakeFiles/LowPowerComm.dir/Core/Src/main.c.obj
                0x080024a8                SystemClock_Config
 .text.Error_Handler
                0x08002558        0xc CMakeFiles/LowPowerComm.dir/Core/Src/main.c.obj
                0x08002558                Error_Handler
 .text.MX_GPIO_Init
                0x08002564       0xdc CMakeFiles/LowPowerComm.dir/Core/Src/gpio.c.obj
                0x08002564                MX_GPIO_Init
 .text.MX_I2C1_Init
                0x08002640       0x90 CMakeFiles/LowPowerComm.dir/Core/Src/i2c.c.obj
                0x08002640                MX_I2C1_Init
 .text.HAL_I2C_MspInit
                0x080026d0       0x98 CMakeFiles/LowPowerComm.dir/Core/Src/i2c.c.obj
                0x080026d0                HAL_I2C_MspInit
 .text.MX_SPI1_Init
                0x08002768       0x7c CMakeFiles/LowPowerComm.dir/Core/Src/spi.c.obj
                0x08002768                MX_SPI1_Init
 .text.HAL_SPI_MspInit
                0x080027e4       0x84 CMakeFiles/LowPowerComm.dir/Core/Src/spi.c.obj
                0x080027e4                HAL_SPI_MspInit
 .text.MX_USART2_UART_Init
                0x08002868       0x60 CMakeFiles/LowPowerComm.dir/Core/Src/usart.c.obj
                0x08002868                MX_USART2_UART_Init
 .text.HAL_UART_MspInit
                0x080028c8       0x88 CMakeFiles/LowPowerComm.dir/Core/Src/usart.c.obj
                0x080028c8                HAL_UART_MspInit
 .text.NMI_Handler
                0x08002950        0x8 CMakeFiles/LowPowerComm.dir/Core/Src/stm32f3xx_it.c.obj
                0x08002950                NMI_Handler
 .text.HardFault_Handler
                0x08002958        0x8 CMakeFiles/LowPowerComm.dir/Core/Src/stm32f3xx_it.c.obj
                0x08002958                HardFault_Handler
 .text.MemManage_Handler
                0x08002960        0x8 CMakeFiles/LowPowerComm.dir/Core/Src/stm32f3xx_it.c.obj
                0x08002960                MemManage_Handler
 .text.BusFault_Handler
                0x08002968        0x8 CMakeFiles/LowPowerComm.dir/Core/Src/stm32f3xx_it.c.obj
                0x08002968                BusFault_Handler
 .text.UsageFault_Handler
                0x08002970        0x8 CMakeFiles/LowPowerComm.dir/Core/Src/stm32f3xx_it.c.obj
                0x08002970                UsageFault_Handler
 .text.SVC_Handler
                0x08002978        0xe CMakeFiles/LowPowerComm.dir/Core/Src/stm32f3xx_it.c.obj
                0x08002978                SVC_Handler
 .text.DebugMon_Handler
                0x08002986        0xe CMakeFiles/LowPowerComm.dir/Core/Src/stm32f3xx_it.c.obj
                0x08002986                DebugMon_Handler
 .text.PendSV_Handler
                0x08002994        0xe CMakeFiles/LowPowerComm.dir/Core/Src/stm32f3xx_it.c.obj
                0x08002994                PendSV_Handler
 .text.SysTick_Handler
                0x080029a2        0xc CMakeFiles/LowPowerComm.dir/Core/Src/stm32f3xx_it.c.obj
                0x080029a2                SysTick_Handler
 *fill*         0x080029ae        0x2 
 .text.HAL_MspInit
                0x080029b0       0x48 CMakeFiles/LowPowerComm.dir/Core/Src/stm32f3xx_hal_msp.c.obj
                0x080029b0                HAL_MspInit
 .text.HAL_I2C_Init
                0x080029f8      0x136 CMakeFiles/LowPowerComm.dir/Drivers/STM32F3xx_HAL_Driver/Src/stm32f3xx_hal_i2c.c.obj
                0x080029f8                HAL_I2C_Init
 .text.HAL_I2CEx_ConfigAnalogFilter
                0x08002b2e       0x96 CMakeFiles/LowPowerComm.dir/Drivers/STM32F3xx_HAL_Driver/Src/stm32f3xx_hal_i2c_ex.c.obj
                0x08002b2e                HAL_I2CEx_ConfigAnalogFilter
 .text.HAL_I2CEx_ConfigDigitalFilter
                0x08002bc4       0x98 CMakeFiles/LowPowerComm.dir/Drivers/STM32F3xx_HAL_Driver/Src/stm32f3xx_hal_i2c_ex.c.obj
                0x08002bc4                HAL_I2CEx_ConfigDigitalFilter
 .text.HAL_I2CEx_EnableFastModePlus
                0x08002c5c       0x40 CMakeFiles/LowPowerComm.dir/Drivers/STM32F3xx_HAL_Driver/Src/stm32f3xx_hal_i2c_ex.c.obj
                0x08002c5c                HAL_I2CEx_EnableFastModePlus
 .text.HAL_Init
                0x08002c9c       0x2c CMakeFiles/LowPowerComm.dir/Drivers/STM32F3xx_HAL_Driver/Src/stm32f3xx_hal.c.obj
                0x08002c9c                HAL_Init
 .text.HAL_InitTick
                0x08002cc8       0x60 CMakeFiles/LowPowerComm.dir/Drivers/STM32F3xx_HAL_Driver/Src/stm32f3xx_hal.c.obj
                0x08002cc8                HAL_InitTick
 .text.HAL_IncTick
                0x08002d28       0x28 CMakeFiles/LowPowerComm.dir/Drivers/STM32F3xx_HAL_Driver/Src/stm32f3xx_hal.c.obj
                0x08002d28                HAL_IncTick
 .text.HAL_GetTick
                0x08002d50       0x18 CMakeFiles/LowPowerComm.dir/Drivers/STM32F3xx_HAL_Driver/Src/stm32f3xx_hal.c.obj
                0x08002d50                HAL_GetTick
 .text.HAL_Delay
                0x08002d68       0x48 CMakeFiles/LowPowerComm.dir/Drivers/STM32F3xx_HAL_Driver/Src/stm32f3xx_hal.c.obj
                0x08002d68                HAL_Delay
 .text.HAL_RCC_OscConfig
                0x08002db0     0x107c CMakeFiles/LowPowerComm.dir/Drivers/STM32F3xx_HAL_Driver/Src/stm32f3xx_hal_rcc.c.obj
                0x08002db0                HAL_RCC_OscConfig
 .text.HAL_RCC_ClockConfig
                0x08003e2c      0x2f8 CMakeFiles/LowPowerComm.dir/Drivers/STM32F3xx_HAL_Driver/Src/stm32f3xx_hal_rcc.c.obj
                0x08003e2c                HAL_RCC_ClockConfig
 .text.HAL_RCC_GetSysClockFreq
                0x08004124       0xa8 CMakeFiles/LowPowerComm.dir/Drivers/STM32F3xx_HAL_Driver/Src/stm32f3xx_hal_rcc.c.obj
                0x08004124                HAL_RCC_GetSysClockFreq
 .text.HAL_RCC_GetHCLKFreq
                0x080041cc       0x18 CMakeFiles/LowPowerComm.dir/Drivers/STM32F3xx_HAL_Driver/Src/stm32f3xx_hal_rcc.c.obj
                0x080041cc                HAL_RCC_GetHCLKFreq
 .text.HAL_RCC_GetPCLK1Freq
                0x080041e4       0x44 CMakeFiles/LowPowerComm.dir/Drivers/STM32F3xx_HAL_Driver/Src/stm32f3xx_hal_rcc.c.obj
                0x080041e4                HAL_RCC_GetPCLK1Freq
 .text.HAL_RCC_GetPCLK2Freq
                0x08004228       0x44 CMakeFiles/LowPowerComm.dir/Drivers/STM32F3xx_HAL_Driver/Src/stm32f3xx_hal_rcc.c.obj
                0x08004228                HAL_RCC_GetPCLK2Freq
 .text.HAL_RCCEx_PeriphCLKConfig
                0x0800426c      0x24c CMakeFiles/LowPowerComm.dir/Drivers/STM32F3xx_HAL_Driver/Src/stm32f3xx_hal_rcc_ex.c.obj
                0x0800426c                HAL_RCCEx_PeriphCLKConfig
 .text.HAL_GPIO_Init
                0x080044b8      0x2e4 CMakeFiles/LowPowerComm.dir/Drivers/STM32F3xx_HAL_Driver/Src/stm32f3xx_hal_gpio.c.obj
                0x080044b8                HAL_GPIO_Init
 .text.HAL_GPIO_WritePin
                0x0800479c       0x30 CMakeFiles/LowPowerComm.dir/Drivers/STM32F3xx_HAL_Driver/Src/stm32f3xx_hal_gpio.c.obj
                0x0800479c                HAL_GPIO_WritePin
 .text.HAL_GPIO_TogglePin
                0x080047cc       0x34 CMakeFiles/LowPowerComm.dir/Drivers/STM32F3xx_HAL_Driver/Src/stm32f3xx_hal_gpio.c.obj
                0x080047cc                HAL_GPIO_TogglePin
 .text.__NVIC_SetPriorityGrouping
                0x08004800       0x48 CMakeFiles/LowPowerComm.dir/Drivers/STM32F3xx_HAL_Driver/Src/stm32f3xx_hal_cortex.c.obj
 .text.__NVIC_GetPriorityGrouping
                0x08004848       0x1c CMakeFiles/LowPowerComm.dir/Drivers/STM32F3xx_HAL_Driver/Src/stm32f3xx_hal_cortex.c.obj
 .text.__NVIC_SetPriority
                0x08004864       0x54 CMakeFiles/LowPowerComm.dir/Drivers/STM32F3xx_HAL_Driver/Src/stm32f3xx_hal_cortex.c.obj
 .text.NVIC_EncodePriority
                0x080048b8       0x66 CMakeFiles/LowPowerComm.dir/Drivers/STM32F3xx_HAL_Driver/Src/stm32f3xx_hal_cortex.c.obj
 *fill*         0x0800491e        0x2 
 .text.SysTick_Config
                0x08004920       0x44 CMakeFiles/LowPowerComm.dir/Drivers/STM32F3xx_HAL_Driver/Src/stm32f3xx_hal_cortex.c.obj
 .text.HAL_NVIC_SetPriorityGrouping
                0x08004964       0x16 CMakeFiles/LowPowerComm.dir/Drivers/STM32F3xx_HAL_Driver/Src/stm32f3xx_hal_cortex.c.obj
                0x08004964                HAL_NVIC_SetPriorityGrouping
 .text.HAL_NVIC_SetPriority
                0x0800497a       0x38 CMakeFiles/LowPowerComm.dir/Drivers/STM32F3xx_HAL_Driver/Src/stm32f3xx_hal_cortex.c.obj
                0x0800497a                HAL_NVIC_SetPriority
 .text.HAL_SYSTICK_Config
                0x080049b2       0x18 CMakeFiles/LowPowerComm.dir/Drivers/STM32F3xx_HAL_Driver/Src/stm32f3xx_hal_cortex.c.obj
                0x080049b2                HAL_SYSTICK_Config
 .text.HAL_SPI_Init
                0x080049ca      0x146 CMakeFiles/LowPowerComm.dir/Drivers/STM32F3xx_HAL_Driver/Src/stm32f3xx_hal_spi.c.obj
                0x080049ca                HAL_SPI_Init
 .text.HAL_SPI_Transmit
                0x08004b10      0x2ea CMakeFiles/LowPowerComm.dir/Drivers/STM32F3xx_HAL_Driver/Src/stm32f3xx_hal_spi.c.obj
                0x08004b10                HAL_SPI_Transmit
 .text.HAL_SPI_Receive
                0x08004dfa      0x26e CMakeFiles/LowPowerComm.dir/Drivers/STM32F3xx_HAL_Driver/Src/stm32f3xx_hal_spi.c.obj
                0x08004dfa                HAL_SPI_Receive
 .text.HAL_SPI_TransmitReceive
                0x08005068      0x444 CMakeFiles/LowPowerComm.dir/Drivers/STM32F3xx_HAL_Driver/Src/stm32f3xx_hal_spi.c.obj
                0x08005068                HAL_SPI_TransmitReceive
 .text.SPI_WaitFlagStateUntilTimeout
                0x080054ac      0x110 CMakeFiles/LowPowerComm.dir/Drivers/STM32F3xx_HAL_Driver/Src/stm32f3xx_hal_spi.c.obj
 .text.SPI_WaitFifoStateUntilTimeout
                0x080055bc      0x12c CMakeFiles/LowPowerComm.dir/Drivers/STM32F3xx_HAL_Driver/Src/stm32f3xx_hal_spi.c.obj
 .text.SPI_EndRxTransaction
                0x080056e8       0xb0 CMakeFiles/LowPowerComm.dir/Drivers/STM32F3xx_HAL_Driver/Src/stm32f3xx_hal_spi.c.obj
 .text.SPI_EndRxTxTransaction
                0x08005798       0x8c CMakeFiles/LowPowerComm.dir/Drivers/STM32F3xx_HAL_Driver/Src/stm32f3xx_hal_spi.c.obj
 .text.HAL_UART_Init
                0x08005824       0x9c CMakeFiles/LowPowerComm.dir/Drivers/STM32F3xx_HAL_Driver/Src/stm32f3xx_hal_uart.c.obj
                0x08005824                HAL_UART_Init
 .text.UART_SetConfig
                0x080058c0      0x26c CMakeFiles/LowPowerComm.dir/Drivers/STM32F3xx_HAL_Driver/Src/stm32f3xx_hal_uart.c.obj
                0x080058c0                UART_SetConfig
 .text.UART_AdvFeatureConfig
                0x08005b2c      0x144 CMakeFiles/LowPowerComm.dir/Drivers/STM32F3xx_HAL_Driver/Src/stm32f3xx_hal_uart.c.obj
                0x08005b2c                UART_AdvFeatureConfig
 .text.UART_CheckIdleState
                0x08005c70      0x150 CMakeFiles/LowPowerComm.dir/Drivers/STM32F3xx_HAL_Driver/Src/stm32f3xx_hal_uart.c.obj
                0x08005c70                UART_CheckIdleState
 .text.UART_WaitOnFlagUntilTimeout
                0x08005dc0       0xda CMakeFiles/LowPowerComm.dir/Drivers/STM32F3xx_HAL_Driver/Src/stm32f3xx_hal_uart.c.obj
                0x08005dc0                UART_WaitOnFlagUntilTimeout
 .text.UART_EndRxTransfer
                0x08005e9a       0xc8 CMakeFiles/LowPowerComm.dir/Drivers/STM32F3xx_HAL_Driver/Src/stm32f3xx_hal_uart.c.obj
 *fill*         0x08005f62        0x2 
 .text.SystemInit
                0x08005f64       0x24 CMakeFiles/LowPowerComm.dir/Core/Src/system_stm32f3xx.c.obj
                0x08005f64                SystemInit
 .text._sbrk    0x08005f88       0x6c CMakeFiles/LowPowerComm.dir/Core/Src/sysmem.c.obj
                0x08005f88                _sbrk
 .text.Reset_Handler
                0x08005ff4       0x50 CMakeFiles/LowPowerComm.dir/startup_stm32f303x8.s.obj
                0x08005ff4                Reset_Handler
 .text.Default_Handler
                0x08006044        0x2 CMakeFiles/LowPowerComm.dir/startup_stm32f303x8.s.obj
                0x08006044                RTC_Alarm_IRQHandler
                0x08006044                TIM1_CC_IRQHandler
                0x08006044                PVD_IRQHandler
                0x08006044                TAMP_STAMP_IRQHandler
                0x08006044                EXTI3_IRQHandler
                0x08006044                EXTI0_IRQHandler
                0x08006044                FPU_IRQHandler
                0x08006044                CAN_TX_IRQHandler
                0x08006044                TIM1_UP_TIM16_IRQHandler
                0x08006044                ADC1_2_IRQHandler
                0x08006044                SPI1_IRQHandler
                0x08006044                CAN_SCE_IRQHandler
                0x08006044                DMA1_Channel4_IRQHandler
                0x08006044                USART3_IRQHandler
                0x08006044                DMA1_Channel7_IRQHandler
                0x08006044                TIM7_DAC2_IRQHandler
                0x08006044                CAN_RX1_IRQHandler
                0x08006044                I2C1_EV_IRQHandler
                0x08006044                DMA1_Channel6_IRQHandler
                0x08006044                TIM3_IRQHandler
                0x08006044                RCC_IRQHandler
                0x08006044                DMA1_Channel1_IRQHandler
                0x08006044                Default_Handler
                0x08006044                EXTI15_10_IRQHandler
                0x08006044                COMP2_IRQHandler
                0x08006044                TIM6_DAC1_IRQHandler
                0x08006044                EXTI9_5_IRQHandler
                0x08006044                RTC_WKUP_IRQHandler
                0x08006044                DMA1_Channel5_IRQHandler
                0x08006044                EXTI4_IRQHandler
                0x08006044                TIM1_TRG_COM_TIM17_IRQHandler
                0x08006044                DMA1_Channel3_IRQHandler
                0x08006044                WWDG_IRQHandler
                0x08006044                TIM2_IRQHandler
                0x08006044                EXTI1_IRQHandler
                0x08006044                COMP4_6_IRQHandler
                0x08006044                USART2_IRQHandler
                0x08006044                DMA1_Channel2_IRQHandler
                0x08006044                FLASH_IRQHandler
                0x08006044                USART1_IRQHandler
                0x08006044                CAN_RX0_IRQHandler
                0x08006044                I2C1_ER_IRQHandler
                0x08006044                EXTI2_TSC_IRQHandler
                0x08006044                TIM1_BRK_TIM15_IRQHandler
 *fill*         0x08006046        0x2 
 .text.sprintf  0x08006048       0x40 C:/ST/STM32CubeCLT_1.16.0/GNU-tools-for-STM32/bin/../lib/gcc/arm-none-eabi/12.3.1/../../../../arm-none-eabi/lib/thumb/v7e-m+fp/hard\libg_nano.a(libc_a-sprintf.o)
                0x08006048                siprintf
                0x08006048                sprintf
 .text.memmove  0x08006088       0x34 C:/ST/STM32CubeCLT_1.16.0/GNU-tools-for-STM32/bin/../lib/gcc/arm-none-eabi/12.3.1/../../../../arm-none-eabi/lib/thumb/v7e-m+fp/hard\libg_nano.a(libc_a-memmove.o)
                0x08006088                memmove
 .text.__errno  0x080060bc        0xc C:/ST/STM32CubeCLT_1.16.0/GNU-tools-for-STM32/bin/../lib/gcc/arm-none-eabi/12.3.1/../../../../arm-none-eabi/lib/thumb/v7e-m+fp/hard\libg_nano.a(libc_a-errno.o)
                0x080060bc                __errno
 .text.strcpy   0x080060c8       0x10 C:/ST/STM32CubeCLT_1.16.0/GNU-tools-for-STM32/bin/../lib/gcc/arm-none-eabi/12.3.1/../../../../arm-none-eabi/lib/thumb/v7e-m+fp/hard\libg_nano.a(libc_a-strcpy.o)
                0x080060c8                strcpy
 .text.memcpy   0x080060d8       0x1c C:/ST/STM32CubeCLT_1.16.0/GNU-tools-for-STM32/bin/../lib/gcc/arm-none-eabi/12.3.1/../../../../arm-none-eabi/lib/thumb/v7e-m+fp/hard\libg_nano.a(libc_a-memcpy-stub.o)
                0x080060d8                memcpy
 .text.__ssputs_r
                0x080060f4       0xb6 C:/ST/STM32CubeCLT_1.16.0/GNU-tools-for-STM32/bin/../lib/gcc/arm-none-eabi/12.3.1/../../../../arm-none-eabi/lib/thumb/v7e-m+fp/hard\libg_nano.a(libc_a-nano-svfprintf.o)
                0x080060f4                __ssputs_r
 *fill*         0x080061aa        0x2 
 .text._svfprintf_r
                0x080061ac      0x1f8 C:/ST/STM32CubeCLT_1.16.0/GNU-tools-for-STM32/bin/../lib/gcc/arm-none-eabi/12.3.1/../../../../arm-none-eabi/lib/thumb/v7e-m+fp/hard\libg_nano.a(libc_a-nano-svfprintf.o)
                0x080061ac                _svfiprintf_r
                0x080061ac                _svfprintf_r
 .text._printf_common
                0x080063a4       0xda C:/ST/STM32CubeCLT_1.16.0/GNU-tools-for-STM32/bin/../lib/gcc/arm-none-eabi/12.3.1/../../../../arm-none-eabi/lib/thumb/v7e-m+fp/hard\libg_nano.a(libc_a-nano-vfprintf_i.o)
                0x080063a4                _printf_common
 *fill*         0x0800647e        0x2 
 .text._printf_i
                0x08006480      0x240 C:/ST/STM32CubeCLT_1.16.0/GNU-tools-for-STM32/bin/../lib/gcc/arm-none-eabi/12.3.1/../../../../arm-none-eabi/lib/thumb/v7e-m+fp/hard\libg_nano.a(libc_a-nano-vfprintf_i.o)
                0x08006480                _printf_i
 .text._realloc_r
                0x080066c0       0x5c C:/ST/STM32CubeCLT_1.16.0/GNU-tools-for-STM32/bin/../lib/gcc/arm-none-eabi/12.3.1/../../../../arm-none-eabi/lib/thumb/v7e-m+fp/hard\libg_nano.a(libc_a-reallocr.o)
                0x080066c0                _realloc_r
 .text._malloc_usable_size_r
                0x0800671c       0x10 C:/ST/STM32CubeCLT_1.16.0/GNU-tools-for-STM32/bin/../lib/gcc/arm-none-eabi/12.3.1/../../../../arm-none-eabi/lib/thumb/v7e-m+fp/hard\libg_nano.a(libc_a-msizer.o)
                0x0800671c                _malloc_usable_size_r
 *(.glue_7)
 .glue_7        0x0800672c        0x0 linker stubs
 *(.glue_7t)
 .glue_7t       0x0800672c        0x0 linker stubs
 *(.eh_frame)
 .eh_frame      0x0800672c        0x0 C:/ST/STM32CubeCLT_1.16.0/GNU-tools-for-STM32/bin/../lib/gcc/arm-none-eabi/12.3.1/thumb/v7e-m+fp/hard/crtbegin.o
 *(.init)
 .init          0x0800672c        0x4 C:/ST/STM32CubeCLT_1.16.0/GNU-tools-for-STM32/bin/../lib/gcc/arm-none-eabi/12.3.1/thumb/v7e-m+fp/hard/crti.o
                0x0800672c                _init
 .init          0x08006730        0x8 C:/ST/STM32CubeCLT_1.16.0/GNU-tools-for-STM32/bin/../lib/gcc/arm-none-eabi/12.3.1/thumb/v7e-m+fp/hard/crtn.o
 *(.fini)
 .fini          0x08006738        0x4 C:/ST/STM32CubeCLT_1.16.0/GNU-tools-for-STM32/bin/../lib/gcc/arm-none-eabi/12.3.1/thumb/v7e-m+fp/hard/crti.o
                0x08006738                _fini
 .fini          0x0800673c        0x8 C:/ST/STM32CubeCLT_1.16.0/GNU-tools-for-STM32/bin/../lib/gcc/arm-none-eabi/12.3.1/thumb/v7e-m+fp/hard/crtn.o
                0x08006744                        . = ALIGN (0x4)
                0x08006744                        _etext = .

.vfp11_veneer   0x08006744        0x0
 .vfp11_veneer  0x08006744        0x0 linker stubs

.v4_bx          0x08006744        0x0
 .v4_bx         0x08006744        0x0 linker stubs

.iplt           0x08006744        0x0
 .iplt          0x08006744        0x0 C:/ST/STM32CubeCLT_1.16.0/GNU-tools-for-STM32/bin/../lib/gcc/arm-none-eabi/12.3.1/thumb/v7e-m+fp/hard/crtbegin.o

.rodata         0x08006744       0xc4
                0x08006744                        . = ALIGN (0x4)
 *(.rodata)
 .rodata        0x08006744        0x9 CMakeFiles/LowPowerComm.dir/Core/RTTViewer/SEGGER_RTT.c.obj
 *fill*         0x0800674d        0x3 
 .rodata        0x08006750       0x27 CMakeFiles/LowPowerComm.dir/Core/RF95/RF95.c.obj
 *fill*         0x08006777        0x1 
 .rodata        0x08006778       0x13 CMakeFiles/LowPowerComm.dir/Core/Src/main.c.obj
 *(.rodata*)
 *fill*         0x0800678b        0x1 
 .rodata._aV2C.0
                0x0800678c       0x10 CMakeFiles/LowPowerComm.dir/Core/RTTViewer/SEGGER_RTT_printf.c.obj
 .rodata.aPLLMULFactorTable
                0x0800679c       0x10 CMakeFiles/LowPowerComm.dir/Drivers/STM32F3xx_HAL_Driver/Src/stm32f3xx_hal_rcc.c.obj
 .rodata.aPredivFactorTable
                0x080067ac       0x10 CMakeFiles/LowPowerComm.dir/Drivers/STM32F3xx_HAL_Driver/Src/stm32f3xx_hal_rcc.c.obj
 .rodata.AHBPrescTable
                0x080067bc       0x10 CMakeFiles/LowPowerComm.dir/Core/Src/system_stm32f3xx.c.obj
                0x080067bc                AHBPrescTable
 .rodata.APBPrescTable
                0x080067cc        0x8 CMakeFiles/LowPowerComm.dir/Core/Src/system_stm32f3xx.c.obj
                0x080067cc                APBPrescTable
 .rodata._svfprintf_r.str1.1
                0x080067d4       0x11 C:/ST/STM32CubeCLT_1.16.0/GNU-tools-for-STM32/bin/../lib/gcc/arm-none-eabi/12.3.1/../../../../arm-none-eabi/lib/thumb/v7e-m+fp/hard\libg_nano.a(libc_a-nano-svfprintf.o)
 .rodata._printf_i.str1.1
                0x080067e5       0x22 C:/ST/STM32CubeCLT_1.16.0/GNU-tools-for-STM32/bin/../lib/gcc/arm-none-eabi/12.3.1/../../../../arm-none-eabi/lib/thumb/v7e-m+fp/hard\libg_nano.a(libc_a-nano-vfprintf_i.o)
                0x08006808                        . = ALIGN (0x4)
 *fill*         0x08006807        0x1 

.ARM.extab
 *(.ARM.extab* .gnu.linkonce.armextab.*)

.ARM            0x08006808        0x8
                0x08006808                        __exidx_start = .
 *(.ARM.exidx*)
 .ARM.exidx     0x08006808        0x8 C:/ST/STM32CubeCLT_1.16.0/GNU-tools-for-STM32/bin/../lib/gcc/arm-none-eabi/12.3.1/../../../../arm-none-eabi/lib/thumb/v7e-m+fp/hard\libg_nano.a(libc_a-strcmp.o)
 .ARM.exidx     0x08006810        0x0 C:/ST/STM32CubeCLT_1.16.0/GNU-tools-for-STM32/bin/../lib/gcc/arm-none-eabi/12.3.1/../../../../arm-none-eabi/lib/thumb/v7e-m+fp/hard\libg_nano.a(libc_a-strlen.o)
                                  0x8 (size before relaxing)
 .ARM.exidx     0x08006810        0x0 C:/ST/STM32CubeCLT_1.16.0/GNU-tools-for-STM32/bin/../lib/gcc/arm-none-eabi/12.3.1/../../../../arm-none-eabi/lib/thumb/v7e-m+fp/hard\libg_nano.a(libc_a-memchr.o)
                                  0x8 (size before relaxing)
                0x08006810                        __exidx_end = .

.rel.dyn        0x08006810        0x0
 .rel.iplt      0x08006810        0x0 C:/ST/STM32CubeCLT_1.16.0/GNU-tools-for-STM32/bin/../lib/gcc/arm-none-eabi/12.3.1/thumb/v7e-m+fp/hard/crtbegin.o

.preinit_array  0x08006810        0x0
                0x08006810                        PROVIDE (__preinit_array_start = .)
 *(.preinit_array*)
                0x08006810                        PROVIDE (__preinit_array_end = .)

.init_array     0x08006810        0x4
                0x08006810                        PROVIDE (__init_array_start = .)
 *(SORT_BY_NAME(.init_array.*))
 *(.init_array*)
 .init_array    0x08006810        0x4 C:/ST/STM32CubeCLT_1.16.0/GNU-tools-for-STM32/bin/../lib/gcc/arm-none-eabi/12.3.1/thumb/v7e-m+fp/hard/crtbegin.o
                0x08006814                        PROVIDE (__init_array_end = .)

.fini_array     0x08006814        0x4
                [!provide]                        PROVIDE (__fini_array_start = .)
 *(SORT_BY_NAME(.fini_array.*))
 *(.fini_array*)
 .fini_array    0x08006814        0x4 C:/ST/STM32CubeCLT_1.16.0/GNU-tools-for-STM32/bin/../lib/gcc/arm-none-eabi/12.3.1/thumb/v7e-m+fp/hard/crtbegin.o
                [!provide]                        PROVIDE (__fini_array_end = .)
                0x08006818                        _sidata = LOADADDR (.data)

.data           0x20000000       0xe8 load address 0x08006818
                0x20000000                        . = ALIGN (0x4)
                0x20000000                        _sdata = .
 *(.data)
 *(.data*)
 .data._impure_ptr
                0x20000000        0x4 C:/ST/STM32CubeCLT_1.16.0/GNU-tools-for-STM32/bin/../lib/gcc/arm-none-eabi/12.3.1/../../../../arm-none-eabi/lib/thumb/v7e-m+fp/hard\libc_nano.a(libc_a-impure.o)
                0x20000000                _impure_ptr
 .data._impure_data
                0x20000004       0x4c C:/ST/STM32CubeCLT_1.16.0/GNU-tools-for-STM32/bin/../lib/gcc/arm-none-eabi/12.3.1/../../../../arm-none-eabi/lib/thumb/v7e-m+fp/hard\libc_nano.a(libc_a-impure.o)
                0x20000004                _impure_data
 .data._SEGGER_RTT
                0x20000050       0x78 CMakeFiles/LowPowerComm.dir/Core/RTTViewer/SEGGER_RTT.c.obj
 .data._cad_timeout
                0x200000c8        0x2 CMakeFiles/LowPowerComm.dir/Core/RF95/RF95.c.obj
                0x200000c8                _cad_timeout
 *fill*         0x200000ca        0x2 
 .data.MODEM_CONFIG_TABLE
                0x200000cc        0xf CMakeFiles/LowPowerComm.dir/Core/RF95/RF95.c.obj
                0x200000cc                MODEM_CONFIG_TABLE
 *fill*         0x200000db        0x1 
 .data.uwTickPrio
                0x200000dc        0x4 CMakeFiles/LowPowerComm.dir/Drivers/STM32F3xx_HAL_Driver/Src/stm32f3xx_hal.c.obj
                0x200000dc                uwTickPrio
 .data.uwTickFreq
                0x200000e0        0x1 CMakeFiles/LowPowerComm.dir/Drivers/STM32F3xx_HAL_Driver/Src/stm32f3xx_hal.c.obj
                0x200000e0                uwTickFreq
 *fill*         0x200000e1        0x3 
 .data.SystemCoreClock
                0x200000e4        0x4 CMakeFiles/LowPowerComm.dir/Core/Src/system_stm32f3xx.c.obj
                0x200000e4                SystemCoreClock
                0x200000e8                        . = ALIGN (0x4)
                0x200000e8                        _edata = .
                0x08006900                        _siccmram = LOADADDR (.ccmram)

.igot.plt       0x200000e8        0x0 load address 0x08006900
 .igot.plt      0x200000e8        0x0 C:/ST/STM32CubeCLT_1.16.0/GNU-tools-for-STM32/bin/../lib/gcc/arm-none-eabi/12.3.1/thumb/v7e-m+fp/hard/crtbegin.o

.ccmram         0x10000000        0x0 load address 0x08006900
                0x10000000                        . = ALIGN (0x4)
                0x10000000                        _sccmram = .
 *(.ccmram)
 *(.ccmram*)
                0x10000000                        . = ALIGN (0x4)
                0x10000000                        _eccmram = .
                0x10000000                        . = ALIGN (0x4)

.bss            0x200000e8      0x7c4
                0x200000e8                        _sbss = .
                0x200000e8                        __bss_start__ = _sbss
 *(.bss)
 .bss           0x200000e8       0x1c C:/ST/STM32CubeCLT_1.16.0/GNU-tools-for-STM32/bin/../lib/gcc/arm-none-eabi/12.3.1/thumb/v7e-m+fp/hard/crtbegin.o
 *(.bss*)
 .bss.__sf      0x20000104      0x138 C:/ST/STM32CubeCLT_1.16.0/GNU-tools-for-STM32/bin/../lib/gcc/arm-none-eabi/12.3.1/../../../../arm-none-eabi/lib/thumb/v7e-m+fp/hard\libc_nano.a(libc_a-findfp.o)
                0x20000104                __sf
 .bss.errno     0x2000023c        0x4 C:/ST/STM32CubeCLT_1.16.0/GNU-tools-for-STM32/bin/../lib/gcc/arm-none-eabi/12.3.1/../../../../arm-none-eabi/lib/thumb/v7e-m+fp/hard\libc_nano.a(libc_a-reent.o)
                0x2000023c                errno
 .bss.__lock___malloc_recursive_mutex
                0x20000240        0x1 C:/ST/STM32CubeCLT_1.16.0/GNU-tools-for-STM32/bin/../lib/gcc/arm-none-eabi/12.3.1/../../../../arm-none-eabi/lib/thumb/v7e-m+fp/hard\libc_nano.a(libc_a-lock.o)
                0x20000240                __lock___malloc_recursive_mutex
 *fill*         0x20000241        0x3 
 .bss.__malloc_sbrk_start
                0x20000244        0x4 C:/ST/STM32CubeCLT_1.16.0/GNU-tools-for-STM32/bin/../lib/gcc/arm-none-eabi/12.3.1/../../../../arm-none-eabi/lib/thumb/v7e-m+fp/hard\libc_nano.a(libc_a-mallocr.o)
                0x20000244                __malloc_sbrk_start
 .bss.__malloc_free_list
                0x20000248        0x4 C:/ST/STM32CubeCLT_1.16.0/GNU-tools-for-STM32/bin/../lib/gcc/arm-none-eabi/12.3.1/../../../../arm-none-eabi/lib/thumb/v7e-m+fp/hard\libc_nano.a(libc_a-mallocr.o)
                0x20000248                __malloc_free_list
 .bss._acUpBuffer
                0x2000024c      0x400 CMakeFiles/LowPowerComm.dir/Core/RTTViewer/SEGGER_RTT.c.obj
 .bss._acDownBuffer
                0x2000064c       0x10 CMakeFiles/LowPowerComm.dir/Core/RTTViewer/SEGGER_RTT.c.obj
 .bss._mode     0x2000065c        0x1 CMakeFiles/LowPowerComm.dir/Core/RF95/RF95.c.obj
                0x2000065c                _mode
 *fill*         0x2000065d        0x3 
 .bss.LoRa_buff
                0x20000660       0xff CMakeFiles/LowPowerComm.dir/Core/RF95/RF95.c.obj
                0x20000660                LoRa_buff
 .bss.err       0x2000075f        0x1 CMakeFiles/LowPowerComm.dir/Core/RF95/RF95.c.obj
                0x2000075f                err
 .bss.rbuff     0x20000760        0x1 CMakeFiles/LowPowerComm.dir/Core/RF95/RF95.c.obj
                0x20000760                rbuff
 .bss.aux       0x20000761        0x1 CMakeFiles/LowPowerComm.dir/Core/RF95/RF95.c.obj
                0x20000761                aux
 *fill*         0x20000762        0x2 
 .bss.hi2c1     0x20000764       0x54 CMakeFiles/LowPowerComm.dir/Core/Src/i2c.c.obj
                0x20000764                hi2c1
 .bss.hspi1     0x200007b8       0x64 CMakeFiles/LowPowerComm.dir/Core/Src/spi.c.obj
                0x200007b8                hspi1
 .bss.huart2    0x2000081c       0x88 CMakeFiles/LowPowerComm.dir/Core/Src/usart.c.obj
                0x2000081c                huart2
 .bss.uwTick    0x200008a4        0x4 CMakeFiles/LowPowerComm.dir/Drivers/STM32F3xx_HAL_Driver/Src/stm32f3xx_hal.c.obj
                0x200008a4                uwTick
 .bss.__sbrk_heap_end
                0x200008a8        0x4 CMakeFiles/LowPowerComm.dir/Core/Src/sysmem.c.obj
 *(COMMON)
                0x200008ac                        . = ALIGN (0x4)
                0x200008ac                        _ebss = .
                0x200008ac                        __bss_end__ = _ebss

._user_heap_stack
                0x200008ac      0x604
                0x200008b0                        . = ALIGN (0x8)
 *fill*         0x200008ac        0x4 
                [!provide]                        PROVIDE (end = .)
                0x200008b0                        PROVIDE (_end = .)
                0x20000ab0                        . = (. + _Min_Heap_Size)
 *fill*         0x200008b0      0x200 
                0x20000eb0                        . = (. + _Min_Stack_Size)
 *fill*         0x20000ab0      0x400 
                0x20000eb0                        . = ALIGN (0x8)

/DISCARD/
 libc.a(*)
 libm.a(*)
 libgcc.a(*)

.ARM.attributes
                0x00000000       0x30
 *(.ARM.attributes)
 .ARM.attributes
                0x00000000       0x22 C:/ST/STM32CubeCLT_1.16.0/GNU-tools-for-STM32/bin/../lib/gcc/arm-none-eabi/12.3.1/thumb/v7e-m+fp/hard/crti.o
 .ARM.attributes
                0x00000022       0x34 C:/ST/STM32CubeCLT_1.16.0/GNU-tools-for-STM32/bin/../lib/gcc/arm-none-eabi/12.3.1/thumb/v7e-m+fp/hard/crtbegin.o
 .ARM.attributes
                0x00000056       0x34 C:/ST/STM32CubeCLT_1.16.0/GNU-tools-for-STM32/bin/../lib/gcc/arm-none-eabi/12.3.1/../../../../arm-none-eabi/lib/thumb/v7e-m+fp/hard\libc_nano.a(libc_a-findfp.o)
 .ARM.attributes
                0x0000008a       0x34 C:/ST/STM32CubeCLT_1.16.0/GNU-tools-for-STM32/bin/../lib/gcc/arm-none-eabi/12.3.1/../../../../arm-none-eabi/lib/thumb/v7e-m+fp/hard\libc_nano.a(libc_a-memset.o)
 .ARM.attributes
                0x000000be       0x34 C:/ST/STM32CubeCLT_1.16.0/GNU-tools-for-STM32/bin/../lib/gcc/arm-none-eabi/12.3.1/../../../../arm-none-eabi/lib/thumb/v7e-m+fp/hard\libc_nano.a(libc_a-reent.o)
 .ARM.attributes
                0x000000f2       0x34 C:/ST/STM32CubeCLT_1.16.0/GNU-tools-for-STM32/bin/../lib/gcc/arm-none-eabi/12.3.1/../../../../arm-none-eabi/lib/thumb/v7e-m+fp/hard\libc_nano.a(libc_a-impure.o)
 .ARM.attributes
                0x00000126       0x34 C:/ST/STM32CubeCLT_1.16.0/GNU-tools-for-STM32/bin/../lib/gcc/arm-none-eabi/12.3.1/../../../../arm-none-eabi/lib/thumb/v7e-m+fp/hard\libc_nano.a(libc_a-init.o)
 .ARM.attributes
                0x0000015a       0x34 C:/ST/STM32CubeCLT_1.16.0/GNU-tools-for-STM32/bin/../lib/gcc/arm-none-eabi/12.3.1/../../../../arm-none-eabi/lib/thumb/v7e-m+fp/hard\libc_nano.a(libc_a-lock.o)
 .ARM.attributes
                0x0000018e       0x34 C:/ST/STM32CubeCLT_1.16.0/GNU-tools-for-STM32/bin/../lib/gcc/arm-none-eabi/12.3.1/../../../../arm-none-eabi/lib/thumb/v7e-m+fp/hard\libc_nano.a(libc_a-freer.o)
 .ARM.attributes
                0x000001c2       0x34 C:/ST/STM32CubeCLT_1.16.0/GNU-tools-for-STM32/bin/../lib/gcc/arm-none-eabi/12.3.1/../../../../arm-none-eabi/lib/thumb/v7e-m+fp/hard\libc_nano.a(libc_a-mallocr.o)
 .ARM.attributes
                0x000001f6       0x34 C:/ST/STM32CubeCLT_1.16.0/GNU-tools-for-STM32/bin/../lib/gcc/arm-none-eabi/12.3.1/../../../../arm-none-eabi/lib/thumb/v7e-m+fp/hard\libc_nano.a(libc_a-mlock.o)
 .ARM.attributes
                0x0000022a       0x34 C:/ST/STM32CubeCLT_1.16.0/GNU-tools-for-STM32/bin/../lib/gcc/arm-none-eabi/12.3.1/../../../../arm-none-eabi/lib/thumb/v7e-m+fp/hard\libc_nano.a(libc_a-sbrkr.o)
 .ARM.attributes
                0x0000025e       0x34 CMakeFiles/LowPowerComm.dir/Core/RTTViewer/SEGGER_RTT_printf.c.obj
 .ARM.attributes
                0x00000292       0x34 CMakeFiles/LowPowerComm.dir/Core/RTTViewer/SEGGER_RTT.c.obj
 .ARM.attributes
                0x000002c6       0x34 CMakeFiles/LowPowerComm.dir/Core/RF95/RF95.c.obj
 .ARM.attributes
                0x000002fa       0x34 CMakeFiles/LowPowerComm.dir/Core/Src/main.c.obj
 .ARM.attributes
                0x0000032e       0x34 CMakeFiles/LowPowerComm.dir/Core/Src/gpio.c.obj
 .ARM.attributes
                0x00000362       0x34 CMakeFiles/LowPowerComm.dir/Core/Src/i2c.c.obj
 .ARM.attributes
                0x00000396       0x34 CMakeFiles/LowPowerComm.dir/Core/Src/spi.c.obj
 .ARM.attributes
                0x000003ca       0x34 CMakeFiles/LowPowerComm.dir/Core/Src/usart.c.obj
 .ARM.attributes
                0x000003fe       0x34 CMakeFiles/LowPowerComm.dir/Core/Src/stm32f3xx_it.c.obj
 .ARM.attributes
                0x00000432       0x34 CMakeFiles/LowPowerComm.dir/Core/Src/stm32f3xx_hal_msp.c.obj
 .ARM.attributes
                0x00000466       0x34 CMakeFiles/LowPowerComm.dir/Drivers/STM32F3xx_HAL_Driver/Src/stm32f3xx_hal_i2c.c.obj
 .ARM.attributes
                0x0000049a       0x34 CMakeFiles/LowPowerComm.dir/Drivers/STM32F3xx_HAL_Driver/Src/stm32f3xx_hal_i2c_ex.c.obj
 .ARM.attributes
                0x000004ce       0x34 CMakeFiles/LowPowerComm.dir/Drivers/STM32F3xx_HAL_Driver/Src/stm32f3xx_hal.c.obj
 .ARM.attributes
                0x00000502       0x34 CMakeFiles/LowPowerComm.dir/Drivers/STM32F3xx_HAL_Driver/Src/stm32f3xx_hal_rcc.c.obj
 .ARM.attributes
                0x00000536       0x34 CMakeFiles/LowPowerComm.dir/Drivers/STM32F3xx_HAL_Driver/Src/stm32f3xx_hal_rcc_ex.c.obj
 .ARM.attributes
                0x0000056a       0x34 CMakeFiles/LowPowerComm.dir/Drivers/STM32F3xx_HAL_Driver/Src/stm32f3xx_hal_gpio.c.obj
 .ARM.attributes
                0x0000059e       0x34 CMakeFiles/LowPowerComm.dir/Drivers/STM32F3xx_HAL_Driver/Src/stm32f3xx_hal_cortex.c.obj
 .ARM.attributes
                0x000005d2       0x34 CMakeFiles/LowPowerComm.dir/Drivers/STM32F3xx_HAL_Driver/Src/stm32f3xx_hal_spi.c.obj
 .ARM.attributes
                0x00000606       0x34 CMakeFiles/LowPowerComm.dir/Drivers/STM32F3xx_HAL_Driver/Src/stm32f3xx_hal_uart.c.obj
 .ARM.attributes
                0x0000063a       0x34 CMakeFiles/LowPowerComm.dir/Core/Src/system_stm32f3xx.c.obj
 .ARM.attributes
                0x0000066e       0x34 CMakeFiles/LowPowerComm.dir/Core/Src/sysmem.c.obj
 .ARM.attributes
                0x000006a2       0x21 CMakeFiles/LowPowerComm.dir/startup_stm32f303x8.s.obj
 .ARM.attributes
                0x000006c3       0x22 C:/ST/STM32CubeCLT_1.16.0/GNU-tools-for-STM32/bin/../lib/gcc/arm-none-eabi/12.3.1/thumb/v7e-m+fp/hard\libgcc.a(_arm_addsubdf3.o)
 .ARM.attributes
                0x000006e5       0x22 C:/ST/STM32CubeCLT_1.16.0/GNU-tools-for-STM32/bin/../lib/gcc/arm-none-eabi/12.3.1/thumb/v7e-m+fp/hard\libgcc.a(_arm_muldivdf3.o)
 .ARM.attributes
                0x00000707       0x22 C:/ST/STM32CubeCLT_1.16.0/GNU-tools-for-STM32/bin/../lib/gcc/arm-none-eabi/12.3.1/thumb/v7e-m+fp/hard\libgcc.a(_arm_fixunsdfsi.o)
 .ARM.attributes
                0x00000729       0x34 C:/ST/STM32CubeCLT_1.16.0/GNU-tools-for-STM32/bin/../lib/gcc/arm-none-eabi/12.3.1/../../../../arm-none-eabi/lib/thumb/v7e-m+fp/hard\libg_nano.a(libc_a-sprintf.o)
 .ARM.attributes
                0x0000075d       0x34 C:/ST/STM32CubeCLT_1.16.0/GNU-tools-for-STM32/bin/../lib/gcc/arm-none-eabi/12.3.1/../../../../arm-none-eabi/lib/thumb/v7e-m+fp/hard\libg_nano.a(libc_a-memmove.o)
 .ARM.attributes
                0x00000791       0x34 C:/ST/STM32CubeCLT_1.16.0/GNU-tools-for-STM32/bin/../lib/gcc/arm-none-eabi/12.3.1/../../../../arm-none-eabi/lib/thumb/v7e-m+fp/hard\libg_nano.a(libc_a-errno.o)
 .ARM.attributes
                0x000007c5       0x20 C:/ST/STM32CubeCLT_1.16.0/GNU-tools-for-STM32/bin/../lib/gcc/arm-none-eabi/12.3.1/../../../../arm-none-eabi/lib/thumb/v7e-m+fp/hard\libg_nano.a(libc_a-strcmp.o)
 .ARM.attributes
                0x000007e5       0x34 C:/ST/STM32CubeCLT_1.16.0/GNU-tools-for-STM32/bin/../lib/gcc/arm-none-eabi/12.3.1/../../../../arm-none-eabi/lib/thumb/v7e-m+fp/hard\libg_nano.a(libc_a-strcpy.o)
 .ARM.attributes
                0x00000819       0x34 C:/ST/STM32CubeCLT_1.16.0/GNU-tools-for-STM32/bin/../lib/gcc/arm-none-eabi/12.3.1/../../../../arm-none-eabi/lib/thumb/v7e-m+fp/hard\libg_nano.a(libc_a-memcpy-stub.o)
 .ARM.attributes
                0x0000084d       0x17 C:/ST/STM32CubeCLT_1.16.0/GNU-tools-for-STM32/bin/../lib/gcc/arm-none-eabi/12.3.1/../../../../arm-none-eabi/lib/thumb/v7e-m+fp/hard\libg_nano.a(libc_a-strlen.o)
 .ARM.attributes
                0x00000864       0x34 C:/ST/STM32CubeCLT_1.16.0/GNU-tools-for-STM32/bin/../lib/gcc/arm-none-eabi/12.3.1/../../../../arm-none-eabi/lib/thumb/v7e-m+fp/hard\libg_nano.a(libc_a-nano-svfprintf.o)
 .ARM.attributes
                0x00000898       0x34 C:/ST/STM32CubeCLT_1.16.0/GNU-tools-for-STM32/bin/../lib/gcc/arm-none-eabi/12.3.1/../../../../arm-none-eabi/lib/thumb/v7e-m+fp/hard\libg_nano.a(libc_a-nano-vfprintf_i.o)
 .ARM.attributes
                0x000008cc       0x1c C:/ST/STM32CubeCLT_1.16.0/GNU-tools-for-STM32/bin/../lib/gcc/arm-none-eabi/12.3.1/../../../../arm-none-eabi/lib/thumb/v7e-m+fp/hard\libg_nano.a(libc_a-memchr.o)
 .ARM.attributes
                0x000008e8       0x34 C:/ST/STM32CubeCLT_1.16.0/GNU-tools-for-STM32/bin/../lib/gcc/arm-none-eabi/12.3.1/../../../../arm-none-eabi/lib/thumb/v7e-m+fp/hard\libg_nano.a(libc_a-reallocr.o)
 .ARM.attributes
                0x0000091c       0x34 C:/ST/STM32CubeCLT_1.16.0/GNU-tools-for-STM32/bin/../lib/gcc/arm-none-eabi/12.3.1/../../../../arm-none-eabi/lib/thumb/v7e-m+fp/hard\libg_nano.a(libc_a-msizer.o)
 .ARM.attributes
                0x00000950       0x22 C:/ST/STM32CubeCLT_1.16.0/GNU-tools-for-STM32/bin/../lib/gcc/arm-none-eabi/12.3.1/thumb/v7e-m+fp/hard/crtn.o
OUTPUT(LowPowerComm.elf elf32-littlearm)
LOAD linker stubs
LOAD C:/ST/STM32CubeCLT_1.16.0/GNU-tools-for-STM32/bin/../lib/gcc/arm-none-eabi/12.3.1/../../../../arm-none-eabi/lib/thumb/v7e-m+fp/hard\libc.a
LOAD C:/ST/STM32CubeCLT_1.16.0/GNU-tools-for-STM32/bin/../lib/gcc/arm-none-eabi/12.3.1/../../../../arm-none-eabi/lib/thumb/v7e-m+fp/hard\libm.a
LOAD C:/ST/STM32CubeCLT_1.16.0/GNU-tools-for-STM32/bin/../lib/gcc/arm-none-eabi/12.3.1/thumb/v7e-m+fp/hard\libgcc.a

.debug_frame    0x00000000     0x3e2c
 .debug_frame   0x00000000      0x144 C:/ST/STM32CubeCLT_1.16.0/GNU-tools-for-STM32/bin/../lib/gcc/arm-none-eabi/12.3.1/../../../../arm-none-eabi/lib/thumb/v7e-m+fp/hard\libc_nano.a(libc_a-findfp.o)
 .debug_frame   0x00000144       0x20 C:/ST/STM32CubeCLT_1.16.0/GNU-tools-for-STM32/bin/../lib/gcc/arm-none-eabi/12.3.1/../../../../arm-none-eabi/lib/thumb/v7e-m+fp/hard\libc_nano.a(libc_a-memset.o)
 .debug_frame   0x00000164       0x38 C:/ST/STM32CubeCLT_1.16.0/GNU-tools-for-STM32/bin/../lib/gcc/arm-none-eabi/12.3.1/../../../../arm-none-eabi/lib/thumb/v7e-m+fp/hard\libc_nano.a(libc_a-reent.o)
 .debug_frame   0x0000019c       0x2c C:/ST/STM32CubeCLT_1.16.0/GNU-tools-for-STM32/bin/../lib/gcc/arm-none-eabi/12.3.1/../../../../arm-none-eabi/lib/thumb/v7e-m+fp/hard\libc_nano.a(libc_a-init.o)
 .debug_frame   0x000001c8       0xb0 C:/ST/STM32CubeCLT_1.16.0/GNU-tools-for-STM32/bin/../lib/gcc/arm-none-eabi/12.3.1/../../../../arm-none-eabi/lib/thumb/v7e-m+fp/hard\libc_nano.a(libc_a-lock.o)
 .debug_frame   0x00000278       0x38 C:/ST/STM32CubeCLT_1.16.0/GNU-tools-for-STM32/bin/../lib/gcc/arm-none-eabi/12.3.1/../../../../arm-none-eabi/lib/thumb/v7e-m+fp/hard\libc_nano.a(libc_a-freer.o)
 .debug_frame   0x000002b0       0x50 C:/ST/STM32CubeCLT_1.16.0/GNU-tools-for-STM32/bin/../lib/gcc/arm-none-eabi/12.3.1/../../../../arm-none-eabi/lib/thumb/v7e-m+fp/hard\libc_nano.a(libc_a-mallocr.o)
 .debug_frame   0x00000300       0x30 C:/ST/STM32CubeCLT_1.16.0/GNU-tools-for-STM32/bin/../lib/gcc/arm-none-eabi/12.3.1/../../../../arm-none-eabi/lib/thumb/v7e-m+fp/hard\libc_nano.a(libc_a-mlock.o)
 .debug_frame   0x00000330       0x2c C:/ST/STM32CubeCLT_1.16.0/GNU-tools-for-STM32/bin/../lib/gcc/arm-none-eabi/12.3.1/../../../../arm-none-eabi/lib/thumb/v7e-m+fp/hard\libc_nano.a(libc_a-sbrkr.o)
 .debug_frame   0x0000035c       0xe0 CMakeFiles/LowPowerComm.dir/Core/RTTViewer/SEGGER_RTT_printf.c.obj
 .debug_frame   0x0000043c      0x1e0 CMakeFiles/LowPowerComm.dir/Core/RTTViewer/SEGGER_RTT.c.obj
 .debug_frame   0x0000061c      0x5dc CMakeFiles/LowPowerComm.dir/Core/RF95/RF95.c.obj
 .debug_frame   0x00000bf8       0x6c CMakeFiles/LowPowerComm.dir/Core/Src/main.c.obj
 .debug_frame   0x00000c64       0x34 CMakeFiles/LowPowerComm.dir/Core/Src/gpio.c.obj
 .debug_frame   0x00000c98       0x74 CMakeFiles/LowPowerComm.dir/Core/Src/i2c.c.obj
 .debug_frame   0x00000d0c       0x74 CMakeFiles/LowPowerComm.dir/Core/Src/spi.c.obj
 .debug_frame   0x00000d80       0x74 CMakeFiles/LowPowerComm.dir/Core/Src/usart.c.obj
 .debug_frame   0x00000df4      0x104 CMakeFiles/LowPowerComm.dir/Core/Src/stm32f3xx_it.c.obj
 .debug_frame   0x00000ef8       0x38 CMakeFiles/LowPowerComm.dir/Core/Src/stm32f3xx_hal_msp.c.obj
 .debug_frame   0x00000f30      0xc38 CMakeFiles/LowPowerComm.dir/Drivers/STM32F3xx_HAL_Driver/Src/stm32f3xx_hal_i2c.c.obj
 .debug_frame   0x00001b68      0x100 CMakeFiles/LowPowerComm.dir/Drivers/STM32F3xx_HAL_Driver/Src/stm32f3xx_hal_i2c_ex.c.obj
 .debug_frame   0x00001c68      0x334 CMakeFiles/LowPowerComm.dir/Drivers/STM32F3xx_HAL_Driver/Src/stm32f3xx_hal.c.obj
 .debug_frame   0x00001f9c      0x214 CMakeFiles/LowPowerComm.dir/Drivers/STM32F3xx_HAL_Driver/Src/stm32f3xx_hal_rcc.c.obj
 .debug_frame   0x000021b0       0xac CMakeFiles/LowPowerComm.dir/Drivers/STM32F3xx_HAL_Driver/Src/stm32f3xx_hal_rcc_ex.c.obj
 .debug_frame   0x0000225c      0x14c CMakeFiles/LowPowerComm.dir/Drivers/STM32F3xx_HAL_Driver/Src/stm32f3xx_hal_gpio.c.obj
 .debug_frame   0x000023a8      0x428 CMakeFiles/LowPowerComm.dir/Drivers/STM32F3xx_HAL_Driver/Src/stm32f3xx_hal_cortex.c.obj
 .debug_frame   0x000027d0      0x860 CMakeFiles/LowPowerComm.dir/Drivers/STM32F3xx_HAL_Driver/Src/stm32f3xx_hal_spi.c.obj
 .debug_frame   0x00003030      0x9e8 CMakeFiles/LowPowerComm.dir/Drivers/STM32F3xx_HAL_Driver/Src/stm32f3xx_hal_uart.c.obj
 .debug_frame   0x00003a18       0x58 CMakeFiles/LowPowerComm.dir/Core/Src/system_stm32f3xx.c.obj
 .debug_frame   0x00003a70       0x34 CMakeFiles/LowPowerComm.dir/Core/Src/sysmem.c.obj
 .debug_frame   0x00003aa4       0xac C:/ST/STM32CubeCLT_1.16.0/GNU-tools-for-STM32/bin/../lib/gcc/arm-none-eabi/12.3.1/thumb/v7e-m+fp/hard\libgcc.a(_arm_addsubdf3.o)
 .debug_frame   0x00003b50       0x50 C:/ST/STM32CubeCLT_1.16.0/GNU-tools-for-STM32/bin/../lib/gcc/arm-none-eabi/12.3.1/thumb/v7e-m+fp/hard\libgcc.a(_arm_muldivdf3.o)
 .debug_frame   0x00003ba0       0x24 C:/ST/STM32CubeCLT_1.16.0/GNU-tools-for-STM32/bin/../lib/gcc/arm-none-eabi/12.3.1/thumb/v7e-m+fp/hard\libgcc.a(_arm_fixunsdfsi.o)
 .debug_frame   0x00003bc4       0x6c C:/ST/STM32CubeCLT_1.16.0/GNU-tools-for-STM32/bin/../lib/gcc/arm-none-eabi/12.3.1/../../../../arm-none-eabi/lib/thumb/v7e-m+fp/hard\libg_nano.a(libc_a-sprintf.o)
 .debug_frame   0x00003c30       0x28 C:/ST/STM32CubeCLT_1.16.0/GNU-tools-for-STM32/bin/../lib/gcc/arm-none-eabi/12.3.1/../../../../arm-none-eabi/lib/thumb/v7e-m+fp/hard\libg_nano.a(libc_a-memmove.o)
 .debug_frame   0x00003c58       0x20 C:/ST/STM32CubeCLT_1.16.0/GNU-tools-for-STM32/bin/../lib/gcc/arm-none-eabi/12.3.1/../../../../arm-none-eabi/lib/thumb/v7e-m+fp/hard\libg_nano.a(libc_a-errno.o)
 .debug_frame   0x00003c78       0x20 C:/ST/STM32CubeCLT_1.16.0/GNU-tools-for-STM32/bin/../lib/gcc/arm-none-eabi/12.3.1/../../../../arm-none-eabi/lib/thumb/v7e-m+fp/hard\libg_nano.a(libc_a-strcmp.o)
 .debug_frame   0x00003c98       0x20 C:/ST/STM32CubeCLT_1.16.0/GNU-tools-for-STM32/bin/../lib/gcc/arm-none-eabi/12.3.1/../../../../arm-none-eabi/lib/thumb/v7e-m+fp/hard\libg_nano.a(libc_a-strcpy.o)
 .debug_frame   0x00003cb8       0x28 C:/ST/STM32CubeCLT_1.16.0/GNU-tools-for-STM32/bin/../lib/gcc/arm-none-eabi/12.3.1/../../../../arm-none-eabi/lib/thumb/v7e-m+fp/hard\libg_nano.a(libc_a-memcpy-stub.o)
 .debug_frame   0x00003ce0       0x90 C:/ST/STM32CubeCLT_1.16.0/GNU-tools-for-STM32/bin/../lib/gcc/arm-none-eabi/12.3.1/../../../../arm-none-eabi/lib/thumb/v7e-m+fp/hard\libg_nano.a(libc_a-nano-svfprintf.o)
 .debug_frame   0x00003d70       0x60 C:/ST/STM32CubeCLT_1.16.0/GNU-tools-for-STM32/bin/../lib/gcc/arm-none-eabi/12.3.1/../../../../arm-none-eabi/lib/thumb/v7e-m+fp/hard\libg_nano.a(libc_a-nano-vfprintf_i.o)
 .debug_frame   0x00003dd0       0x3c C:/ST/STM32CubeCLT_1.16.0/GNU-tools-for-STM32/bin/../lib/gcc/arm-none-eabi/12.3.1/../../../../arm-none-eabi/lib/thumb/v7e-m+fp/hard\libg_nano.a(libc_a-reallocr.o)
 .debug_frame   0x00003e0c       0x20 C:/ST/STM32CubeCLT_1.16.0/GNU-tools-for-STM32/bin/../lib/gcc/arm-none-eabi/12.3.1/../../../../arm-none-eabi/lib/thumb/v7e-m+fp/hard\libg_nano.a(libc_a-msizer.o)

.debug_info     0x00000000    0x133b9
 .debug_info    0x00000000      0x40d CMakeFiles/LowPowerComm.dir/Core/RTTViewer/SEGGER_RTT_printf.c.obj
 .debug_info    0x0000040d      0x558 CMakeFiles/LowPowerComm.dir/Core/RTTViewer/SEGGER_RTT.c.obj
 .debug_info    0x00000965     0x10d4 CMakeFiles/LowPowerComm.dir/Core/RF95/RF95.c.obj
 .debug_info    0x00001a39      0x5a6 CMakeFiles/LowPowerComm.dir/Core/Src/main.c.obj
 .debug_info    0x00001fdf      0x321 CMakeFiles/LowPowerComm.dir/Core/Src/gpio.c.obj
 .debug_info    0x00002300      0x9c8 CMakeFiles/LowPowerComm.dir/Core/Src/i2c.c.obj
 .debug_info    0x00002cc8      0x839 CMakeFiles/LowPowerComm.dir/Core/Src/spi.c.obj
 .debug_info    0x00003501      0x91d CMakeFiles/LowPowerComm.dir/Core/Src/usart.c.obj
 .debug_info    0x00003e1e      0x113 CMakeFiles/LowPowerComm.dir/Core/Src/stm32f3xx_it.c.obj
 .debug_info    0x00003f31      0x18d CMakeFiles/LowPowerComm.dir/Core/Src/stm32f3xx_hal_msp.c.obj
 .debug_info    0x000040be     0x20c3 CMakeFiles/LowPowerComm.dir/Drivers/STM32F3xx_HAL_Driver/Src/stm32f3xx_hal_i2c.c.obj
 .debug_info    0x00006181      0x8c0 CMakeFiles/LowPowerComm.dir/Drivers/STM32F3xx_HAL_Driver/Src/stm32f3xx_hal_i2c_ex.c.obj
 .debug_info    0x00006a41      0x74a CMakeFiles/LowPowerComm.dir/Drivers/STM32F3xx_HAL_Driver/Src/stm32f3xx_hal.c.obj
 .debug_info    0x0000718b     0x148a CMakeFiles/LowPowerComm.dir/Drivers/STM32F3xx_HAL_Driver/Src/stm32f3xx_hal_rcc.c.obj
 .debug_info    0x00008615      0x52e CMakeFiles/LowPowerComm.dir/Drivers/STM32F3xx_HAL_Driver/Src/stm32f3xx_hal_rcc_ex.c.obj
 .debug_info    0x00008b43      0x6a6 CMakeFiles/LowPowerComm.dir/Drivers/STM32F3xx_HAL_Driver/Src/stm32f3xx_hal_gpio.c.obj
 .debug_info    0x000091e9      0xa87 CMakeFiles/LowPowerComm.dir/Drivers/STM32F3xx_HAL_Driver/Src/stm32f3xx_hal_cortex.c.obj
 .debug_info    0x00009c70     0x160a CMakeFiles/LowPowerComm.dir/Drivers/STM32F3xx_HAL_Driver/Src/stm32f3xx_hal_spi.c.obj
 .debug_info    0x0000b27a     0x39a8 CMakeFiles/LowPowerComm.dir/Drivers/STM32F3xx_HAL_Driver/Src/stm32f3xx_hal_uart.c.obj
 .debug_info    0x0000ec22      0x407 CMakeFiles/LowPowerComm.dir/Core/Src/system_stm32f3xx.c.obj
 .debug_info    0x0000f029      0x168 CMakeFiles/LowPowerComm.dir/Core/Src/sysmem.c.obj
 .debug_info    0x0000f191       0x30 CMakeFiles/LowPowerComm.dir/startup_stm32f303x8.s.obj
 .debug_info    0x0000f1c1      0x87f C:/ST/STM32CubeCLT_1.16.0/GNU-tools-for-STM32/bin/../lib/gcc/arm-none-eabi/12.3.1/../../../../arm-none-eabi/lib/thumb/v7e-m+fp/hard\libg_nano.a(libc_a-sprintf.o)
 .debug_info    0x0000fa40      0x10f C:/ST/STM32CubeCLT_1.16.0/GNU-tools-for-STM32/bin/../lib/gcc/arm-none-eabi/12.3.1/../../../../arm-none-eabi/lib/thumb/v7e-m+fp/hard\libg_nano.a(libc_a-memmove.o)
 .debug_info    0x0000fb4f      0x6fb C:/ST/STM32CubeCLT_1.16.0/GNU-tools-for-STM32/bin/../lib/gcc/arm-none-eabi/12.3.1/../../../../arm-none-eabi/lib/thumb/v7e-m+fp/hard\libg_nano.a(libc_a-errno.o)
 .debug_info    0x0001024a       0x31 C:/ST/STM32CubeCLT_1.16.0/GNU-tools-for-STM32/bin/../lib/gcc/arm-none-eabi/12.3.1/../../../../arm-none-eabi/lib/thumb/v7e-m+fp/hard\libg_nano.a(libc_a-strcmp.o)
 .debug_info    0x0001027b       0xc3 C:/ST/STM32CubeCLT_1.16.0/GNU-tools-for-STM32/bin/../lib/gcc/arm-none-eabi/12.3.1/../../../../arm-none-eabi/lib/thumb/v7e-m+fp/hard\libg_nano.a(libc_a-strcpy.o)
 .debug_info    0x0001033e      0x121 C:/ST/STM32CubeCLT_1.16.0/GNU-tools-for-STM32/bin/../lib/gcc/arm-none-eabi/12.3.1/../../../../arm-none-eabi/lib/thumb/v7e-m+fp/hard\libg_nano.a(libc_a-memcpy-stub.o)
 .debug_info    0x0001045f       0x31 C:/ST/STM32CubeCLT_1.16.0/GNU-tools-for-STM32/bin/../lib/gcc/arm-none-eabi/12.3.1/../../../../arm-none-eabi/lib/thumb/v7e-m+fp/hard\libg_nano.a(libc_a-strlen.o)
 .debug_info    0x00010490     0x10c7 C:/ST/STM32CubeCLT_1.16.0/GNU-tools-for-STM32/bin/../lib/gcc/arm-none-eabi/12.3.1/../../../../arm-none-eabi/lib/thumb/v7e-m+fp/hard\libg_nano.a(libc_a-nano-svfprintf.o)
 .debug_info    0x00011557      0xde2 C:/ST/STM32CubeCLT_1.16.0/GNU-tools-for-STM32/bin/../lib/gcc/arm-none-eabi/12.3.1/../../../../arm-none-eabi/lib/thumb/v7e-m+fp/hard\libg_nano.a(libc_a-nano-vfprintf_i.o)
 .debug_info    0x00012339       0x25 C:/ST/STM32CubeCLT_1.16.0/GNU-tools-for-STM32/bin/../lib/gcc/arm-none-eabi/12.3.1/../../../../arm-none-eabi/lib/thumb/v7e-m+fp/hard\libg_nano.a(libc_a-memchr.o)
 .debug_info    0x0001235e      0x8c7 C:/ST/STM32CubeCLT_1.16.0/GNU-tools-for-STM32/bin/../lib/gcc/arm-none-eabi/12.3.1/../../../../arm-none-eabi/lib/thumb/v7e-m+fp/hard\libg_nano.a(libc_a-reallocr.o)
 .debug_info    0x00012c25      0x794 C:/ST/STM32CubeCLT_1.16.0/GNU-tools-for-STM32/bin/../lib/gcc/arm-none-eabi/12.3.1/../../../../arm-none-eabi/lib/thumb/v7e-m+fp/hard\libg_nano.a(libc_a-msizer.o)

.debug_abbrev   0x00000000     0x384d
 .debug_abbrev  0x00000000      0x1c6 CMakeFiles/LowPowerComm.dir/Core/RTTViewer/SEGGER_RTT_printf.c.obj
 .debug_abbrev  0x000001c6      0x1fc CMakeFiles/LowPowerComm.dir/Core/RTTViewer/SEGGER_RTT.c.obj
 .debug_abbrev  0x000003c2      0x386 CMakeFiles/LowPowerComm.dir/Core/RF95/RF95.c.obj
 .debug_abbrev  0x00000748      0x1ff CMakeFiles/LowPowerComm.dir/Core/Src/main.c.obj
 .debug_abbrev  0x00000947      0x151 CMakeFiles/LowPowerComm.dir/Core/Src/gpio.c.obj
 .debug_abbrev  0x00000a98      0x229 CMakeFiles/LowPowerComm.dir/Core/Src/i2c.c.obj
 .debug_abbrev  0x00000cc1      0x1f1 CMakeFiles/LowPowerComm.dir/Core/Src/spi.c.obj
 .debug_abbrev  0x00000eb2      0x1f5 CMakeFiles/LowPowerComm.dir/Core/Src/usart.c.obj
 .debug_abbrev  0x000010a7       0x73 CMakeFiles/LowPowerComm.dir/Core/Src/stm32f3xx_it.c.obj
 .debug_abbrev  0x0000111a       0xc6 CMakeFiles/LowPowerComm.dir/Core/Src/stm32f3xx_hal_msp.c.obj
 .debug_abbrev  0x000011e0      0x260 CMakeFiles/LowPowerComm.dir/Drivers/STM32F3xx_HAL_Driver/Src/stm32f3xx_hal_i2c.c.obj
 .debug_abbrev  0x00001440      0x1c2 CMakeFiles/LowPowerComm.dir/Drivers/STM32F3xx_HAL_Driver/Src/stm32f3xx_hal_i2c_ex.c.obj
 .debug_abbrev  0x00001602      0x215 CMakeFiles/LowPowerComm.dir/Drivers/STM32F3xx_HAL_Driver/Src/stm32f3xx_hal.c.obj
 .debug_abbrev  0x00001817      0x300 CMakeFiles/LowPowerComm.dir/Drivers/STM32F3xx_HAL_Driver/Src/stm32f3xx_hal_rcc.c.obj
 .debug_abbrev  0x00001b17      0x221 CMakeFiles/LowPowerComm.dir/Drivers/STM32F3xx_HAL_Driver/Src/stm32f3xx_hal_rcc_ex.c.obj
 .debug_abbrev  0x00001d38      0x1ca CMakeFiles/LowPowerComm.dir/Drivers/STM32F3xx_HAL_Driver/Src/stm32f3xx_hal_gpio.c.obj
 .debug_abbrev  0x00001f02      0x2f8 CMakeFiles/LowPowerComm.dir/Drivers/STM32F3xx_HAL_Driver/Src/stm32f3xx_hal_cortex.c.obj
 .debug_abbrev  0x000021fa      0x269 CMakeFiles/LowPowerComm.dir/Drivers/STM32F3xx_HAL_Driver/Src/stm32f3xx_hal_spi.c.obj
 .debug_abbrev  0x00002463      0x2d1 CMakeFiles/LowPowerComm.dir/Drivers/STM32F3xx_HAL_Driver/Src/stm32f3xx_hal_uart.c.obj
 .debug_abbrev  0x00002734      0x11a CMakeFiles/LowPowerComm.dir/Core/Src/system_stm32f3xx.c.obj
 .debug_abbrev  0x0000284e       0xbc CMakeFiles/LowPowerComm.dir/Core/Src/sysmem.c.obj
 .debug_abbrev  0x0000290a       0x24 CMakeFiles/LowPowerComm.dir/startup_stm32f303x8.s.obj
 .debug_abbrev  0x0000292e      0x21c C:/ST/STM32CubeCLT_1.16.0/GNU-tools-for-STM32/bin/../lib/gcc/arm-none-eabi/12.3.1/../../../../arm-none-eabi/lib/thumb/v7e-m+fp/hard\libg_nano.a(libc_a-sprintf.o)
 .debug_abbrev  0x00002b4a       0xac C:/ST/STM32CubeCLT_1.16.0/GNU-tools-for-STM32/bin/../lib/gcc/arm-none-eabi/12.3.1/../../../../arm-none-eabi/lib/thumb/v7e-m+fp/hard\libg_nano.a(libc_a-memmove.o)
 .debug_abbrev  0x00002bf6      0x15e C:/ST/STM32CubeCLT_1.16.0/GNU-tools-for-STM32/bin/../lib/gcc/arm-none-eabi/12.3.1/../../../../arm-none-eabi/lib/thumb/v7e-m+fp/hard\libg_nano.a(libc_a-errno.o)
 .debug_abbrev  0x00002d54       0x28 C:/ST/STM32CubeCLT_1.16.0/GNU-tools-for-STM32/bin/../lib/gcc/arm-none-eabi/12.3.1/../../../../arm-none-eabi/lib/thumb/v7e-m+fp/hard\libg_nano.a(libc_a-strcmp.o)
 .debug_abbrev  0x00002d7c       0x7b C:/ST/STM32CubeCLT_1.16.0/GNU-tools-for-STM32/bin/../lib/gcc/arm-none-eabi/12.3.1/../../../../arm-none-eabi/lib/thumb/v7e-m+fp/hard\libg_nano.a(libc_a-strcpy.o)
 .debug_abbrev  0x00002df7       0xc1 C:/ST/STM32CubeCLT_1.16.0/GNU-tools-for-STM32/bin/../lib/gcc/arm-none-eabi/12.3.1/../../../../arm-none-eabi/lib/thumb/v7e-m+fp/hard\libg_nano.a(libc_a-memcpy-stub.o)
 .debug_abbrev  0x00002eb8       0x28 C:/ST/STM32CubeCLT_1.16.0/GNU-tools-for-STM32/bin/../lib/gcc/arm-none-eabi/12.3.1/../../../../arm-none-eabi/lib/thumb/v7e-m+fp/hard\libg_nano.a(libc_a-strlen.o)
 .debug_abbrev  0x00002ee0      0x31e C:/ST/STM32CubeCLT_1.16.0/GNU-tools-for-STM32/bin/../lib/gcc/arm-none-eabi/12.3.1/../../../../arm-none-eabi/lib/thumb/v7e-m+fp/hard\libg_nano.a(libc_a-nano-svfprintf.o)
 .debug_abbrev  0x000031fe      0x28e C:/ST/STM32CubeCLT_1.16.0/GNU-tools-for-STM32/bin/../lib/gcc/arm-none-eabi/12.3.1/../../../../arm-none-eabi/lib/thumb/v7e-m+fp/hard\libg_nano.a(libc_a-nano-vfprintf_i.o)
 .debug_abbrev  0x0000348c       0x14 C:/ST/STM32CubeCLT_1.16.0/GNU-tools-for-STM32/bin/../lib/gcc/arm-none-eabi/12.3.1/../../../../arm-none-eabi/lib/thumb/v7e-m+fp/hard\libg_nano.a(libc_a-memchr.o)
 .debug_abbrev  0x000034a0      0x217 C:/ST/STM32CubeCLT_1.16.0/GNU-tools-for-STM32/bin/../lib/gcc/arm-none-eabi/12.3.1/../../../../arm-none-eabi/lib/thumb/v7e-m+fp/hard\libg_nano.a(libc_a-reallocr.o)
 .debug_abbrev  0x000036b7      0x196 C:/ST/STM32CubeCLT_1.16.0/GNU-tools-for-STM32/bin/../lib/gcc/arm-none-eabi/12.3.1/../../../../arm-none-eabi/lib/thumb/v7e-m+fp/hard\libg_nano.a(libc_a-msizer.o)

.debug_aranges  0x00000000      0xf80
 .debug_aranges
                0x00000000       0x40 CMakeFiles/LowPowerComm.dir/Core/RTTViewer/SEGGER_RTT_printf.c.obj
 .debug_aranges
                0x00000040       0x80 CMakeFiles/LowPowerComm.dir/Core/RTTViewer/SEGGER_RTT.c.obj
 .debug_aranges
                0x000000c0      0x170 CMakeFiles/LowPowerComm.dir/Core/RF95/RF95.c.obj
 .debug_aranges
                0x00000230       0x30 CMakeFiles/LowPowerComm.dir/Core/Src/main.c.obj
 .debug_aranges
                0x00000260       0x20 CMakeFiles/LowPowerComm.dir/Core/Src/gpio.c.obj
 .debug_aranges
                0x00000280       0x30 CMakeFiles/LowPowerComm.dir/Core/Src/i2c.c.obj
 .debug_aranges
                0x000002b0       0x30 CMakeFiles/LowPowerComm.dir/Core/Src/spi.c.obj
 .debug_aranges
                0x000002e0       0x30 CMakeFiles/LowPowerComm.dir/Core/Src/usart.c.obj
 .debug_aranges
                0x00000310       0x60 CMakeFiles/LowPowerComm.dir/Core/Src/stm32f3xx_it.c.obj
 .debug_aranges
                0x00000370       0x20 CMakeFiles/LowPowerComm.dir/Core/Src/stm32f3xx_hal_msp.c.obj
 .debug_aranges
                0x00000390      0x2a0 CMakeFiles/LowPowerComm.dir/Drivers/STM32F3xx_HAL_Driver/Src/stm32f3xx_hal_i2c.c.obj
 .debug_aranges
                0x00000630       0x48 CMakeFiles/LowPowerComm.dir/Drivers/STM32F3xx_HAL_Driver/Src/stm32f3xx_hal_i2c_ex.c.obj
 .debug_aranges
                0x00000678       0xe0 CMakeFiles/LowPowerComm.dir/Drivers/STM32F3xx_HAL_Driver/Src/stm32f3xx_hal.c.obj
 .debug_aranges
                0x00000758       0x88 CMakeFiles/LowPowerComm.dir/Drivers/STM32F3xx_HAL_Driver/Src/stm32f3xx_hal_rcc.c.obj
 .debug_aranges
                0x000007e0       0x38 CMakeFiles/LowPowerComm.dir/Drivers/STM32F3xx_HAL_Driver/Src/stm32f3xx_hal_rcc_ex.c.obj
 .debug_aranges
                0x00000818       0x58 CMakeFiles/LowPowerComm.dir/Drivers/STM32F3xx_HAL_Driver/Src/stm32f3xx_hal_gpio.c.obj
 .debug_aranges
                0x00000870      0x100 CMakeFiles/LowPowerComm.dir/Drivers/STM32F3xx_HAL_Driver/Src/stm32f3xx_hal_cortex.c.obj
 .debug_aranges
                0x00000970      0x1d8 CMakeFiles/LowPowerComm.dir/Drivers/STM32F3xx_HAL_Driver/Src/stm32f3xx_hal_spi.c.obj
 .debug_aranges
                0x00000b48      0x228 CMakeFiles/LowPowerComm.dir/Drivers/STM32F3xx_HAL_Driver/Src/stm32f3xx_hal_uart.c.obj
 .debug_aranges
                0x00000d70       0x28 CMakeFiles/LowPowerComm.dir/Core/Src/system_stm32f3xx.c.obj
 .debug_aranges
                0x00000d98       0x20 CMakeFiles/LowPowerComm.dir/Core/Src/sysmem.c.obj
 .debug_aranges
                0x00000db8       0x28 CMakeFiles/LowPowerComm.dir/startup_stm32f303x8.s.obj
 .debug_aranges
                0x00000de0       0x28 C:/ST/STM32CubeCLT_1.16.0/GNU-tools-for-STM32/bin/../lib/gcc/arm-none-eabi/12.3.1/../../../../arm-none-eabi/lib/thumb/v7e-m+fp/hard\libg_nano.a(libc_a-sprintf.o)
 .debug_aranges
                0x00000e08       0x20 C:/ST/STM32CubeCLT_1.16.0/GNU-tools-for-STM32/bin/../lib/gcc/arm-none-eabi/12.3.1/../../../../arm-none-eabi/lib/thumb/v7e-m+fp/hard\libg_nano.a(libc_a-memmove.o)
 .debug_aranges
                0x00000e28       0x20 C:/ST/STM32CubeCLT_1.16.0/GNU-tools-for-STM32/bin/../lib/gcc/arm-none-eabi/12.3.1/../../../../arm-none-eabi/lib/thumb/v7e-m+fp/hard\libg_nano.a(libc_a-errno.o)
 .debug_aranges
                0x00000e48       0x20 C:/ST/STM32CubeCLT_1.16.0/GNU-tools-for-STM32/bin/../lib/gcc/arm-none-eabi/12.3.1/../../../../arm-none-eabi/lib/thumb/v7e-m+fp/hard\libg_nano.a(libc_a-strcmp.o)
 .debug_aranges
                0x00000e68       0x20 C:/ST/STM32CubeCLT_1.16.0/GNU-tools-for-STM32/bin/../lib/gcc/arm-none-eabi/12.3.1/../../../../arm-none-eabi/lib/thumb/v7e-m+fp/hard\libg_nano.a(libc_a-strcpy.o)
 .debug_aranges
                0x00000e88       0x20 C:/ST/STM32CubeCLT_1.16.0/GNU-tools-for-STM32/bin/../lib/gcc/arm-none-eabi/12.3.1/../../../../arm-none-eabi/lib/thumb/v7e-m+fp/hard\libg_nano.a(libc_a-memcpy-stub.o)
 .debug_aranges
                0x00000ea8       0x20 C:/ST/STM32CubeCLT_1.16.0/GNU-tools-for-STM32/bin/../lib/gcc/arm-none-eabi/12.3.1/../../../../arm-none-eabi/lib/thumb/v7e-m+fp/hard\libg_nano.a(libc_a-strlen.o)
 .debug_aranges
                0x00000ec8       0x30 C:/ST/STM32CubeCLT_1.16.0/GNU-tools-for-STM32/bin/../lib/gcc/arm-none-eabi/12.3.1/../../../../arm-none-eabi/lib/thumb/v7e-m+fp/hard\libg_nano.a(libc_a-nano-svfprintf.o)
 .debug_aranges
                0x00000ef8       0x28 C:/ST/STM32CubeCLT_1.16.0/GNU-tools-for-STM32/bin/../lib/gcc/arm-none-eabi/12.3.1/../../../../arm-none-eabi/lib/thumb/v7e-m+fp/hard\libg_nano.a(libc_a-nano-vfprintf_i.o)
 .debug_aranges
                0x00000f20       0x20 C:/ST/STM32CubeCLT_1.16.0/GNU-tools-for-STM32/bin/../lib/gcc/arm-none-eabi/12.3.1/../../../../arm-none-eabi/lib/thumb/v7e-m+fp/hard\libg_nano.a(libc_a-memchr.o)
 .debug_aranges
                0x00000f40       0x20 C:/ST/STM32CubeCLT_1.16.0/GNU-tools-for-STM32/bin/../lib/gcc/arm-none-eabi/12.3.1/../../../../arm-none-eabi/lib/thumb/v7e-m+fp/hard\libg_nano.a(libc_a-reallocr.o)
 .debug_aranges
                0x00000f60       0x20 C:/ST/STM32CubeCLT_1.16.0/GNU-tools-for-STM32/bin/../lib/gcc/arm-none-eabi/12.3.1/../../../../arm-none-eabi/lib/thumb/v7e-m+fp/hard\libg_nano.a(libc_a-msizer.o)

.debug_rnglists
                0x00000000      0xbef
 .debug_rnglists
                0x00000000       0x3a CMakeFiles/LowPowerComm.dir/Core/RTTViewer/SEGGER_RTT_printf.c.obj
 .debug_rnglists
                0x0000003a       0x60 CMakeFiles/LowPowerComm.dir/Core/RTTViewer/SEGGER_RTT.c.obj
 .debug_rnglists
                0x0000009a      0x115 CMakeFiles/LowPowerComm.dir/Core/RF95/RF95.c.obj
 .debug_rnglists
                0x000001af       0x21 CMakeFiles/LowPowerComm.dir/Core/Src/main.c.obj
 .debug_rnglists
                0x000001d0       0x14 CMakeFiles/LowPowerComm.dir/Core/Src/gpio.c.obj
 .debug_rnglists
                0x000001e4       0x21 CMakeFiles/LowPowerComm.dir/Core/Src/i2c.c.obj
 .debug_rnglists
                0x00000205       0x20 CMakeFiles/LowPowerComm.dir/Core/Src/spi.c.obj
 .debug_rnglists
                0x00000225       0x20 CMakeFiles/LowPowerComm.dir/Core/Src/usart.c.obj
 .debug_rnglists
                0x00000245       0x43 CMakeFiles/LowPowerComm.dir/Core/Src/stm32f3xx_it.c.obj
 .debug_rnglists
                0x00000288       0x13 CMakeFiles/LowPowerComm.dir/Core/Src/stm32f3xx_hal_msp.c.obj
 .debug_rnglists
                0x0000029b      0x228 CMakeFiles/LowPowerComm.dir/Drivers/STM32F3xx_HAL_Driver/Src/stm32f3xx_hal_i2c.c.obj
 .debug_rnglists
                0x000004c3       0x35 CMakeFiles/LowPowerComm.dir/Drivers/STM32F3xx_HAL_Driver/Src/stm32f3xx_hal_i2c_ex.c.obj
 .debug_rnglists
                0x000004f8       0xa3 CMakeFiles/LowPowerComm.dir/Drivers/STM32F3xx_HAL_Driver/Src/stm32f3xx_hal.c.obj
 .debug_rnglists
                0x0000059b       0x66 CMakeFiles/LowPowerComm.dir/Drivers/STM32F3xx_HAL_Driver/Src/stm32f3xx_hal_rcc.c.obj
 .debug_rnglists
                0x00000601       0x27 CMakeFiles/LowPowerComm.dir/Drivers/STM32F3xx_HAL_Driver/Src/stm32f3xx_hal_rcc_ex.c.obj
 .debug_rnglists
                0x00000628       0x3f CMakeFiles/LowPowerComm.dir/Drivers/STM32F3xx_HAL_Driver/Src/stm32f3xx_hal_gpio.c.obj
 .debug_rnglists
                0x00000667       0xbb CMakeFiles/LowPowerComm.dir/Drivers/STM32F3xx_HAL_Driver/Src/stm32f3xx_hal_cortex.c.obj
 .debug_rnglists
                0x00000722      0x178 CMakeFiles/LowPowerComm.dir/Drivers/STM32F3xx_HAL_Driver/Src/stm32f3xx_hal_spi.c.obj
 .debug_rnglists
                0x0000089a      0x1da CMakeFiles/LowPowerComm.dir/Drivers/STM32F3xx_HAL_Driver/Src/stm32f3xx_hal_uart.c.obj
 .debug_rnglists
                0x00000a74       0x1a CMakeFiles/LowPowerComm.dir/Core/Src/system_stm32f3xx.c.obj
 .debug_rnglists
                0x00000a8e       0x13 CMakeFiles/LowPowerComm.dir/Core/Src/sysmem.c.obj
 .debug_rnglists
                0x00000aa1       0x19 CMakeFiles/LowPowerComm.dir/startup_stm32f303x8.s.obj
 .debug_rnglists
                0x00000aba       0x19 C:/ST/STM32CubeCLT_1.16.0/GNU-tools-for-STM32/bin/../lib/gcc/arm-none-eabi/12.3.1/../../../../arm-none-eabi/lib/thumb/v7e-m+fp/hard\libg_nano.a(libc_a-sprintf.o)
 .debug_rnglists
                0x00000ad3       0x13 C:/ST/STM32CubeCLT_1.16.0/GNU-tools-for-STM32/bin/../lib/gcc/arm-none-eabi/12.3.1/../../../../arm-none-eabi/lib/thumb/v7e-m+fp/hard\libg_nano.a(libc_a-memmove.o)
 .debug_rnglists
                0x00000ae6       0x13 C:/ST/STM32CubeCLT_1.16.0/GNU-tools-for-STM32/bin/../lib/gcc/arm-none-eabi/12.3.1/../../../../arm-none-eabi/lib/thumb/v7e-m+fp/hard\libg_nano.a(libc_a-errno.o)
 .debug_rnglists
                0x00000af9       0x13 C:/ST/STM32CubeCLT_1.16.0/GNU-tools-for-STM32/bin/../lib/gcc/arm-none-eabi/12.3.1/../../../../arm-none-eabi/lib/thumb/v7e-m+fp/hard\libg_nano.a(libc_a-strcpy.o)
 .debug_rnglists
                0x00000b0c       0x13 C:/ST/STM32CubeCLT_1.16.0/GNU-tools-for-STM32/bin/../lib/gcc/arm-none-eabi/12.3.1/../../../../arm-none-eabi/lib/thumb/v7e-m+fp/hard\libg_nano.a(libc_a-memcpy-stub.o)
 .debug_rnglists
                0x00000b1f       0x44 C:/ST/STM32CubeCLT_1.16.0/GNU-tools-for-STM32/bin/../lib/gcc/arm-none-eabi/12.3.1/../../../../arm-none-eabi/lib/thumb/v7e-m+fp/hard\libg_nano.a(libc_a-nano-svfprintf.o)
 .debug_rnglists
                0x00000b63       0x66 C:/ST/STM32CubeCLT_1.16.0/GNU-tools-for-STM32/bin/../lib/gcc/arm-none-eabi/12.3.1/../../../../arm-none-eabi/lib/thumb/v7e-m+fp/hard\libg_nano.a(libc_a-nano-vfprintf_i.o)
 .debug_rnglists
                0x00000bc9       0x13 C:/ST/STM32CubeCLT_1.16.0/GNU-tools-for-STM32/bin/../lib/gcc/arm-none-eabi/12.3.1/../../../../arm-none-eabi/lib/thumb/v7e-m+fp/hard\libg_nano.a(libc_a-reallocr.o)
 .debug_rnglists
                0x00000bdc       0x13 C:/ST/STM32CubeCLT_1.16.0/GNU-tools-for-STM32/bin/../lib/gcc/arm-none-eabi/12.3.1/../../../../arm-none-eabi/lib/thumb/v7e-m+fp/hard\libg_nano.a(libc_a-msizer.o)

.debug_macro    0x00000000     0x473f
 .debug_macro   0x00000000      0x127 CMakeFiles/LowPowerComm.dir/Core/RTTViewer/SEGGER_RTT_printf.c.obj
 .debug_macro   0x00000127      0xab4 CMakeFiles/LowPowerComm.dir/Core/RTTViewer/SEGGER_RTT_printf.c.obj
 .debug_macro   0x00000bdb       0xe8 CMakeFiles/LowPowerComm.dir/Core/RTTViewer/SEGGER_RTT_printf.c.obj
 .debug_macro   0x00000cc3       0x34 CMakeFiles/LowPowerComm.dir/Core/RTTViewer/SEGGER_RTT_printf.c.obj
 .debug_macro   0x00000cf7       0x2a CMakeFiles/LowPowerComm.dir/Core/RTTViewer/SEGGER_RTT_printf.c.obj
 .debug_macro   0x00000d21       0x22 CMakeFiles/LowPowerComm.dir/Core/RTTViewer/SEGGER_RTT_printf.c.obj
 .debug_macro   0x00000d43       0x6e CMakeFiles/LowPowerComm.dir/Core/RTTViewer/SEGGER_RTT_printf.c.obj
 .debug_macro   0x00000db1       0x94 CMakeFiles/LowPowerComm.dir/Core/RTTViewer/SEGGER_RTT_printf.c.obj
 .debug_macro   0x00000e45       0x3c CMakeFiles/LowPowerComm.dir/Core/RTTViewer/SEGGER_RTT_printf.c.obj
 .debug_macro   0x00000e81       0x34 CMakeFiles/LowPowerComm.dir/Core/RTTViewer/SEGGER_RTT_printf.c.obj
 .debug_macro   0x00000eb5       0x16 CMakeFiles/LowPowerComm.dir/Core/RTTViewer/SEGGER_RTT_printf.c.obj
 .debug_macro   0x00000ecb      0x11c CMakeFiles/LowPowerComm.dir/Core/RTTViewer/SEGGER_RTT_printf.c.obj
 .debug_macro   0x00000fe7       0x94 CMakeFiles/LowPowerComm.dir/Core/RTTViewer/SEGGER_RTT_printf.c.obj
 .debug_macro   0x0000107b       0x16 CMakeFiles/LowPowerComm.dir/Core/RTTViewer/SEGGER_RTT_printf.c.obj
 .debug_macro   0x00001091       0x43 CMakeFiles/LowPowerComm.dir/Core/RTTViewer/SEGGER_RTT_printf.c.obj
 .debug_macro   0x000010d4       0x57 CMakeFiles/LowPowerComm.dir/Core/RTTViewer/SEGGER_RTT_printf.c.obj
 .debug_macro   0x0000112b       0x34 CMakeFiles/LowPowerComm.dir/Core/RTTViewer/SEGGER_RTT_printf.c.obj
 .debug_macro   0x0000115f       0x10 CMakeFiles/LowPowerComm.dir/Core/RTTViewer/SEGGER_RTT_printf.c.obj
 .debug_macro   0x0000116f       0x58 CMakeFiles/LowPowerComm.dir/Core/RTTViewer/SEGGER_RTT_printf.c.obj
 .debug_macro   0x000011c7      0x1de CMakeFiles/LowPowerComm.dir/Core/RTTViewer/SEGGER_RTT_printf.c.obj
 .debug_macro   0x000013a5      0x369 CMakeFiles/LowPowerComm.dir/Core/RTTViewer/SEGGER_RTT_printf.c.obj
 .debug_macro   0x0000170e       0x16 CMakeFiles/LowPowerComm.dir/Core/RTTViewer/SEGGER_RTT_printf.c.obj
 .debug_macro   0x00001724       0x29 CMakeFiles/LowPowerComm.dir/Core/RTTViewer/SEGGER_RTT_printf.c.obj
 .debug_macro   0x0000174d       0x58 CMakeFiles/LowPowerComm.dir/Core/RTTViewer/SEGGER_RTT_printf.c.obj
 .debug_macro   0x000017a5      0x11a CMakeFiles/LowPowerComm.dir/Core/RTTViewer/SEGGER_RTT.c.obj
 .debug_macro   0x000018bf      0x189 CMakeFiles/LowPowerComm.dir/Core/RTTViewer/SEGGER_RTT.c.obj
 .debug_macro   0x00001a48       0x10 CMakeFiles/LowPowerComm.dir/Core/RTTViewer/SEGGER_RTT.c.obj
 .debug_macro   0x00001a58       0x35 CMakeFiles/LowPowerComm.dir/Core/RTTViewer/SEGGER_RTT.c.obj
 .debug_macro   0x00001a8d       0x20 CMakeFiles/LowPowerComm.dir/Core/RTTViewer/SEGGER_RTT.c.obj
 .debug_macro   0x00001aad      0x368 CMakeFiles/LowPowerComm.dir/Core/RF95/RF95.c.obj
 .debug_macro   0x00001e15       0x22 CMakeFiles/LowPowerComm.dir/Core/RF95/RF95.c.obj
 .debug_macro   0x00001e37      0x413 CMakeFiles/LowPowerComm.dir/Core/RF95/RF95.c.obj
 .debug_macro   0x0000224a      0x391 CMakeFiles/LowPowerComm.dir/Core/Src/main.c.obj
 .debug_macro   0x000025db      0x1df CMakeFiles/LowPowerComm.dir/Core/Src/gpio.c.obj
 .debug_macro   0x000027ba      0x1df CMakeFiles/LowPowerComm.dir/Core/Src/i2c.c.obj
 .debug_macro   0x00002999      0x1df CMakeFiles/LowPowerComm.dir/Core/Src/spi.c.obj
 .debug_macro   0x00002b78      0x1df CMakeFiles/LowPowerComm.dir/Core/Src/usart.c.obj
 .debug_macro   0x00002d57      0x1df CMakeFiles/LowPowerComm.dir/Core/Src/stm32f3xx_it.c.obj
 .debug_macro   0x00002f36      0x1d5 CMakeFiles/LowPowerComm.dir/Core/Src/stm32f3xx_hal_msp.c.obj
 .debug_macro   0x0000310b      0x292 CMakeFiles/LowPowerComm.dir/Drivers/STM32F3xx_HAL_Driver/Src/stm32f3xx_hal_i2c.c.obj
 .debug_macro   0x0000339d      0x1c6 CMakeFiles/LowPowerComm.dir/Drivers/STM32F3xx_HAL_Driver/Src/stm32f3xx_hal_i2c_ex.c.obj
 .debug_macro   0x00003563      0x1ea CMakeFiles/LowPowerComm.dir/Drivers/STM32F3xx_HAL_Driver/Src/stm32f3xx_hal.c.obj
 .debug_macro   0x0000374d      0x1ea CMakeFiles/LowPowerComm.dir/Drivers/STM32F3xx_HAL_Driver/Src/stm32f3xx_hal_rcc.c.obj
 .debug_macro   0x00003937      0x1c6 CMakeFiles/LowPowerComm.dir/Drivers/STM32F3xx_HAL_Driver/Src/stm32f3xx_hal_rcc_ex.c.obj
 .debug_macro   0x00003afd      0x1cd CMakeFiles/LowPowerComm.dir/Drivers/STM32F3xx_HAL_Driver/Src/stm32f3xx_hal_gpio.c.obj
 .debug_macro   0x00003cca      0x1c6 CMakeFiles/LowPowerComm.dir/Drivers/STM32F3xx_HAL_Driver/Src/stm32f3xx_hal_cortex.c.obj
 .debug_macro   0x00003e90      0x1ce CMakeFiles/LowPowerComm.dir/Drivers/STM32F3xx_HAL_Driver/Src/stm32f3xx_hal_spi.c.obj
 .debug_macro   0x0000405e      0x1e3 CMakeFiles/LowPowerComm.dir/Drivers/STM32F3xx_HAL_Driver/Src/stm32f3xx_hal_uart.c.obj
 .debug_macro   0x00004241      0x1c6 CMakeFiles/LowPowerComm.dir/Core/Src/system_stm32f3xx.c.obj
 .debug_macro   0x00004407       0xec CMakeFiles/LowPowerComm.dir/Core/Src/sysmem.c.obj
 .debug_macro   0x000044f3       0x10 CMakeFiles/LowPowerComm.dir/Core/Src/sysmem.c.obj
 .debug_macro   0x00004503      0x23c CMakeFiles/LowPowerComm.dir/Core/Src/sysmem.c.obj

.debug_line     0x00000000    0x1579c
 .debug_line    0x00000000      0x6d1 CMakeFiles/LowPowerComm.dir/Core/RTTViewer/SEGGER_RTT_printf.c.obj
 .debug_line    0x000006d1      0x638 CMakeFiles/LowPowerComm.dir/Core/RTTViewer/SEGGER_RTT.c.obj
 .debug_line    0x00000d09     0x10f9 CMakeFiles/LowPowerComm.dir/Core/RF95/RF95.c.obj
 .debug_line    0x00001e02      0xaca CMakeFiles/LowPowerComm.dir/Core/Src/main.c.obj
 .debug_line    0x000028cc      0x7a2 CMakeFiles/LowPowerComm.dir/Core/Src/gpio.c.obj
 .debug_line    0x0000306e      0x7fa CMakeFiles/LowPowerComm.dir/Core/Src/i2c.c.obj
 .debug_line    0x00003868      0x7f1 CMakeFiles/LowPowerComm.dir/Core/Src/spi.c.obj
 .debug_line    0x00004059      0x7e8 CMakeFiles/LowPowerComm.dir/Core/Src/usart.c.obj
 .debug_line    0x00004841      0x83b CMakeFiles/LowPowerComm.dir/Core/Src/stm32f3xx_it.c.obj
 .debug_line    0x0000507c      0x779 CMakeFiles/LowPowerComm.dir/Core/Src/stm32f3xx_hal_msp.c.obj
 .debug_line    0x000057f5     0x3aa1 CMakeFiles/LowPowerComm.dir/Drivers/STM32F3xx_HAL_Driver/Src/stm32f3xx_hal_i2c.c.obj
 .debug_line    0x00009296      0x996 CMakeFiles/LowPowerComm.dir/Drivers/STM32F3xx_HAL_Driver/Src/stm32f3xx_hal_i2c_ex.c.obj
 .debug_line    0x00009c2c      0xa2a CMakeFiles/LowPowerComm.dir/Drivers/STM32F3xx_HAL_Driver/Src/stm32f3xx_hal.c.obj
 .debug_line    0x0000a656     0x13be CMakeFiles/LowPowerComm.dir/Drivers/STM32F3xx_HAL_Driver/Src/stm32f3xx_hal_rcc.c.obj
 .debug_line    0x0000ba14      0xab4 CMakeFiles/LowPowerComm.dir/Drivers/STM32F3xx_HAL_Driver/Src/stm32f3xx_hal_rcc_ex.c.obj
 .debug_line    0x0000c4c8      0xb8d CMakeFiles/LowPowerComm.dir/Drivers/STM32F3xx_HAL_Driver/Src/stm32f3xx_hal_gpio.c.obj
 .debug_line    0x0000d055      0xc10 CMakeFiles/LowPowerComm.dir/Drivers/STM32F3xx_HAL_Driver/Src/stm32f3xx_hal_cortex.c.obj
 .debug_line    0x0000dc65     0x2020 CMakeFiles/LowPowerComm.dir/Drivers/STM32F3xx_HAL_Driver/Src/stm32f3xx_hal_spi.c.obj
 .debug_line    0x0000fc85     0x3108 CMakeFiles/LowPowerComm.dir/Drivers/STM32F3xx_HAL_Driver/Src/stm32f3xx_hal_uart.c.obj
 .debug_line    0x00012d8d      0x7f2 CMakeFiles/LowPowerComm.dir/Core/Src/system_stm32f3xx.c.obj
 .debug_line    0x0001357f      0x350 CMakeFiles/LowPowerComm.dir/Core/Src/sysmem.c.obj
 .debug_line    0x000138cf       0x7a CMakeFiles/LowPowerComm.dir/startup_stm32f303x8.s.obj
 .debug_line    0x00013949      0x2b0 C:/ST/STM32CubeCLT_1.16.0/GNU-tools-for-STM32/bin/../lib/gcc/arm-none-eabi/12.3.1/../../../../arm-none-eabi/lib/thumb/v7e-m+fp/hard\libg_nano.a(libc_a-sprintf.o)
 .debug_line    0x00013bf9      0x1bc C:/ST/STM32CubeCLT_1.16.0/GNU-tools-for-STM32/bin/../lib/gcc/arm-none-eabi/12.3.1/../../../../arm-none-eabi/lib/thumb/v7e-m+fp/hard\libg_nano.a(libc_a-memmove.o)
 .debug_line    0x00013db5      0x185 C:/ST/STM32CubeCLT_1.16.0/GNU-tools-for-STM32/bin/../lib/gcc/arm-none-eabi/12.3.1/../../../../arm-none-eabi/lib/thumb/v7e-m+fp/hard\libg_nano.a(libc_a-errno.o)
 .debug_line    0x00013f3a       0x50 C:/ST/STM32CubeCLT_1.16.0/GNU-tools-for-STM32/bin/../lib/gcc/arm-none-eabi/12.3.1/../../../../arm-none-eabi/lib/thumb/v7e-m+fp/hard\libg_nano.a(libc_a-strcmp.o)
 .debug_line    0x00013f8a       0xf6 C:/ST/STM32CubeCLT_1.16.0/GNU-tools-for-STM32/bin/../lib/gcc/arm-none-eabi/12.3.1/../../../../arm-none-eabi/lib/thumb/v7e-m+fp/hard\libg_nano.a(libc_a-strcpy.o)
 .debug_line    0x00014080      0x202 C:/ST/STM32CubeCLT_1.16.0/GNU-tools-for-STM32/bin/../lib/gcc/arm-none-eabi/12.3.1/../../../../arm-none-eabi/lib/thumb/v7e-m+fp/hard\libg_nano.a(libc_a-memcpy-stub.o)
 .debug_line    0x00014282       0x4f C:/ST/STM32CubeCLT_1.16.0/GNU-tools-for-STM32/bin/../lib/gcc/arm-none-eabi/12.3.1/../../../../arm-none-eabi/lib/thumb/v7e-m+fp/hard\libg_nano.a(libc_a-strlen.o)
 .debug_line    0x000142d1      0x882 C:/ST/STM32CubeCLT_1.16.0/GNU-tools-for-STM32/bin/../lib/gcc/arm-none-eabi/12.3.1/../../../../arm-none-eabi/lib/thumb/v7e-m+fp/hard\libg_nano.a(libc_a-nano-svfprintf.o)
 .debug_line    0x00014b53      0x74c C:/ST/STM32CubeCLT_1.16.0/GNU-tools-for-STM32/bin/../lib/gcc/arm-none-eabi/12.3.1/../../../../arm-none-eabi/lib/thumb/v7e-m+fp/hard\libg_nano.a(libc_a-nano-vfprintf_i.o)
 .debug_line    0x0001529f       0x84 C:/ST/STM32CubeCLT_1.16.0/GNU-tools-for-STM32/bin/../lib/gcc/arm-none-eabi/12.3.1/../../../../arm-none-eabi/lib/thumb/v7e-m+fp/hard\libg_nano.a(libc_a-memchr.o)
 .debug_line    0x00015323      0x274 C:/ST/STM32CubeCLT_1.16.0/GNU-tools-for-STM32/bin/../lib/gcc/arm-none-eabi/12.3.1/../../../../arm-none-eabi/lib/thumb/v7e-m+fp/hard\libg_nano.a(libc_a-reallocr.o)
 .debug_line    0x00015597      0x205 C:/ST/STM32CubeCLT_1.16.0/GNU-tools-for-STM32/bin/../lib/gcc/arm-none-eabi/12.3.1/../../../../arm-none-eabi/lib/thumb/v7e-m+fp/hard\libg_nano.a(libc_a-msizer.o)

.debug_str      0x00000000    0xa1027
 .debug_str     0x00000000     0x688f CMakeFiles/LowPowerComm.dir/Core/RTTViewer/SEGGER_RTT_printf.c.obj
                               0x6a27 (size before relaxing)
 .debug_str     0x0000688f      0x2fd CMakeFiles/LowPowerComm.dir/Core/RTTViewer/SEGGER_RTT.c.obj
                               0x6920 (size before relaxing)
 .debug_str     0x00006b8c    0x95966 CMakeFiles/LowPowerComm.dir/Core/RF95/RF95.c.obj
                              0x9bd80 (size before relaxing)
 .debug_str     0x0009c4f2      0x58d CMakeFiles/LowPowerComm.dir/Core/Src/main.c.obj
                              0x9bd72 (size before relaxing)
 .debug_str     0x0009ca7f       0xe4 CMakeFiles/LowPowerComm.dir/Core/Src/gpio.c.obj
                              0x96e2a (size before relaxing)
 .debug_str     0x0009cb63      0x364 CMakeFiles/LowPowerComm.dir/Core/Src/i2c.c.obj
                              0x973e6 (size before relaxing)
 .debug_str     0x0009cec7       0x7e CMakeFiles/LowPowerComm.dir/Core/Src/spi.c.obj
                              0x9724e (size before relaxing)